  正在确定要还原的项目…
  所有项目均是最新的，无法还原。
D:\suo\SleepSightPro\Program.cs(9,9): warning CA1416: 可在所有平台上访问此调用站点。"Application.Run(Form)" 仅在 "windows" 6.1 及更高版本 上受支持。 (https://learn.microsoft.com/dotnet/fundamentals/code-analysis/quality-rules/ca1416) [D:\suo\SleepSightPro\SleepSightPro.csproj]
D:\suo\SleepSightPro\Controls\DashboardCard.cs(19,54): warning CA1416: 可在所有平台上访问此调用站点。"Control.Invalidate()" 仅在 "windows" 6.1 及更高版本 上受支持。 (https://learn.microsoft.com/dotnet/fundamentals/code-analysis/quality-rules/ca1416) [D:\suo\SleepSightPro\SleepSightPro.csproj]
D:\suo\SleepSightPro\Controls\DashboardCard.cs(26,54): warning CA1416: 可在所有平台上访问此调用站点。"Control.Invalidate()" 仅在 "windows" 6.1 及更高版本 上受支持。 (https://learn.microsoft.com/dotnet/fundamentals/code-analysis/quality-rules/ca1416) [D:\suo\SleepSightPro\SleepSightPro.csproj]
D:\suo\SleepSightPro\Controls\DashboardCard.cs(33,66): warning CA1416: 可在所有平台上访问此调用站点。"Control.Invalidate()" 仅在 "windows" 6.1 及更高版本 上受支持。 (https://learn.microsoft.com/dotnet/fundamentals/code-analysis/quality-rules/ca1416) [D:\suo\SleepSightPro\SleepSightPro.csproj]
D:\suo\SleepSightPro\MainForm.cs(17,64): warning CA1416: 可在所有平台上访问此调用站点。"GroupBox" 仅在 "windows" 6.1 及更高版本 上受支持。 (https://learn.microsoft.com/dotnet/fundamentals/code-analysis/quality-rules/ca1416) [D:\suo\SleepSightPro\SleepSightPro.csproj]
D:\suo\SleepSightPro\MainForm.cs(16,61): warning CA1416: 可在所有平台上访问此调用站点。"Label" 仅在 "windows" 6.1 及更高版本 上受支持。 (https://learn.microsoft.com/dotnet/fundamentals/code-analysis/quality-rules/ca1416) [D:\suo\SleepSightPro\SleepSightPro.csproj]
D:\suo\SleepSightPro\MainForm.cs(18,63): warning CA1416: 可在所有平台上访问此调用站点。"Button" 仅在 "windows" 6.1 及更高版本 上受支持。 (https://learn.microsoft.com/dotnet/fundamentals/code-analysis/quality-rules/ca1416) [D:\suo\SleepSightPro\SleepSightPro.csproj]
D:\suo\SleepSightPro\MainForm.cs(71,26): warning CA1416: 可在所有平台上访问此调用站点。"Image.FromFile(string)" 仅在 "windows" 6.1 及更高版本 上受支持。 (https://learn.microsoft.com/dotnet/fundamentals/code-analysis/quality-rules/ca1416) [D:\suo\SleepSightPro\SleepSightPro.csproj]
D:\suo\SleepSightPro\MainForm.cs(72,26): warning CA1416: 可在所有平台上访问此调用站点。"Image.FromFile(string)" 仅在 "windows" 6.1 及更高版本 上受支持。 (https://learn.microsoft.com/dotnet/fundamentals/code-analysis/quality-rules/ca1416) [D:\suo\SleepSightPro\SleepSightPro.csproj]
D:\suo\SleepSightPro\MainForm.cs(87,13): warning CA1416: 可在所有平台上访问此调用站点。"ButtonBase.Text" 仅在 "windows" 6.1 及更高版本 上受支持。 (https://learn.microsoft.com/dotnet/fundamentals/code-analysis/quality-rules/ca1416) [D:\suo\SleepSightPro\SleepSightPro.csproj]
D:\suo\SleepSightPro\MainForm.cs(98,29): warning CA1416: 可在所有平台上访问此调用站点。"TabDrawMode.OwnerDrawFixed" 仅在 "windows" 6.1 及更高版本 上受支持。 (https://learn.microsoft.com/dotnet/fundamentals/code-analysis/quality-rules/ca1416) [D:\suo\SleepSightPro\SleepSightPro.csproj]
D:\suo\SleepSightPro\MainForm.cs(91,13): warning CA1416: 可在所有平台上访问此调用站点。"ButtonBase.Text" 仅在 "windows" 6.1 及更高版本 上受支持。 (https://learn.microsoft.com/dotnet/fundamentals/code-analysis/quality-rules/ca1416) [D:\suo\SleepSightPro\SleepSightPro.csproj]
D:\suo\SleepSightPro\MainForm.cs(86,13): warning CA1416: 可在所有平台上访问此调用站点。"ButtonBase.Image" 仅在 "windows" 6.1 及更高版本 上受支持。 (https://learn.microsoft.com/dotnet/fundamentals/code-analysis/quality-rules/ca1416) [D:\suo\SleepSightPro\SleepSightPro.csproj]
D:\suo\SleepSightPro\MainForm.cs(98,9): warning CA1416: 可在所有平台上访问此调用站点。"TabControl.DrawMode" 仅在 "windows" 6.1 及更高版本 上受支持。 (https://learn.microsoft.com/dotnet/fundamentals/code-analysis/quality-rules/ca1416) [D:\suo\SleepSightPro\SleepSightPro.csproj]
D:\suo\SleepSightPro\MainForm.cs(126,9): warning CA1416: 可在所有平台上访问此调用站点。"Control.Left" 仅在 "windows" 6.1 及更高版本 上受支持。 (https://learn.microsoft.com/dotnet/fundamentals/code-analysis/quality-rules/ca1416) [D:\suo\SleepSightPro\SleepSightPro.csproj]
D:\suo\SleepSightPro\MainForm.cs(126,59): warning CA1416: 可在所有平台上访问此调用站点。"Control.PreferredSize" 仅在 "windows" 6.1 及更高版本 上受支持。 (https://learn.microsoft.com/dotnet/fundamentals/code-analysis/quality-rules/ca1416) [D:\suo\SleepSightPro\SleepSightPro.csproj]
D:\suo\SleepSightPro\MainForm.cs(126,30): warning CA1416: 可在所有平台上访问此调用站点。"Control.ClientSize" 仅在 "windows" 6.1 及更高版本 上受支持。 (https://learn.microsoft.com/dotnet/fundamentals/code-analysis/quality-rules/ca1416) [D:\suo\SleepSightPro\SleepSightPro.csproj]
D:\suo\SleepSightPro\Controls\DashboardCard.cs(42,9): warning CA1416: 可在所有平台上访问此调用站点。"Control.BackColor" 仅在 "windows" 6.1 及更高版本 上受支持。 (https://learn.microsoft.com/dotnet/fundamentals/code-analysis/quality-rules/ca1416) [D:\suo\SleepSightPro\SleepSightPro.csproj]
D:\suo\SleepSightPro\Controls\DashboardCard.cs(38,9): warning CA1416: 可在所有平台上访问此调用站点。"Control.SetStyle(ControlStyles, bool)" 仅在 "windows" 6.1 及更高版本 上受支持。 (https://learn.microsoft.com/dotnet/fundamentals/code-analysis/quality-rules/ca1416) [D:\suo\SleepSightPro\SleepSightPro.csproj]
D:\suo\SleepSightPro\Controls\DashboardCard.cs(41,9): warning CA1416: 可在所有平台上访问此调用站点。"Control.Size" 仅在 "windows" 6.1 及更高版本 上受支持。 (https://learn.microsoft.com/dotnet/fundamentals/code-analysis/quality-rules/ca1416) [D:\suo\SleepSightPro\SleepSightPro.csproj]
D:\suo\SleepSightPro\Controls\DashboardCard.cs(39,47): warning CA1416: 可在所有平台上访问此调用站点。"ControlStyles.OptimizedDoubleBuffer" 仅在 "windows" 6.1 及更高版本 上受支持。 (https://learn.microsoft.com/dotnet/fundamentals/code-analysis/quality-rules/ca1416) [D:\suo\SleepSightPro\SleepSightPro.csproj]
D:\suo\SleepSightPro\Controls\DashboardCard.cs(38,55): warning CA1416: 可在所有平台上访问此调用站点。"ControlStyles.UserPaint" 仅在 "windows" 6.1 及更高版本 上受支持。 (https://learn.microsoft.com/dotnet/fundamentals/code-analysis/quality-rules/ca1416) [D:\suo\SleepSightPro\SleepSightPro.csproj]
D:\suo\SleepSightPro\Controls\DashboardCard.cs(39,18): warning CA1416: 可在所有平台上访问此调用站点。"ControlStyles.ResizeRedraw" 仅在 "windows" 6.1 及更高版本 上受支持。 (https://learn.microsoft.com/dotnet/fundamentals/code-analysis/quality-rules/ca1416) [D:\suo\SleepSightPro\SleepSightPro.csproj]
D:\suo\SleepSightPro\Controls\DashboardCard.cs(38,18): warning CA1416: 可在所有平台上访问此调用站点。"ControlStyles.AllPaintingInWmPaint" 仅在 "windows" 6.1 及更高版本 上受支持。 (https://learn.microsoft.com/dotnet/fundamentals/code-analysis/quality-rules/ca1416) [D:\suo\SleepSightPro\SleepSightPro.csproj]
D:\suo\SleepSightPro\Controls\DashboardCard.cs(40,9): warning CA1416: 可在所有平台上访问此调用站点。"Control.MinimumSize" 仅在 "windows" 6.1 及更高版本 上受支持。 (https://learn.microsoft.com/dotnet/fundamentals/code-analysis/quality-rules/ca1416) [D:\suo\SleepSightPro\SleepSightPro.csproj]
D:\suo\SleepSightPro\MainForm.cs(181,9): warning CA1416: 可在所有平台上访问此调用站点。"GroupBox" 仅在 "windows" 6.1 及更高版本 上受支持。 (https://learn.microsoft.com/dotnet/fundamentals/code-analysis/quality-rules/ca1416) [D:\suo\SleepSightPro\SleepSightPro.csproj]
D:\suo\SleepSightPro\MainForm.cs(178,9): warning CA1416: 可在所有平台上访问此调用站点。"GroupBox" 仅在 "windows" 6.1 及更高版本 上受支持。 (https://learn.microsoft.com/dotnet/fundamentals/code-analysis/quality-rules/ca1416) [D:\suo\SleepSightPro\SleepSightPro.csproj]
D:\suo\SleepSightPro\MainForm.cs(177,9): warning CA1416: 可在所有平台上访问此调用站点。"GroupBox" 仅在 "windows" 6.1 及更高版本 上受支持。 (https://learn.microsoft.com/dotnet/fundamentals/code-analysis/quality-rules/ca1416) [D:\suo\SleepSightPro\SleepSightPro.csproj]
D:\suo\SleepSightPro\MainForm.cs(182,9): warning CA1416: 可在所有平台上访问此调用站点。"GroupBox" 仅在 "windows" 6.1 及更高版本 上受支持。 (https://learn.microsoft.com/dotnet/fundamentals/code-analysis/quality-rules/ca1416) [D:\suo\SleepSightPro\SleepSightPro.csproj]
D:\suo\SleepSightPro\MainForm.cs(179,9): warning CA1416: 可在所有平台上访问此调用站点。"GroupBox" 仅在 "windows" 6.1 及更高版本 上受支持。 (https://learn.microsoft.com/dotnet/fundamentals/code-analysis/quality-rules/ca1416) [D:\suo\SleepSightPro\SleepSightPro.csproj]
D:\suo\SleepSightPro\MainForm.cs(176,9): warning CA1416: 可在所有平台上访问此调用站点。"GroupBox" 仅在 "windows" 6.1 及更高版本 上受支持。 (https://learn.microsoft.com/dotnet/fundamentals/code-analysis/quality-rules/ca1416) [D:\suo\SleepSightPro\SleepSightPro.csproj]
D:\suo\SleepSightPro\MainForm.cs(180,9): warning CA1416: 可在所有平台上访问此调用站点。"GroupBox" 仅在 "windows" 6.1 及更高版本 上受支持。 (https://learn.microsoft.com/dotnet/fundamentals/code-analysis/quality-rules/ca1416) [D:\suo\SleepSightPro\SleepSightPro.csproj]
D:\suo\SleepSightPro\Controls\DashboardCard.cs(117,17): warning CA1416: 可在所有平台上访问此调用站点。"Graphics.MeasureString(string?, Font)" 仅在 "windows" 6.1 及更高版本 上受支持。 (https://learn.microsoft.com/dotnet/fundamentals/code-analysis/quality-rules/ca1416) [D:\suo\SleepSightPro\SleepSightPro.csproj]
D:\suo\SleepSightPro\Controls\DashboardCard.cs(110,20): warning CA1416: 可在所有平台上访问此调用站点。"Graphics.MeasureString(string?, Font)" 仅在 "windows" 6.1 及更高版本 上受支持。 (https://learn.microsoft.com/dotnet/fundamentals/code-analysis/quality-rules/ca1416) [D:\suo\SleepSightPro\SleepSightPro.csproj]
D:\suo\SleepSightPro\Controls\DashboardCard.cs(130,9): warning CA1416: 可在所有平台上访问此调用站点。"GraphicsPath.AddArc(int, int, int, int, float, float)" 仅在 "windows" 6.1 及更高版本 上受支持。 (https://learn.microsoft.com/dotnet/fundamentals/code-analysis/quality-rules/ca1416) [D:\suo\SleepSightPro\SleepSightPro.csproj]
D:\suo\SleepSightPro\Controls\DashboardCard.cs(128,9): warning CA1416: 可在所有平台上访问此调用站点。"GraphicsPath.AddArc(int, int, int, int, float, float)" 仅在 "windows" 6.1 及更高版本 上受支持。 (https://learn.microsoft.com/dotnet/fundamentals/code-analysis/quality-rules/ca1416) [D:\suo\SleepSightPro\SleepSightPro.csproj]
D:\suo\SleepSightPro\Controls\DashboardCard.cs(129,9): warning CA1416: 可在所有平台上访问此调用站点。"GraphicsPath.AddArc(int, int, int, int, float, float)" 仅在 "windows" 6.1 及更高版本 上受支持。 (https://learn.microsoft.com/dotnet/fundamentals/code-analysis/quality-rules/ca1416) [D:\suo\SleepSightPro\SleepSightPro.csproj]
D:\suo\SleepSightPro\Controls\DashboardCard.cs(127,9): warning CA1416: 可在所有平台上访问此调用站点。"GraphicsPath.AddArc(int, int, int, int, float, float)" 仅在 "windows" 6.1 及更高版本 上受支持。 (https://learn.microsoft.com/dotnet/fundamentals/code-analysis/quality-rules/ca1416) [D:\suo\SleepSightPro\SleepSightPro.csproj]
D:\suo\SleepSightPro\Controls\DashboardCard.cs(131,9): warning CA1416: 可在所有平台上访问此调用站点。"GraphicsPath.CloseFigure()" 仅在 "windows" 6.1 及更高版本 上受支持。 (https://learn.microsoft.com/dotnet/fundamentals/code-analysis/quality-rules/ca1416) [D:\suo\SleepSightPro\SleepSightPro.csproj]
D:\suo\SleepSightPro\Controls\DashboardCard.cs(125,20): warning CA1416: 可在所有平台上访问此调用站点。"GraphicsPath" 仅在 "windows" 6.1 及更高版本 上受支持。 (https://learn.microsoft.com/dotnet/fundamentals/code-analysis/quality-rules/ca1416) [D:\suo\SleepSightPro\SleepSightPro.csproj]
D:\suo\SleepSightPro\Controls\DashboardCard.cs(92,59): warning CA1416: 可在所有平台上访问此调用站点。"StringAlignment.Near" 仅在 "windows" 6.1 及更高版本 上受支持。 (https://learn.microsoft.com/dotnet/fundamentals/code-analysis/quality-rules/ca1416) [D:\suo\SleepSightPro\SleepSightPro.csproj]
D:\suo\SleepSightPro\Controls\DashboardCard.cs(92,24): warning CA1416: 可在所有平台上访问此调用站点。"StringFormat" 仅在 "windows" 6.1 及更高版本 上受支持。 (https://learn.microsoft.com/dotnet/fundamentals/code-analysis/quality-rules/ca1416) [D:\suo\SleepSightPro\SleepSightPro.csproj]
D:\suo\SleepSightPro\Controls\DashboardCard.cs(80,74): warning CA1416: 可在所有平台上访问此调用站点。"FontStyle.Regular" 仅在 "windows" 6.1 及更高版本 上受支持。 (https://learn.microsoft.com/dotnet/fundamentals/code-analysis/quality-rules/ca1416) [D:\suo\SleepSightPro\SleepSightPro.csproj]
D:\suo\SleepSightPro\Controls\DashboardCard.cs(98,34): warning CA1416: 可在所有平台上访问此调用站点。"SolidBrush" 仅在 "windows" 6.1 及更高版本 上受支持。 (https://learn.microsoft.com/dotnet/fundamentals/code-analysis/quality-rules/ca1416) [D:\suo\SleepSightPro\SleepSightPro.csproj]
D:\suo\SleepSightPro\Controls\DashboardCard.cs(80,31): warning CA1416: 可在所有平台上访问此调用站点。"Font" 仅在 "windows" 6.1 及更高版本 上受支持。 (https://learn.microsoft.com/dotnet/fundamentals/code-analysis/quality-rules/ca1416) [D:\suo\SleepSightPro\SleepSightPro.csproj]
D:\suo\SleepSightPro\Controls\DashboardCard.cs(81,32): warning CA1416: 可在所有平台上访问此调用站点。"SolidBrush" 仅在 "windows" 6.1 及更高版本 上受支持。 (https://learn.microsoft.com/dotnet/fundamentals/code-analysis/quality-rules/ca1416) [D:\suo\SleepSightPro\SleepSightPro.csproj]
D:\suo\SleepSightPro\Controls\DashboardCard.cs(49,27): warning CA1416: 可在所有平台上访问此调用站点。"SmoothingMode.AntiAlias" 仅在 "windows" 6.1 及更高版本 上受支持。 (https://learn.microsoft.com/dotnet/fundamentals/code-analysis/quality-rules/ca1416) [D:\suo\SleepSightPro\SleepSightPro.csproj]
D:\suo\SleepSightPro\Controls\DashboardCard.cs(88,32): warning CA1416: 可在所有平台上访问此调用站点。"SolidBrush" 仅在 "windows" 6.1 及更高版本 上受支持。 (https://learn.microsoft.com/dotnet/fundamentals/code-analysis/quality-rules/ca1416) [D:\suo\SleepSightPro\SleepSightPro.csproj]
D:\suo\SleepSightPro\Controls\DashboardCard.cs(69,9): warning CA1416: 可在所有平台上访问此调用站点。"Graphics.DrawPath(Pen, GraphicsPath)" 仅在 "windows" 6.1 及更高版本 上受支持。 (https://learn.microsoft.com/dotnet/fundamentals/code-analysis/quality-rules/ca1416) [D:\suo\SleepSightPro\SleepSightPro.csproj]
D:\suo\SleepSightPro\Controls\DashboardCard.cs(48,17): warning CA1416: 可在所有平台上访问此调用站点。"PaintEventArgs.Graphics" 仅在 "windows" 6.1 及更高版本 上受支持。 (https://learn.microsoft.com/dotnet/fundamentals/code-analysis/quality-rules/ca1416) [D:\suo\SleepSightPro\SleepSightPro.csproj]
D:\suo\SleepSightPro\Controls\DashboardCard.cs(64,31): warning CA1416: 可在所有平台上访问此调用站点。"Pen" 仅在 "windows" 6.1 及更高版本 上受支持。 (https://learn.microsoft.com/dotnet/fundamentals/code-analysis/quality-rules/ca1416) [D:\suo\SleepSightPro\SleepSightPro.csproj]
D:\suo\SleepSightPro\Controls\DashboardCard.cs(87,74): warning CA1416: 可在所有平台上访问此调用站点。"FontStyle.Bold" 仅在 "windows" 6.1 及更高版本 上受支持。 (https://learn.microsoft.com/dotnet/fundamentals/code-analysis/quality-rules/ca1416) [D:\suo\SleepSightPro\SleepSightPro.csproj]
D:\suo\SleepSightPro\Controls\DashboardCard.cs(84,9): warning CA1416: 可在所有平台上访问此调用站点。"Graphics.DrawString(string?, Font, Brush, float, float)" 仅在 "windows" 6.1 及更高版本 上受支持。 (https://learn.microsoft.com/dotnet/fundamentals/code-analysis/quality-rules/ca1416) [D:\suo\SleepSightPro\SleepSightPro.csproj]
D:\suo\SleepSightPro\Controls\DashboardCard.cs(87,31): warning CA1416: 可在所有平台上访问此调用站点。"Font" 仅在 "windows" 6.1 及更高版本 上受支持。 (https://learn.microsoft.com/dotnet/fundamentals/code-analysis/quality-rules/ca1416) [D:\suo\SleepSightPro\SleepSightPro.csproj]
D:\suo\SleepSightPro\Controls\DashboardCard.cs(93,9): warning CA1416: 可在所有平台上访问此调用站点。"Graphics.DrawString(string?, Font, Brush, RectangleF, StringFormat?)" 仅在 "windows" 6.1 及更高版本 上受支持。 (https://learn.microsoft.com/dotnet/fundamentals/code-analysis/quality-rules/ca1416) [D:\suo\SleepSightPro\SleepSightPro.csproj]
D:\suo\SleepSightPro\Controls\DashboardCard.cs(100,13): warning CA1416: 可在所有平台上访问此调用站点。"Graphics.FillEllipse(Brush, int, int, int, int)" 仅在 "windows" 6.1 及更高版本 上受支持。 (https://learn.microsoft.com/dotnet/fundamentals/code-analysis/quality-rules/ca1416) [D:\suo\SleepSightPro\SleepSightPro.csproj]
D:\suo\SleepSightPro\Controls\DashboardCard.cs(47,9): warning CA1416: 可在所有平台上访问此调用站点。"Control.OnPaint(PaintEventArgs)" 仅在 "windows" 6.1 及更高版本 上受支持。 (https://learn.microsoft.com/dotnet/fundamentals/code-analysis/quality-rules/ca1416) [D:\suo\SleepSightPro\SleepSightPro.csproj]
D:\suo\SleepSightPro\Controls\DashboardCard.cs(58,29): warning CA1416: 可在所有平台上访问此调用站点。"SolidBrush" 仅在 "windows" 6.1 及更高版本 上受支持。 (https://learn.microsoft.com/dotnet/fundamentals/code-analysis/quality-rules/ca1416) [D:\suo\SleepSightPro\SleepSightPro.csproj]
D:\suo\SleepSightPro\Controls\DashboardCard.cs(92,43): warning CA1416: 可在所有平台上访问此调用站点。"StringFormat.LineAlignment" 仅在 "windows" 6.1 及更高版本 上受支持。 (https://learn.microsoft.com/dotnet/fundamentals/code-analysis/quality-rules/ca1416) [D:\suo\SleepSightPro\SleepSightPro.csproj]
D:\suo\SleepSightPro\Controls\DashboardCard.cs(51,20): warning CA1416: 可在所有平台上访问此调用站点。"Control.ClientRectangle" 仅在 "windows" 6.1 及更高版本 上受支持。 (https://learn.microsoft.com/dotnet/fundamentals/code-analysis/quality-rules/ca1416) [D:\suo\SleepSightPro\SleepSightPro.csproj]
D:\suo\SleepSightPro\Controls\DashboardCard.cs(49,9): warning CA1416: 可在所有平台上访问此调用站点。"Graphics.SmoothingMode" 仅在 "windows" 6.1 及更高版本 上受支持。 (https://learn.microsoft.com/dotnet/fundamentals/code-analysis/quality-rules/ca1416) [D:\suo\SleepSightPro\SleepSightPro.csproj]
D:\suo\SleepSightPro\Controls\DashboardCard.cs(65,9): warning CA1416: 可在所有平台上访问此调用站点。"Graphics.DrawLine(Pen, int, int, int, int)" 仅在 "windows" 6.1 及更高版本 上受支持。 (https://learn.microsoft.com/dotnet/fundamentals/code-analysis/quality-rules/ca1416) [D:\suo\SleepSightPro\SleepSightPro.csproj]
D:\suo\SleepSightPro\Controls\DashboardCard.cs(59,9): warning CA1416: 可在所有平台上访问此调用站点。"Graphics.FillPath(Brush, GraphicsPath)" 仅在 "windows" 6.1 及更高版本 上受支持。 (https://learn.microsoft.com/dotnet/fundamentals/code-analysis/quality-rules/ca1416) [D:\suo\SleepSightPro\SleepSightPro.csproj]
D:\suo\SleepSightPro\Controls\DashboardCard.cs(68,31): warning CA1416: 可在所有平台上访问此调用站点。"Pen" 仅在 "windows" 6.1 及更高版本 上受支持。 (https://learn.microsoft.com/dotnet/fundamentals/code-analysis/quality-rules/ca1416) [D:\suo\SleepSightPro\SleepSightPro.csproj]
D:\suo\SleepSightPro\MainForm.cs(569,9): warning CA1416: 可在所有平台上访问此调用站点。"Control.MouseDoubleClick" 仅在 "windows" 6.1 及更高版本 上受支持。 (https://learn.microsoft.com/dotnet/fundamentals/code-analysis/quality-rules/ca1416) [D:\suo\SleepSightPro\SleepSightPro.csproj]
D:\suo\SleepSightPro\MainForm.cs(568,9): warning CA1416: 可在所有平台上访问此调用站点。"Control.Resize" 仅在 "windows" 6.1 及更高版本 上受支持。 (https://learn.microsoft.com/dotnet/fundamentals/code-analysis/quality-rules/ca1416) [D:\suo\SleepSightPro\SleepSightPro.csproj]
D:\suo\SleepSightPro\MainForm.cs(577,20): warning CA1416: 可在所有平台上访问此调用站点。"Control.Width" 仅在 "windows" 6.1 及更高版本 上受支持。 (https://learn.microsoft.com/dotnet/fundamentals/code-analysis/quality-rules/ca1416) [D:\suo\SleepSightPro\SleepSightPro.csproj]
D:\suo\SleepSightPro\MainForm.cs(579,9): warning CA1416: 可在所有平台上访问此调用站点。"ScrollableControl.AutoScrollMinSize" 仅在 "windows" 6.1 及更高版本 上受支持。 (https://learn.microsoft.com/dotnet/fundamentals/code-analysis/quality-rules/ca1416) [D:\suo\SleepSightPro\SleepSightPro.csproj]
D:\suo\SleepSightPro\MainForm.cs(619,9): warning CA1416: 可在所有平台上访问此调用站点。"Control.Invalidate()" 仅在 "windows" 6.1 及更高版本 上受支持。 (https://learn.microsoft.com/dotnet/fundamentals/code-analysis/quality-rules/ca1416) [D:\suo\SleepSightPro\SleepSightPro.csproj]
D:\suo\SleepSightPro\MainForm.cs(635,22): warning CA1416: 可在所有平台上访问此调用站点。"Control.Width" 仅在 "windows" 6.1 及更高版本 上受支持。 (https://learn.microsoft.com/dotnet/fundamentals/code-analysis/quality-rules/ca1416) [D:\suo\SleepSightPro\SleepSightPro.csproj]
D:\suo\SleepSightPro\MainForm.cs(631,24): warning CA1416: 可在所有平台上访问此调用站点。"ScrollableControl.AutoScrollPosition" 仅在 "windows" 6.1 及更高版本 上受支持。 (https://learn.microsoft.com/dotnet/fundamentals/code-analysis/quality-rules/ca1416) [D:\suo\SleepSightPro\SleepSightPro.csproj]
D:\suo\SleepSightPro\MainForm.cs(632,21): warning CA1416: 可在所有平台上访问此调用站点。"MouseEventArgs.X" 仅在 "windows" 6.1 及更高版本 上受支持。 (https://learn.microsoft.com/dotnet/fundamentals/code-analysis/quality-rules/ca1416) [D:\suo\SleepSightPro\SleepSightPro.csproj]
D:\suo\SleepSightPro\MainForm.cs(633,21): warning CA1416: 可在所有平台上访问此调用站点。"MouseEventArgs.Y" 仅在 "windows" 6.1 及更高版本 上受支持。 (https://learn.microsoft.com/dotnet/fundamentals/code-analysis/quality-rules/ca1416) [D:\suo\SleepSightPro\SleepSightPro.csproj]
D:\suo\SleepSightPro\MainForm.cs(699,9): warning CA1416: 可在所有平台上访问此调用站点。"Graphics.TextRenderingHint" 仅在 "windows" 6.1 及更高版本 上受支持。 (https://learn.microsoft.com/dotnet/fundamentals/code-analysis/quality-rules/ca1416) [D:\suo\SleepSightPro\SleepSightPro.csproj]
D:\suo\SleepSightPro\MainForm.cs(705,33): warning CA1416: 可在所有平台上访问此调用站点。"Control.Width" 仅在 "windows" 6.1 及更高版本 上受支持。 (https://learn.microsoft.com/dotnet/fundamentals/code-analysis/quality-rules/ca1416) [D:\suo\SleepSightPro\SleepSightPro.csproj]
D:\suo\SleepSightPro\MainForm.cs(703,24): warning CA1416: 可在所有平台上访问此调用站点。"ScrollableControl.AutoScrollPosition" 仅在 "windows" 6.1 及更高版本 上受支持。 (https://learn.microsoft.com/dotnet/fundamentals/code-analysis/quality-rules/ca1416) [D:\suo\SleepSightPro\SleepSightPro.csproj]
D:\suo\SleepSightPro\MainForm.cs(697,17): warning CA1416: 可在所有平台上访问此调用站点。"PaintEventArgs.Graphics" 仅在 "windows" 6.1 及更高版本 上受支持。 (https://learn.microsoft.com/dotnet/fundamentals/code-analysis/quality-rules/ca1416) [D:\suo\SleepSightPro\SleepSightPro.csproj]
D:\suo\SleepSightPro\MainForm.cs(699,31): warning CA1416: 可在所有平台上访问此调用站点。"TextRenderingHint.ClearTypeGridFit" 仅在 "windows" 6.1 及更高版本 上受支持。 (https://learn.microsoft.com/dotnet/fundamentals/code-analysis/quality-rules/ca1416) [D:\suo\SleepSightPro\SleepSightPro.csproj]
D:\suo\SleepSightPro\MainForm.cs(698,9): warning CA1416: 可在所有平台上访问此调用站点。"Graphics.SmoothingMode" 仅在 "windows" 6.1 及更高版本 上受支持。 (https://learn.microsoft.com/dotnet/fundamentals/code-analysis/quality-rules/ca1416) [D:\suo\SleepSightPro\SleepSightPro.csproj]
D:\suo\SleepSightPro\MainForm.cs(698,27): warning CA1416: 可在所有平台上访问此调用站点。"SmoothingMode.AntiAlias" 仅在 "windows" 6.1 及更高版本 上受支持。 (https://learn.microsoft.com/dotnet/fundamentals/code-analysis/quality-rules/ca1416) [D:\suo\SleepSightPro\SleepSightPro.csproj]
D:\suo\SleepSightPro\MainForm.cs(704,9): warning CA1416: 可在所有平台上访问此调用站点。"Graphics.TranslateTransform(float, float)" 仅在 "windows" 6.1 及更高版本 上受支持。 (https://learn.microsoft.com/dotnet/fundamentals/code-analysis/quality-rules/ca1416) [D:\suo\SleepSightPro\SleepSightPro.csproj]
D:\suo\SleepSightPro\MainForm.cs(673,13): warning CA1416: 可在所有平台上访问此调用站点。"Bitmap.SetResolution(float, float)" 仅在 "windows" 6.1 及更高版本 上受支持。 (https://learn.microsoft.com/dotnet/fundamentals/code-analysis/quality-rules/ca1416) [D:\suo\SleepSightPro\SleepSightPro.csproj]
D:\suo\SleepSightPro\MainForm.cs(672,29): warning CA1416: 可在所有平台上访问此调用站点。"Bitmap" 仅在 "windows" 6.1 及更高版本 上受支持。 (https://learn.microsoft.com/dotnet/fundamentals/code-analysis/quality-rules/ca1416) [D:\suo\SleepSightPro\SleepSightPro.csproj]
D:\suo\SleepSightPro\MainForm.cs(676,13): warning CA1416: 可在所有平台上访问此调用站点。"Graphics.SmoothingMode" 仅在 "windows" 6.1 及更高版本 上受支持。 (https://learn.microsoft.com/dotnet/fundamentals/code-analysis/quality-rules/ca1416) [D:\suo\SleepSightPro\SleepSightPro.csproj]
D:\suo\SleepSightPro\MainForm.cs(689,13): warning CA1416: 可在所有平台上访问此调用站点。"ToolStripItem.Text" 仅在 "windows" 6.1 及更高版本 上受支持。 (https://learn.microsoft.com/dotnet/fundamentals/code-analysis/quality-rules/ca1416) [D:\suo\SleepSightPro\SleepSightPro.csproj]
D:\suo\SleepSightPro\MainForm.cs(676,31): warning CA1416: 可在所有平台上访问此调用站点。"SmoothingMode.AntiAlias" 仅在 "windows" 6.1 及更高版本 上受支持。 (https://learn.microsoft.com/dotnet/fundamentals/code-analysis/quality-rules/ca1416) [D:\suo\SleepSightPro\SleepSightPro.csproj]
D:\suo\SleepSightPro\MainForm.cs(685,13): warning CA1416: 可在所有平台上访问此调用站点。"ToolStripItem.Text" 仅在 "windows" 6.1 及更高版本 上受支持。 (https://learn.microsoft.com/dotnet/fundamentals/code-analysis/quality-rules/ca1416) [D:\suo\SleepSightPro\SleepSightPro.csproj]
D:\suo\SleepSightPro\MainForm.cs(677,35): warning CA1416: 可在所有平台上访问此调用站点。"TextRenderingHint.ClearTypeGridFit" 仅在 "windows" 6.1 及更高版本 上受支持。 (https://learn.microsoft.com/dotnet/fundamentals/code-analysis/quality-rules/ca1416) [D:\suo\SleepSightPro\SleepSightPro.csproj]
D:\suo\SleepSightPro\MainForm.cs(677,13): warning CA1416: 可在所有平台上访问此调用站点。"Graphics.TextRenderingHint" 仅在 "windows" 6.1 及更高版本 上受支持。 (https://learn.microsoft.com/dotnet/fundamentals/code-analysis/quality-rules/ca1416) [D:\suo\SleepSightPro\SleepSightPro.csproj]
D:\suo\SleepSightPro\MainForm.cs(675,27): warning CA1416: 可在所有平台上访问此调用站点。"Graphics.FromImage(Image)" 仅在 "windows" 6.1 及更高版本 上受支持。 (https://learn.microsoft.com/dotnet/fundamentals/code-analysis/quality-rules/ca1416) [D:\suo\SleepSightPro\SleepSightPro.csproj]
D:\suo\SleepSightPro\MainForm.cs(680,13): warning CA1416: 可在所有平台上访问此调用站点。"Clipboard.SetImage(Image)" 仅在 "windows" 6.1 及更高版本 上受支持。 (https://learn.microsoft.com/dotnet/fundamentals/code-analysis/quality-rules/ca1416) [D:\suo\SleepSightPro\SleepSightPro.csproj]
D:\suo\SleepSightPro\MainForm.cs(1120,28): warning CA1416: 可在所有平台上访问此调用站点。"TextBoxBase.Clear()" 仅在 "windows" 6.1 及更高版本 上受支持。 (https://learn.microsoft.com/dotnet/fundamentals/code-analysis/quality-rules/ca1416) [D:\suo\SleepSightPro\SleepSightPro.csproj]
D:\suo\SleepSightPro\MainForm.cs(1107,9): warning CA1416: 可在所有平台上访问此调用站点。"GraphicsPath.CloseFigure()" 仅在 "windows" 6.1 及更高版本 上受支持。 (https://learn.microsoft.com/dotnet/fundamentals/code-analysis/quality-rules/ca1416) [D:\suo\SleepSightPro\SleepSightPro.csproj]
D:\suo\SleepSightPro\MainForm.cs(1101,20): warning CA1416: 可在所有平台上访问此调用站点。"GraphicsPath" 仅在 "windows" 6.1 及更高版本 上受支持。 (https://learn.microsoft.com/dotnet/fundamentals/code-analysis/quality-rules/ca1416) [D:\suo\SleepSightPro\SleepSightPro.csproj]
D:\suo\SleepSightPro\MainForm.cs(1105,9): warning CA1416: 可在所有平台上访问此调用站点。"GraphicsPath.AddArc(float, float, float, float, float, float)" 仅在 "windows" 6.1 及更高版本 上受支持。 (https://learn.microsoft.com/dotnet/fundamentals/code-analysis/quality-rules/ca1416) [D:\suo\SleepSightPro\SleepSightPro.csproj]
D:\suo\SleepSightPro\MainForm.cs(1104,9): warning CA1416: 可在所有平台上访问此调用站点。"GraphicsPath.AddArc(float, float, float, float, float, float)" 仅在 "windows" 6.1 及更高版本 上受支持。 (https://learn.microsoft.com/dotnet/fundamentals/code-analysis/quality-rules/ca1416) [D:\suo\SleepSightPro\SleepSightPro.csproj]
D:\suo\SleepSightPro\MainForm.cs(1103,9): warning CA1416: 可在所有平台上访问此调用站点。"GraphicsPath.AddArc(float, float, float, float, float, float)" 仅在 "windows" 6.1 及更高版本 上受支持。 (https://learn.microsoft.com/dotnet/fundamentals/code-analysis/quality-rules/ca1416) [D:\suo\SleepSightPro\SleepSightPro.csproj]
D:\suo\SleepSightPro\MainForm.cs(1106,9): warning CA1416: 可在所有平台上访问此调用站点。"GraphicsPath.AddArc(float, float, float, float, float, float)" 仅在 "windows" 6.1 及更高版本 上受支持。 (https://learn.microsoft.com/dotnet/fundamentals/code-analysis/quality-rules/ca1416) [D:\suo\SleepSightPro\SleepSightPro.csproj]
D:\suo\SleepSightPro\MainForm.cs(1142,13): warning CA1416: 可在所有平台上访问此调用站点。"ButtonBase.Text" 仅在 "windows" 6.1 及更高版本 上受支持。 (https://learn.microsoft.com/dotnet/fundamentals/code-analysis/quality-rules/ca1416) [D:\suo\SleepSightPro\SleepSightPro.csproj]
D:\suo\SleepSightPro\MainForm.cs(1138,13): warning CA1416: 可在所有平台上访问此调用站点。"ButtonBase.Text" 仅在 "windows" 6.1 及更高版本 上受支持。 (https://learn.microsoft.com/dotnet/fundamentals/code-analysis/quality-rules/ca1416) [D:\suo\SleepSightPro\SleepSightPro.csproj]
D:\suo\SleepSightPro\MainForm.cs(1137,13): warning CA1416: 可在所有平台上访问此调用站点。"ButtonBase.Image" 仅在 "windows" 6.1 及更高版本 上受支持。 (https://learn.microsoft.com/dotnet/fundamentals/code-analysis/quality-rules/ca1416) [D:\suo\SleepSightPro\SleepSightPro.csproj]
D:\suo\SleepSightPro\MainForm.cs(1161,82): warning CA1416: 可在所有平台上访问此调用站点。"ListView.ListViewItemCollection.Clear()" 仅在 "windows" 6.1 及更高版本 上受支持。 (https://learn.microsoft.com/dotnet/fundamentals/code-analysis/quality-rules/ca1416) [D:\suo\SleepSightPro\SleepSightPro.csproj]
D:\suo\SleepSightPro\MainForm.cs(1161,82): warning CA1416: 可在所有平台上访问此调用站点。"ListView.Items" 仅在 "windows" 6.1 及更高版本 上受支持。 (https://learn.microsoft.com/dotnet/fundamentals/code-analysis/quality-rules/ca1416) [D:\suo\SleepSightPro\SleepSightPro.csproj]
D:\suo\SleepSightPro\MainForm.cs(1167,13): warning CA1416: 可在所有平台上访问此调用站点。"TextBoxBase.Clear()" 仅在 "windows" 6.1 及更高版本 上受支持。 (https://learn.microsoft.com/dotnet/fundamentals/code-analysis/quality-rules/ca1416) [D:\suo\SleepSightPro\SleepSightPro.csproj]
D:\suo\SleepSightPro\MainForm.cs(1170,13): warning CA1416: 可在所有平台上访问此调用站点。"Label.Text" 仅在 "windows" 6.1 及更高版本 上受支持。 (https://learn.microsoft.com/dotnet/fundamentals/code-analysis/quality-rules/ca1416) [D:\suo\SleepSightPro\SleepSightPro.csproj]
D:\suo\SleepSightPro\MainForm.cs(967,13): warning CA1416: 可在所有平台上访问此调用站点。"Graphics.DrawLine(Pen, int, int, int, int)" 仅在 "windows" 6.1 及更高版本 上受支持。 (https://learn.microsoft.com/dotnet/fundamentals/code-analysis/quality-rules/ca1416) [D:\suo\SleepSightPro\SleepSightPro.csproj]
D:\suo\SleepSightPro\MainForm.cs(911,29): warning CA1416: 可在所有平台上访问此调用站点。"SolidBrush" 仅在 "windows" 6.1 及更高版本 上受支持。 (https://learn.microsoft.com/dotnet/fundamentals/code-analysis/quality-rules/ca1416) [D:\suo\SleepSightPro\SleepSightPro.csproj]
D:\suo\SleepSightPro\MainForm.cs(980,13): warning CA1416: 可在所有平台上访问此调用站点。"Graphics.DrawLine(Pen, int, int, int, int)" 仅在 "windows" 6.1 及更高版本 上受支持。 (https://learn.microsoft.com/dotnet/fundamentals/code-analysis/quality-rules/ca1416) [D:\suo\SleepSightPro\SleepSightPro.csproj]
D:\suo\SleepSightPro\MainForm.cs(907,34): warning CA1416: 可在所有平台上访问此调用站点。"SolidBrush" 仅在 "windows" 6.1 及更高版本 上受支持。 (https://learn.microsoft.com/dotnet/fundamentals/code-analysis/quality-rules/ca1416) [D:\suo\SleepSightPro\SleepSightPro.csproj]
D:\suo\SleepSightPro\MainForm.cs(970,32): warning CA1416: 可在所有平台上访问此调用站点。"SolidBrush" 仅在 "windows" 6.1 及更高版本 上受支持。 (https://learn.microsoft.com/dotnet/fundamentals/code-analysis/quality-rules/ca1416) [D:\suo\SleepSightPro\SleepSightPro.csproj]
D:\suo\SleepSightPro\MainForm.cs(920,34): warning CA1416: 可在所有平台上访问此调用站点。"SolidBrush" 仅在 "windows" 6.1 及更高版本 上受支持。 (https://learn.microsoft.com/dotnet/fundamentals/code-analysis/quality-rules/ca1416) [D:\suo\SleepSightPro\SleepSightPro.csproj]
D:\suo\SleepSightPro\MainForm.cs(994,13): warning CA1416: 可在所有平台上访问此调用站点。"Graphics.DrawString(string?, Font, Brush, float, float)" 仅在 "windows" 6.1 及更高版本 上受支持。 (https://learn.microsoft.com/dotnet/fundamentals/code-analysis/quality-rules/ca1416) [D:\suo\SleepSightPro\SleepSightPro.csproj]
D:\suo\SleepSightPro\MainForm.cs(935,13): warning CA1416: 可在所有平台上访问此调用站点。"Graphics.DrawEllipse(Pen, Rectangle)" 仅在 "windows" 6.1 及更高版本 上受支持。 (https://learn.microsoft.com/dotnet/fundamentals/code-analysis/quality-rules/ca1416) [D:\suo\SleepSightPro\SleepSightPro.csproj]
D:\suo\SleepSightPro\MainForm.cs(955,29): warning CA1416: 可在所有平台上访问此调用站点。"SolidBrush" 仅在 "windows" 6.1 及更高版本 上受支持。 (https://learn.microsoft.com/dotnet/fundamentals/code-analysis/quality-rules/ca1416) [D:\suo\SleepSightPro\SleepSightPro.csproj]
D:\suo\SleepSightPro\MainForm.cs(932,30): warning CA1416: 可在所有平台上访问此调用站点。"SolidBrush" 仅在 "windows" 6.1 及更高版本 上受支持。 (https://learn.microsoft.com/dotnet/fundamentals/code-analysis/quality-rules/ca1416) [D:\suo\SleepSightPro\SleepSightPro.csproj]
D:\suo\SleepSightPro\MainForm.cs(993,13): warning CA1416: 可在所有平台上访问此调用站点。"Graphics.DrawString(string?, Font, Brush, float, float)" 仅在 "windows" 6.1 及更高版本 上受支持。 (https://learn.microsoft.com/dotnet/fundamentals/code-analysis/quality-rules/ca1416) [D:\suo\SleepSightPro\SleepSightPro.csproj]
D:\suo\SleepSightPro\MainForm.cs(937,21): warning CA1416: 可在所有平台上访问此调用站点。"Graphics.MeasureString(string?, Font)" 仅在 "windows" 6.1 及更高版本 上受支持。 (https://learn.microsoft.com/dotnet/fundamentals/code-analysis/quality-rules/ca1416) [D:\suo\SleepSightPro\SleepSightPro.csproj]
D:\suo\SleepSightPro\MainForm.cs(916,13): warning CA1416: 可在所有平台上访问此调用站点。"Graphics.DrawPath(Pen, GraphicsPath)" 仅在 "windows" 6.1 及更高版本 上受支持。 (https://learn.microsoft.com/dotnet/fundamentals/code-analysis/quality-rules/ca1416) [D:\suo\SleepSightPro\SleepSightPro.csproj]
D:\suo\SleepSightPro\MainForm.cs(958,22): warning CA1416: 可在所有平台上访问此调用站点。"Graphics.MeasureString(string?, Font)" 仅在 "windows" 6.1 及更高版本 上受支持。 (https://learn.microsoft.com/dotnet/fundamentals/code-analysis/quality-rules/ca1416) [D:\suo\SleepSightPro\SleepSightPro.csproj]
D:\suo\SleepSightPro\MainForm.cs(986,37): warning CA1416: 可在所有平台上访问此调用站点。"SolidBrush" 仅在 "windows" 6.1 及更高版本 上受支持。 (https://learn.microsoft.com/dotnet/fundamentals/code-analysis/quality-rules/ca1416) [D:\suo\SleepSightPro\SleepSightPro.csproj]
D:\suo\SleepSightPro\MainForm.cs(966,29): warning CA1416: 可在所有平台上访问此调用站点。"Pen" 仅在 "windows" 6.1 及更高版本 上受支持。 (https://learn.microsoft.com/dotnet/fundamentals/code-analysis/quality-rules/ca1416) [D:\suo\SleepSightPro\SleepSightPro.csproj]
D:\suo\SleepSightPro\MainForm.cs(938,31): warning CA1416: 可在所有平台上访问此调用站点。"SolidBrush" 仅在 "windows" 6.1 及更高版本 上受支持。 (https://learn.microsoft.com/dotnet/fundamentals/code-analysis/quality-rules/ca1416) [D:\suo\SleepSightPro\SleepSightPro.csproj]
D:\suo\SleepSightPro\MainForm.cs(959,13): warning CA1416: 可在所有平台上访问此调用站点。"Graphics.DrawString(string?, Font, Brush, float, float)" 仅在 "windows" 6.1 及更高版本 上受支持。 (https://learn.microsoft.com/dotnet/fundamentals/code-analysis/quality-rules/ca1416) [D:\suo\SleepSightPro\SleepSightPro.csproj]
D:\suo\SleepSightPro\MainForm.cs(990,34): warning CA1416: 可在所有平台上访问此调用站点。"SolidBrush" 仅在 "windows" 6.1 及更高版本 上受支持。 (https://learn.microsoft.com/dotnet/fundamentals/code-analysis/quality-rules/ca1416) [D:\suo\SleepSightPro\SleepSightPro.csproj]
D:\suo\SleepSightPro\MainForm.cs(951,13): warning CA1416: 可在所有平台上访问此调用站点。"Graphics.DrawLine(Pen, int, int, int, int)" 仅在 "windows" 6.1 及更高版本 上受支持。 (https://learn.microsoft.com/dotnet/fundamentals/code-analysis/quality-rules/ca1416) [D:\suo\SleepSightPro\SleepSightPro.csproj]
D:\suo\SleepSightPro\MainForm.cs(945,33): warning CA1416: 可在所有平台上访问此调用站点。"SolidBrush" 仅在 "windows" 6.1 及更高版本 上受支持。 (https://learn.microsoft.com/dotnet/fundamentals/code-analysis/quality-rules/ca1416) [D:\suo\SleepSightPro\SleepSightPro.csproj]
D:\suo\SleepSightPro\MainForm.cs(988,13): warning CA1416: 可在所有平台上访问此调用站点。"Graphics.FillPath(Brush, GraphicsPath)" 仅在 "windows" 6.1 及更高版本 上受支持。 (https://learn.microsoft.com/dotnet/fundamentals/code-analysis/quality-rules/ca1416) [D:\suo\SleepSightPro\SleepSightPro.csproj]
D:\suo\SleepSightPro\MainForm.cs(950,29): warning CA1416: 可在所有平台上访问此调用站点。"Pen" 仅在 "windows" 6.1 及更高版本 上受支持。 (https://learn.microsoft.com/dotnet/fundamentals/code-analysis/quality-rules/ca1416) [D:\suo\SleepSightPro\SleepSightPro.csproj]
D:\suo\SleepSightPro\MainForm.cs(923,13): warning CA1416: 可在所有平台上访问此调用站点。"Graphics.FillPath(Brush, GraphicsPath)" 仅在 "windows" 6.1 及更高版本 上受支持。 (https://learn.microsoft.com/dotnet/fundamentals/code-analysis/quality-rules/ca1416) [D:\suo\SleepSightPro\SleepSightPro.csproj]
D:\suo\SleepSightPro\MainForm.cs(913,33): warning CA1416: 可在所有平台上访问此调用站点。"Pen" 仅在 "windows" 6.1 及更高版本 上受支持。 (https://learn.microsoft.com/dotnet/fundamentals/code-analysis/quality-rules/ca1416) [D:\suo\SleepSightPro\SleepSightPro.csproj]
D:\suo\SleepSightPro\MainForm.cs(908,13): warning CA1416: 可在所有平台上访问此调用站点。"Graphics.FillPath(Brush, GraphicsPath)" 仅在 "windows" 6.1 及更高版本 上受支持。 (https://learn.microsoft.com/dotnet/fundamentals/code-analysis/quality-rules/ca1416) [D:\suo\SleepSightPro\SleepSightPro.csproj]
D:\suo\SleepSightPro\MainForm.cs(933,13): warning CA1416: 可在所有平台上访问此调用站点。"Graphics.FillEllipse(Brush, Rectangle)" 仅在 "windows" 6.1 及更高版本 上受支持。 (https://learn.microsoft.com/dotnet/fundamentals/code-analysis/quality-rules/ca1416) [D:\suo\SleepSightPro\SleepSightPro.csproj]
D:\suo\SleepSightPro\MainForm.cs(973,13): warning CA1416: 可在所有平台上访问此调用站点。"Graphics.DrawString(string?, Font, Brush, float, float)" 仅在 "windows" 6.1 及更高版本 上受支持。 (https://learn.microsoft.com/dotnet/fundamentals/code-analysis/quality-rules/ca1416) [D:\suo\SleepSightPro\SleepSightPro.csproj]
D:\suo\SleepSightPro\MainForm.cs(946,13): warning CA1416: 可在所有平台上访问此调用站点。"Graphics.DrawString(string?, Font, Brush, float, float)" 仅在 "windows" 6.1 及更高版本 上受支持。 (https://learn.microsoft.com/dotnet/fundamentals/code-analysis/quality-rules/ca1416) [D:\suo\SleepSightPro\SleepSightPro.csproj]
D:\suo\SleepSightPro\MainForm.cs(979,29): warning CA1416: 可在所有平台上访问此调用站点。"Pen" 仅在 "windows" 6.1 及更高版本 上受支持。 (https://learn.microsoft.com/dotnet/fundamentals/code-analysis/quality-rules/ca1416) [D:\suo\SleepSightPro\SleepSightPro.csproj]
D:\suo\SleepSightPro\MainForm.cs(934,31): warning CA1416: 可在所有平台上访问此调用站点。"Pen" 仅在 "windows" 6.1 及更高版本 上受支持。 (https://learn.microsoft.com/dotnet/fundamentals/code-analysis/quality-rules/ca1416) [D:\suo\SleepSightPro\SleepSightPro.csproj]
D:\suo\SleepSightPro\MainForm.cs(991,39): warning CA1416: 可在所有平台上访问此调用站点。"SolidBrush" 仅在 "windows" 6.1 及更高版本 上受支持。 (https://learn.microsoft.com/dotnet/fundamentals/code-analysis/quality-rules/ca1416) [D:\suo\SleepSightPro\SleepSightPro.csproj]
D:\suo\SleepSightPro\MainForm.cs(939,13): warning CA1416: 可在所有平台上访问此调用站点。"Graphics.DrawString(string?, Font, Brush, float, float)" 仅在 "windows" 6.1 及更高版本 上受支持。 (https://learn.microsoft.com/dotnet/fundamentals/code-analysis/quality-rules/ca1416) [D:\suo\SleepSightPro\SleepSightPro.csproj]
D:\suo\SleepSightPro\MainForm.cs(915,13): warning CA1416: 可在所有平台上访问此调用站点。"Graphics.FillPath(Brush, GraphicsPath)" 仅在 "windows" 6.1 及更高版本 上受支持。 (https://learn.microsoft.com/dotnet/fundamentals/code-analysis/quality-rules/ca1416) [D:\suo\SleepSightPro\SleepSightPro.csproj]
D:\suo\SleepSightPro\MainForm.cs(724,71): warning CA1416: 可在所有平台上访问此调用站点。"FontStyle.Bold" 仅在 "windows" 6.1 及更高版本 上受支持。 (https://learn.microsoft.com/dotnet/fundamentals/code-analysis/quality-rules/ca1416) [D:\suo\SleepSightPro\SleepSightPro.csproj]
D:\suo\SleepSightPro\MainForm.cs(721,68): warning CA1416: 可在所有平台上访问此调用站点。"FontStyle.Bold" 仅在 "windows" 6.1 及更高版本 上受支持。 (https://learn.microsoft.com/dotnet/fundamentals/code-analysis/quality-rules/ca1416) [D:\suo\SleepSightPro\SleepSightPro.csproj]
D:\suo\SleepSightPro\MainForm.cs(724,38): warning CA1416: 可在所有平台上访问此调用站点。"Font" 仅在 "windows" 6.1 及更高版本 上受支持。 (https://learn.microsoft.com/dotnet/fundamentals/code-analysis/quality-rules/ca1416) [D:\suo\SleepSightPro\SleepSightPro.csproj]
D:\suo\SleepSightPro\MainForm.cs(890,35): warning CA1416: 可在所有平台上访问此调用站点。"Pen" 仅在 "windows" 6.1 及更高版本 上受支持。 (https://learn.microsoft.com/dotnet/fundamentals/code-analysis/quality-rules/ca1416) [D:\suo\SleepSightPro\SleepSightPro.csproj]
D:\suo\SleepSightPro\MainForm.cs(872,17): warning CA1416: 可在所有平台上访问此调用站点。"Graphics.DrawString(string?, Font, Brush, float, float)" 仅在 "windows" 6.1 及更高版本 上受支持。 (https://learn.microsoft.com/dotnet/fundamentals/code-analysis/quality-rules/ca1416) [D:\suo\SleepSightPro\SleepSightPro.csproj]
D:\suo\SleepSightPro\MainForm.cs(718,35): warning CA1416: 可在所有平台上访问此调用站点。"Font" 仅在 "windows" 6.1 及更高版本 上受支持。 (https://learn.microsoft.com/dotnet/fundamentals/code-analysis/quality-rules/ca1416) [D:\suo\SleepSightPro\SleepSightPro.csproj]
D:\suo\SleepSightPro\MainForm.cs(731,9): warning CA1416: 可在所有平台上访问此调用站点。"Graphics.Clear(Color)" 仅在 "windows" 6.1 及更高版本 上受支持。 (https://learn.microsoft.com/dotnet/fundamentals/code-analysis/quality-rules/ca1416) [D:\suo\SleepSightPro\SleepSightPro.csproj]
D:\suo\SleepSightPro\MainForm.cs(842,13): warning CA1416: 可在所有平台上访问此调用站点。"Graphics.DrawString(string?, Font, Brush, float, float)" 仅在 "windows" 6.1 及更高版本 上受支持。 (https://learn.microsoft.com/dotnet/fundamentals/code-analysis/quality-rules/ca1416) [D:\suo\SleepSightPro\SleepSightPro.csproj]
D:\suo\SleepSightPro\MainForm.cs(828,34): warning CA1416: 可在所有平台上访问此调用站点。"LinearGradientBrush" 仅在 "windows" 6.1 及更高版本 上受支持。 (https://learn.microsoft.com/dotnet/fundamentals/code-analysis/quality-rules/ca1416) [D:\suo\SleepSightPro\SleepSightPro.csproj]
D:\suo\SleepSightPro\MainForm.cs(719,28): warning CA1416: 可在所有平台上访问此调用站点。"Font" 仅在 "windows" 6.1 及更高版本 上受支持。 (https://learn.microsoft.com/dotnet/fundamentals/code-analysis/quality-rules/ca1416) [D:\suo\SleepSightPro\SleepSightPro.csproj]
D:\suo\SleepSightPro\MainForm.cs(727,32): warning CA1416: 可在所有平台上访问此调用站点。"Font" 仅在 "windows" 6.1 及更高版本 上受支持。 (https://learn.microsoft.com/dotnet/fundamentals/code-analysis/quality-rules/ca1416) [D:\suo\SleepSightPro\SleepSightPro.csproj]
D:\suo\SleepSightPro\MainForm.cs(719,54): warning CA1416: 可在所有平台上访问此调用站点。"FontStyle.Bold" 仅在 "windows" 6.1 及更高版本 上受支持。 (https://learn.microsoft.com/dotnet/fundamentals/code-analysis/quality-rules/ca1416) [D:\suo\SleepSightPro\SleepSightPro.csproj]
D:\suo\SleepSightPro\MainForm.cs(723,29): warning CA1416: 可在所有平台上访问此调用站点。"Font" 仅在 "windows" 6.1 及更高版本 上受支持。 (https://learn.microsoft.com/dotnet/fundamentals/code-analysis/quality-rules/ca1416) [D:\suo\SleepSightPro\SleepSightPro.csproj]
D:\suo\SleepSightPro\MainForm.cs(725,37): warning CA1416: 可在所有平台上访问此调用站点。"Font" 仅在 "windows" 6.1 及更高版本 上受支持。 (https://learn.microsoft.com/dotnet/fundamentals/code-analysis/quality-rules/ca1416) [D:\suo\SleepSightPro\SleepSightPro.csproj]
D:\suo\SleepSightPro\MainForm.cs(723,55): warning CA1416: 可在所有平台上访问此调用站点。"FontStyle.Bold" 仅在 "windows" 6.1 及更高版本 上受支持。 (https://learn.microsoft.com/dotnet/fundamentals/code-analysis/quality-rules/ca1416) [D:\suo\SleepSightPro\SleepSightPro.csproj]
D:\suo\SleepSightPro\MainForm.cs(870,72): warning CA1416: 可在所有平台上访问此调用站点。"FontStyle.Bold" 仅在 "windows" 6.1 及更高版本 上受支持。 (https://learn.microsoft.com/dotnet/fundamentals/code-analysis/quality-rules/ca1416) [D:\suo\SleepSightPro\SleepSightPro.csproj]
D:\suo\SleepSightPro\MainForm.cs(720,31): warning CA1416: 可在所有平台上访问此调用站点。"Font" 仅在 "windows" 6.1 及更高版本 上受支持。 (https://learn.microsoft.com/dotnet/fundamentals/code-analysis/quality-rules/ca1416) [D:\suo\SleepSightPro\SleepSightPro.csproj]
D:\suo\SleepSightPro\MainForm.cs(871,31): warning CA1416: 可在所有平台上访问此调用站点。"Graphics.MeasureString(string?, Font)" 仅在 "windows" 6.1 及更高版本 上受支持。 (https://learn.microsoft.com/dotnet/fundamentals/code-analysis/quality-rules/ca1416) [D:\suo\SleepSightPro\SleepSightPro.csproj]
D:\suo\SleepSightPro\MainForm.cs(726,71): warning CA1416: 可在所有平台上访问此调用站点。"FontStyle.Bold" 仅在 "windows" 6.1 及更高版本 上受支持。 (https://learn.microsoft.com/dotnet/fundamentals/code-analysis/quality-rules/ca1416) [D:\suo\SleepSightPro\SleepSightPro.csproj]
D:\suo\SleepSightPro\MainForm.cs(840,24): warning CA1416: 可在所有平台上访问此调用站点。"Graphics.MeasureString(string?, Font)" 仅在 "windows" 6.1 及更高版本 上受支持。 (https://learn.microsoft.com/dotnet/fundamentals/code-analysis/quality-rules/ca1416) [D:\suo\SleepSightPro\SleepSightPro.csproj]
D:\suo\SleepSightPro\MainForm.cs(721,36): warning CA1416: 可在所有平台上访问此调用站点。"Font" 仅在 "windows" 6.1 及更高版本 上受支持。 (https://learn.microsoft.com/dotnet/fundamentals/code-analysis/quality-rules/ca1416) [D:\suo\SleepSightPro\SleepSightPro.csproj]
D:\suo\SleepSightPro\MainForm.cs(869,40): warning CA1416: 可在所有平台上访问此调用站点。"SolidBrush" 仅在 "windows" 6.1 及更高版本 上受支持。 (https://learn.microsoft.com/dotnet/fundamentals/code-analysis/quality-rules/ca1416) [D:\suo\SleepSightPro\SleepSightPro.csproj]
D:\suo\SleepSightPro\MainForm.cs(717,32): warning CA1416: 可在所有平台上访问此调用站点。"Font" 仅在 "windows" 6.1 及更高版本 上受支持。 (https://learn.microsoft.com/dotnet/fundamentals/code-analysis/quality-rules/ca1416) [D:\suo\SleepSightPro\SleepSightPro.csproj]
D:\suo\SleepSightPro\MainForm.cs(889,13): warning CA1416: 可在所有平台上访问此调用站点。"Graphics.FillPath(Brush, GraphicsPath)" 仅在 "windows" 6.1 及更高版本 上受支持。 (https://learn.microsoft.com/dotnet/fundamentals/code-analysis/quality-rules/ca1416) [D:\suo\SleepSightPro\SleepSightPro.csproj]
D:\suo\SleepSightPro\MainForm.cs(717,65): warning CA1416: 可在所有平台上访问此调用站点。"FontStyle.Bold" 仅在 "windows" 6.1 及更高版本 上受支持。 (https://learn.microsoft.com/dotnet/fundamentals/code-analysis/quality-rules/ca1416) [D:\suo\SleepSightPro\SleepSightPro.csproj]
D:\suo\SleepSightPro\MainForm.cs(870,39): warning CA1416: 可在所有平台上访问此调用站点。"Font" 仅在 "windows" 6.1 及更高版本 上受支持。 (https://learn.microsoft.com/dotnet/fundamentals/code-analysis/quality-rules/ca1416) [D:\suo\SleepSightPro\SleepSightPro.csproj]
D:\suo\SleepSightPro\MainForm.cs(891,13): warning CA1416: 可在所有平台上访问此调用站点。"Graphics.DrawPath(Pen, GraphicsPath)" 仅在 "windows" 6.1 及更高版本 上受支持。 (https://learn.microsoft.com/dotnet/fundamentals/code-analysis/quality-rules/ca1416) [D:\suo\SleepSightPro\SleepSightPro.csproj]
D:\suo\SleepSightPro\MainForm.cs(834,13): warning CA1416: 可在所有平台上访问此调用站点。"Graphics.DrawPath(Pen, GraphicsPath)" 仅在 "windows" 6.1 及更高版本 上受支持。 (https://learn.microsoft.com/dotnet/fundamentals/code-analysis/quality-rules/ca1416) [D:\suo\SleepSightPro\SleepSightPro.csproj]
D:\suo\SleepSightPro\MainForm.cs(841,38): warning CA1416: 可在所有平台上访问此调用站点。"SolidBrush" 仅在 "windows" 6.1 及更高版本 上受支持。 (https://learn.microsoft.com/dotnet/fundamentals/code-analysis/quality-rules/ca1416) [D:\suo\SleepSightPro\SleepSightPro.csproj]
D:\suo\SleepSightPro\MainForm.cs(886,28): warning CA1416: 可在所有平台上访问此调用站点。"LinearGradientBrush" 仅在 "windows" 6.1 及更高版本 上受支持。 (https://learn.microsoft.com/dotnet/fundamentals/code-analysis/quality-rules/ca1416) [D:\suo\SleepSightPro\SleepSightPro.csproj]
D:\suo\SleepSightPro\MainForm.cs(726,38): warning CA1416: 可在所有平台上访问此调用站点。"Font" 仅在 "windows" 6.1 及更高版本 上受支持。 (https://learn.microsoft.com/dotnet/fundamentals/code-analysis/quality-rules/ca1416) [D:\suo\SleepSightPro\SleepSightPro.csproj]
D:\suo\SleepSightPro\MainForm.cs(833,13): warning CA1416: 可在所有平台上访问此调用站点。"Graphics.FillPath(Brush, GraphicsPath)" 仅在 "windows" 6.1 及更高版本 上受支持。 (https://learn.microsoft.com/dotnet/fundamentals/code-analysis/quality-rules/ca1416) [D:\suo\SleepSightPro\SleepSightPro.csproj]
D:\suo\SleepSightPro\MainForm.cs(722,33): warning CA1416: 可在所有平台上访问此调用站点。"Font" 仅在 "windows" 6.1 及更高版本 上受支持。 (https://learn.microsoft.com/dotnet/fundamentals/code-analysis/quality-rules/ca1416) [D:\suo\SleepSightPro\SleepSightPro.csproj]
D:\suo\SleepSightPro\MainForm.cs(718,68): warning CA1416: 可在所有平台上访问此调用站点。"FontStyle.Bold" 仅在 "windows" 6.1 及更高版本 上受支持。 (https://learn.microsoft.com/dotnet/fundamentals/code-analysis/quality-rules/ca1416) [D:\suo\SleepSightPro\SleepSightPro.csproj]
D:\suo\SleepSightPro\MainForm.cs(831,35): warning CA1416: 可在所有平台上访问此调用站点。"Pen" 仅在 "windows" 6.1 及更高版本 上受支持。 (https://learn.microsoft.com/dotnet/fundamentals/code-analysis/quality-rules/ca1416) [D:\suo\SleepSightPro\SleepSightPro.csproj]
D:\suo\SleepSightPro\MainForm.cs(1054,31): warning CA1416: 可在所有平台上访问此调用站点。"Graphics.MeasureString(string?, Font)" 仅在 "windows" 6.1 及更高版本 上受支持。 (https://learn.microsoft.com/dotnet/fundamentals/code-analysis/quality-rules/ca1416) [D:\suo\SleepSightPro\SleepSightPro.csproj]
D:\suo\SleepSightPro\MainForm.cs(1055,17): warning CA1416: 可在所有平台上访问此调用站点。"Graphics.DrawString(string?, Font, Brush, float, float)" 仅在 "windows" 6.1 及更高版本 上受支持。 (https://learn.microsoft.com/dotnet/fundamentals/code-analysis/quality-rules/ca1416) [D:\suo\SleepSightPro\SleepSightPro.csproj]
D:\suo\SleepSightPro\MainForm.cs(1087,29): warning CA1416: 可在所有平台上访问此调用站点。"Pen" 仅在 "windows" 6.1 及更高版本 上受支持。 (https://learn.microsoft.com/dotnet/fundamentals/code-analysis/quality-rules/ca1416) [D:\suo\SleepSightPro\SleepSightPro.csproj]
D:\suo\SleepSightPro\MainForm.cs(1004,23): warning CA1416: 可在所有平台上访问此调用站点。"Graphics.MeasureString(string?, Font)" 仅在 "windows" 6.1 及更高版本 上受支持。 (https://learn.microsoft.com/dotnet/fundamentals/code-analysis/quality-rules/ca1416) [D:\suo\SleepSightPro\SleepSightPro.csproj]
D:\suo\SleepSightPro\MainForm.cs(1046,35): warning CA1416: 可在所有平台上访问此调用站点。"SolidBrush" 仅在 "windows" 6.1 及更高版本 上受支持。 (https://learn.microsoft.com/dotnet/fundamentals/code-analysis/quality-rules/ca1416) [D:\suo\SleepSightPro\SleepSightPro.csproj]
D:\suo\SleepSightPro\MainForm.cs(1088,13): warning CA1416: 可在所有平台上访问此调用站点。"Graphics.DrawLine(Pen, int, int, int, int)" 仅在 "windows" 6.1 及更高版本 上受支持。 (https://learn.microsoft.com/dotnet/fundamentals/code-analysis/quality-rules/ca1416) [D:\suo\SleepSightPro\SleepSightPro.csproj]
D:\suo\SleepSightPro\MainForm.cs(1077,29): warning CA1416: 可在所有平台上访问此调用站点。"Graphics.MeasureString(string?, Font)" 仅在 "windows" 6.1 及更高版本 上受支持。 (https://learn.microsoft.com/dotnet/fundamentals/code-analysis/quality-rules/ca1416) [D:\suo\SleepSightPro\SleepSightPro.csproj]
D:\suo\SleepSightPro\MainForm.cs(1005,33): warning CA1416: 可在所有平台上访问此调用站点。"SolidBrush" 仅在 "windows" 6.1 及更高版本 上受支持。 (https://learn.microsoft.com/dotnet/fundamentals/code-analysis/quality-rules/ca1416) [D:\suo\SleepSightPro\SleepSightPro.csproj]
D:\suo\SleepSightPro\MainForm.cs(1035,64): warning CA1416: 可在所有平台上访问此调用站点。"FontStyle.Bold" 仅在 "windows" 6.1 及更高版本 上受支持。 (https://learn.microsoft.com/dotnet/fundamentals/code-analysis/quality-rules/ca1416) [D:\suo\SleepSightPro\SleepSightPro.csproj]
D:\suo\SleepSightPro\MainForm.cs(1050,59): warning CA1416: 可在所有平台上访问此调用站点。"FontStyle.Bold" 仅在 "windows" 6.1 及更高版本 上受支持。 (https://learn.microsoft.com/dotnet/fundamentals/code-analysis/quality-rules/ca1416) [D:\suo\SleepSightPro\SleepSightPro.csproj]
D:\suo\SleepSightPro\MainForm.cs(1047,17): warning CA1416: 可在所有平台上访问此调用站点。"Graphics.FillEllipse(Brush, int, int, int, int)" 仅在 "windows" 6.1 及更高版本 上受支持。 (https://learn.microsoft.com/dotnet/fundamentals/code-analysis/quality-rules/ca1416) [D:\suo\SleepSightPro\SleepSightPro.csproj]
D:\suo\SleepSightPro\MainForm.cs(1092,33): warning CA1416: 可在所有平台上访问此调用站点。"SolidBrush" 仅在 "windows" 6.1 及更高版本 上受支持。 (https://learn.microsoft.com/dotnet/fundamentals/code-analysis/quality-rules/ca1416) [D:\suo\SleepSightPro\SleepSightPro.csproj]
D:\suo\SleepSightPro\MainForm.cs(1094,9): warning CA1416: 可在所有平台上访问此调用站点。"Graphics.DrawString(string?, Font, Brush, float, float)" 仅在 "windows" 6.1 及更高版本 上受支持。 (https://learn.microsoft.com/dotnet/fundamentals/code-analysis/quality-rules/ca1416) [D:\suo\SleepSightPro\SleepSightPro.csproj]
D:\suo\SleepSightPro\MainForm.cs(1012,13): warning CA1416: 可在所有平台上访问此调用站点。"Graphics.DrawLine(Pen, int, int, int, int)" 仅在 "windows" 6.1 及更高版本 上受支持。 (https://learn.microsoft.com/dotnet/fundamentals/code-analysis/quality-rules/ca1416) [D:\suo\SleepSightPro\SleepSightPro.csproj]
D:\suo\SleepSightPro\MainForm.cs(1062,37): warning CA1416: 可在所有平台上访问此调用站点。"SolidBrush" 仅在 "windows" 6.1 及更高版本 上受支持。 (https://learn.microsoft.com/dotnet/fundamentals/code-analysis/quality-rules/ca1416) [D:\suo\SleepSightPro\SleepSightPro.csproj]
D:\suo\SleepSightPro\MainForm.cs(1076,38): warning CA1416: 可在所有平台上访问此调用站点。"SolidBrush" 仅在 "windows" 6.1 及更高版本 上受支持。 (https://learn.microsoft.com/dotnet/fundamentals/code-analysis/quality-rules/ca1416) [D:\suo\SleepSightPro\SleepSightPro.csproj]
D:\suo\SleepSightPro\MainForm.cs(1066,36): warning CA1416: 可在所有平台上访问此调用站点。"SolidBrush" 仅在 "windows" 6.1 及更高版本 上受支持。 (https://learn.microsoft.com/dotnet/fundamentals/code-analysis/quality-rules/ca1416) [D:\suo\SleepSightPro\SleepSightPro.csproj]
D:\suo\SleepSightPro\MainForm.cs(1063,17): warning CA1416: 可在所有平台上访问此调用站点。"Graphics.DrawString(string?, Font, Brush, float, float)" 仅在 "windows" 6.1 及更高版本 上受支持。 (https://learn.microsoft.com/dotnet/fundamentals/code-analysis/quality-rules/ca1416) [D:\suo\SleepSightPro\SleepSightPro.csproj]
D:\suo\SleepSightPro\MainForm.cs(1035,31): warning CA1416: 可在所有平台上访问此调用站点。"Font" 仅在 "windows" 6.1 及更高版本 上受支持。 (https://learn.microsoft.com/dotnet/fundamentals/code-analysis/quality-rules/ca1416) [D:\suo\SleepSightPro\SleepSightPro.csproj]
D:\suo\SleepSightPro\MainForm.cs(1011,29): warning CA1416: 可在所有平台上访问此调用站点。"Pen" 仅在 "windows" 6.1 及更高版本 上受支持。 (https://learn.microsoft.com/dotnet/fundamentals/code-analysis/quality-rules/ca1416) [D:\suo\SleepSightPro\SleepSightPro.csproj]
D:\suo\SleepSightPro\MainForm.cs(1036,30): warning CA1416: 可在所有平台上访问此调用站点。"Font" 仅在 "windows" 6.1 及更高版本 上受支持。 (https://learn.microsoft.com/dotnet/fundamentals/code-analysis/quality-rules/ca1416) [D:\suo\SleepSightPro\SleepSightPro.csproj]
D:\suo\SleepSightPro\MainForm.cs(1069,17): warning CA1416: 可在所有平台上访问此调用站点。"Graphics.DrawString(string?, Font, Brush, float, float)" 仅在 "windows" 6.1 及更高版本 上受支持。 (https://learn.microsoft.com/dotnet/fundamentals/code-analysis/quality-rules/ca1416) [D:\suo\SleepSightPro\SleepSightPro.csproj]
D:\suo\SleepSightPro\MainForm.cs(1006,13): warning CA1416: 可在所有平台上访问此调用站点。"Graphics.DrawString(string?, Font, Brush, float, float)" 仅在 "windows" 6.1 及更高版本 上受支持。 (https://learn.microsoft.com/dotnet/fundamentals/code-analysis/quality-rules/ca1416) [D:\suo\SleepSightPro\SleepSightPro.csproj]
D:\suo\SleepSightPro\MainForm.cs(1078,17): warning CA1416: 可在所有平台上访问此调用站点。"Graphics.DrawString(string?, Font, Brush, float, float)" 仅在 "windows" 6.1 及更高版本 上受支持。 (https://learn.microsoft.com/dotnet/fundamentals/code-analysis/quality-rules/ca1416) [D:\suo\SleepSightPro\SleepSightPro.csproj]
D:\suo\SleepSightPro\MainForm.cs(1068,30): warning CA1416: 可在所有平台上访问此调用站点。"Graphics.MeasureString(string?, Font)" 仅在 "windows" 6.1 及更高版本 上受支持。 (https://learn.microsoft.com/dotnet/fundamentals/code-analysis/quality-rules/ca1416) [D:\suo\SleepSightPro\SleepSightPro.csproj]
D:\suo\SleepSightPro\MainForm.cs(1051,35): warning CA1416: 可在所有平台上访问此调用站点。"SolidBrush" 仅在 "windows" 6.1 及更高版本 上受支持。 (https://learn.microsoft.com/dotnet/fundamentals/code-analysis/quality-rules/ca1416) [D:\suo\SleepSightPro\SleepSightPro.csproj]
D:\suo\SleepSightPro\MainForm.cs(1093,24): warning CA1416: 可在所有平台上访问此调用站点。"Graphics.MeasureString(string?, Font)" 仅在 "windows" 6.1 及更高版本 上受支持。 (https://learn.microsoft.com/dotnet/fundamentals/code-analysis/quality-rules/ca1416) [D:\suo\SleepSightPro\SleepSightPro.csproj]
D:\suo\SleepSightPro\MainForm.cs(1050,34): warning CA1416: 可在所有平台上访问此调用站点。"Font" 仅在 "windows" 6.1 及更高版本 上受支持。 (https://learn.microsoft.com/dotnet/fundamentals/code-analysis/quality-rules/ca1416) [D:\suo\SleepSightPro\SleepSightPro.csproj]
D:\suo\SleepSightPro\MainForm.cs(1418,13): warning CA1416: 可在所有平台上访问此调用站点。"MessageBox.Show(string?, string?, MessageBoxButtons, MessageBoxIcon)" 仅在 "windows" 6.1 及更高版本 上受支持。 (https://learn.microsoft.com/dotnet/fundamentals/code-analysis/quality-rules/ca1416) [D:\suo\SleepSightPro\SleepSightPro.csproj]
D:\suo\SleepSightPro\MainForm.cs(1418,82): warning CA1416: 可在所有平台上访问此调用站点。"MessageBoxButtons.YesNo" 仅在 "windows" 6.1 及更高版本 上受支持。 (https://learn.microsoft.com/dotnet/fundamentals/code-analysis/quality-rules/ca1416) [D:\suo\SleepSightPro\SleepSightPro.csproj]
D:\suo\SleepSightPro\MainForm.cs(1418,107): warning CA1416: 可在所有平台上访问此调用站点。"MessageBoxIcon.Warning" 仅在 "windows" 6.1 及更高版本 上受支持。 (https://learn.microsoft.com/dotnet/fundamentals/code-analysis/quality-rules/ca1416) [D:\suo\SleepSightPro\SleepSightPro.csproj]
D:\suo\SleepSightPro\MainForm.cs(1286,52): warning CA1416: 可在所有平台上访问此调用站点。"MessageBoxButtons.OK" 仅在 "windows" 6.1 及更高版本 上受支持。 (https://learn.microsoft.com/dotnet/fundamentals/code-analysis/quality-rules/ca1416) [D:\suo\SleepSightPro\SleepSightPro.csproj]
D:\suo\SleepSightPro\MainForm.cs(1190,58): warning CA1416: 可在所有平台上访问此调用站点。"MessageBoxButtons.OK" 仅在 "windows" 6.1 及更高版本 上受支持。 (https://learn.microsoft.com/dotnet/fundamentals/code-analysis/quality-rules/ca1416) [D:\suo\SleepSightPro\SleepSightPro.csproj]
D:\suo\SleepSightPro\MainForm.cs(1183,13): warning CA1416: 可在所有平台上访问此调用站点。"MessageBox.Show(string?, string?, MessageBoxButtons, MessageBoxIcon)" 仅在 "windows" 6.1 及更高版本 上受支持。 (https://learn.microsoft.com/dotnet/fundamentals/code-analysis/quality-rules/ca1416) [D:\suo\SleepSightPro\SleepSightPro.csproj]
D:\suo\SleepSightPro\MainForm.cs(1228,50): warning CA1416: 可在所有平台上访问此调用站点。"ComboBox.SelectedItem" 仅在 "windows" 6.1 及更高版本 上受支持。 (https://learn.microsoft.com/dotnet/fundamentals/code-analysis/quality-rules/ca1416) [D:\suo\SleepSightPro\SleepSightPro.csproj]
D:\suo\SleepSightPro\MainForm.cs(1286,74): warning CA1416: 可在所有平台上访问此调用站点。"MessageBoxIcon.Information" 仅在 "windows" 6.1 及更高版本 上受支持。 (https://learn.microsoft.com/dotnet/fundamentals/code-analysis/quality-rules/ca1416) [D:\suo\SleepSightPro\SleepSightPro.csproj]
D:\suo\SleepSightPro\MainForm.cs(1183,80): warning CA1416: 可在所有平台上访问此调用站点。"MessageBoxIcon.Information" 仅在 "windows" 6.1 及更高版本 上受支持。 (https://learn.microsoft.com/dotnet/fundamentals/code-analysis/quality-rules/ca1416) [D:\suo\SleepSightPro\SleepSightPro.csproj]
D:\suo\SleepSightPro\MainForm.cs(1183,58): warning CA1416: 可在所有平台上访问此调用站点。"MessageBoxButtons.OK" 仅在 "windows" 6.1 及更高版本 上受支持。 (https://learn.microsoft.com/dotnet/fundamentals/code-analysis/quality-rules/ca1416) [D:\suo\SleepSightPro\SleepSightPro.csproj]
D:\suo\SleepSightPro\MainForm.cs(1181,56): warning CA1416: 可在所有平台上访问此调用站点。"RichTextBox.Text" 仅在 "windows" 6.1 及更高版本 上受支持。 (https://learn.microsoft.com/dotnet/fundamentals/code-analysis/quality-rules/ca1416) [D:\suo\SleepSightPro\SleepSightPro.csproj]
D:\suo\SleepSightPro\MainForm.cs(1187,44): warning CA1416: 可在所有平台上访问此调用站点。"RichTextBox.Text" 仅在 "windows" 6.1 及更高版本 上受支持。 (https://learn.microsoft.com/dotnet/fundamentals/code-analysis/quality-rules/ca1416) [D:\suo\SleepSightPro\SleepSightPro.csproj]
D:\suo\SleepSightPro\MainForm.cs(1190,80): warning CA1416: 可在所有平台上访问此调用站点。"MessageBoxIcon.Warning" 仅在 "windows" 6.1 及更高版本 上受支持。 (https://learn.microsoft.com/dotnet/fundamentals/code-analysis/quality-rules/ca1416) [D:\suo\SleepSightPro\SleepSightPro.csproj]
D:\suo\SleepSightPro\MainForm.cs(1286,9): warning CA1416: 可在所有平台上访问此调用站点。"MessageBox.Show(string?, string?, MessageBoxButtons, MessageBoxIcon)" 仅在 "windows" 6.1 及更高版本 上受支持。 (https://learn.microsoft.com/dotnet/fundamentals/code-analysis/quality-rules/ca1416) [D:\suo\SleepSightPro\SleepSightPro.csproj]
D:\suo\SleepSightPro\MainForm.cs(1190,13): warning CA1416: 可在所有平台上访问此调用站点。"MessageBox.Show(string?, string?, MessageBoxButtons, MessageBoxIcon)" 仅在 "windows" 6.1 及更高版本 上受支持。 (https://learn.microsoft.com/dotnet/fundamentals/code-analysis/quality-rules/ca1416) [D:\suo\SleepSightPro\SleepSightPro.csproj]
D:\suo\SleepSightPro\MainForm.cs(1442,13): warning CA1416: 可在所有平台上访问此调用站点。"MessageBox.Show(string?, string?, MessageBoxButtons, MessageBoxIcon)" 仅在 "windows" 6.1 及更高版本 上受支持。 (https://learn.microsoft.com/dotnet/fundamentals/code-analysis/quality-rules/ca1416) [D:\suo\SleepSightPro\SleepSightPro.csproj]
D:\suo\SleepSightPro\MainForm.cs(1443,13): warning CA1416: 可在所有平台上访问此调用站点。"MessageBoxButtons.YesNo" 仅在 "windows" 6.1 及更高版本 上受支持。 (https://learn.microsoft.com/dotnet/fundamentals/code-analysis/quality-rules/ca1416) [D:\suo\SleepSightPro\SleepSightPro.csproj]
D:\suo\SleepSightPro\MainForm.cs(1443,38): warning CA1416: 可在所有平台上访问此调用站点。"MessageBoxIcon.Question" 仅在 "windows" 6.1 及更高版本 上受支持。 (https://learn.microsoft.com/dotnet/fundamentals/code-analysis/quality-rules/ca1416) [D:\suo\SleepSightPro\SleepSightPro.csproj]
D:\suo\SleepSightPro\MainForm.cs(1455,24): warning CA1416: 可在所有平台上访问此调用站点。"Image.Dispose()" 仅在 "windows" 6.1 及更高版本 上受支持。 (https://learn.microsoft.com/dotnet/fundamentals/code-analysis/quality-rules/ca1416) [D:\suo\SleepSightPro\SleepSightPro.csproj]
D:\suo\SleepSightPro\MainForm.cs(1454,24): warning CA1416: 可在所有平台上访问此调用站点。"Image.Dispose()" 仅在 "windows" 6.1 及更高版本 上受支持。 (https://learn.microsoft.com/dotnet/fundamentals/code-analysis/quality-rules/ca1416) [D:\suo\SleepSightPro\SleepSightPro.csproj]
D:\suo\SleepSightPro\MainForm.cs(1647,9): warning CA1416: 可在所有平台上访问此调用站点。"ComboBox.ObjectCollection.AddRange(params object[])" 仅在 "windows" 6.1 及更高版本 上受支持。 (https://learn.microsoft.com/dotnet/fundamentals/code-analysis/quality-rules/ca1416) [D:\suo\SleepSightPro\SleepSightPro.csproj]
D:\suo\SleepSightPro\MainForm.cs(1648,39): warning CA1416: 可在所有平台上访问此调用站点。"ComboBox.SelectedIndex" 仅在 "windows" 6.1 及更高版本 上受支持。 (https://learn.microsoft.com/dotnet/fundamentals/code-analysis/quality-rules/ca1416) [D:\suo\SleepSightPro\SleepSightPro.csproj]
D:\suo\SleepSightPro\MainForm.cs(1649,9): warning CA1416: 可在所有平台上访问此调用站点。"ComboBox.SelectedIndex" 仅在 "windows" 6.1 及更高版本 上受支持。 (https://learn.microsoft.com/dotnet/fundamentals/code-analysis/quality-rules/ca1416) [D:\suo\SleepSightPro\SleepSightPro.csproj]
D:\suo\SleepSightPro\MainForm.cs(1647,9): warning CA1416: 可在所有平台上访问此调用站点。"ComboBox.Items" 仅在 "windows" 6.1 及更高版本 上受支持。 (https://learn.microsoft.com/dotnet/fundamentals/code-analysis/quality-rules/ca1416) [D:\suo\SleepSightPro\SleepSightPro.csproj]
D:\suo\SleepSightPro\MainForm.cs(1648,13): warning CA1416: 可在所有平台上访问此调用站点。"ComboBox.ObjectCollection.Count" 仅在 "windows" 6.1 及更高版本 上受支持。 (https://learn.microsoft.com/dotnet/fundamentals/code-analysis/quality-rules/ca1416) [D:\suo\SleepSightPro\SleepSightPro.csproj]
D:\suo\SleepSightPro\MainForm.cs(1648,13): warning CA1416: 可在所有平台上访问此调用站点。"ComboBox.Items" 仅在 "windows" 6.1 及更高版本 上受支持。 (https://learn.microsoft.com/dotnet/fundamentals/code-analysis/quality-rules/ca1416) [D:\suo\SleepSightPro\SleepSightPro.csproj]
D:\suo\SleepSightPro\MainForm.cs(1646,9): warning CA1416: 可在所有平台上访问此调用站点。"ComboBox.Items" 仅在 "windows" 6.1 及更高版本 上受支持。 (https://learn.microsoft.com/dotnet/fundamentals/code-analysis/quality-rules/ca1416) [D:\suo\SleepSightPro\SleepSightPro.csproj]
D:\suo\SleepSightPro\MainForm.cs(1646,9): warning CA1416: 可在所有平台上访问此调用站点。"ComboBox.ObjectCollection.Clear()" 仅在 "windows" 6.1 及更高版本 上受支持。 (https://learn.microsoft.com/dotnet/fundamentals/code-analysis/quality-rules/ca1416) [D:\suo\SleepSightPro\SleepSightPro.csproj]
D:\suo\SleepSightPro\MainForm.cs(1633,38): warning CA1416: 可在所有平台上访问此调用站点。"ComboBox.SelectedItem" 仅在 "windows" 6.1 及更高版本 上受支持。 (https://learn.microsoft.com/dotnet/fundamentals/code-analysis/quality-rules/ca1416) [D:\suo\SleepSightPro\SleepSightPro.csproj]
D:\suo\SleepSightPro\MainForm.cs(1639,17): warning CA1416: 可在所有平台上访问此调用站点。"MessageBox.Show(string?, string?, MessageBoxButtons, MessageBoxIcon)" 仅在 "windows" 6.1 及更高版本 上受支持。 (https://learn.microsoft.com/dotnet/fundamentals/code-analysis/quality-rules/ca1416) [D:\suo\SleepSightPro\SleepSightPro.csproj]
D:\suo\SleepSightPro\MainForm.cs(1627,106): warning CA1416: 可在所有平台上访问此调用站点。"MessageBoxIcon.Warning" 仅在 "windows" 6.1 及更高版本 上受支持。 (https://learn.microsoft.com/dotnet/fundamentals/code-analysis/quality-rules/ca1416) [D:\suo\SleepSightPro\SleepSightPro.csproj]
D:\suo\SleepSightPro\MainForm.cs(1639,104): warning CA1416: 可在所有平台上访问此调用站点。"MessageBoxButtons.OK" 仅在 "windows" 6.1 及更高版本 上受支持。 (https://learn.microsoft.com/dotnet/fundamentals/code-analysis/quality-rules/ca1416) [D:\suo\SleepSightPro\SleepSightPro.csproj]
D:\suo\SleepSightPro\MainForm.cs(1627,84): warning CA1416: 可在所有平台上访问此调用站点。"MessageBoxButtons.OK" 仅在 "windows" 6.1 及更高版本 上受支持。 (https://learn.microsoft.com/dotnet/fundamentals/code-analysis/quality-rules/ca1416) [D:\suo\SleepSightPro\SleepSightPro.csproj]
D:\suo\SleepSightPro\MainForm.cs(1632,28): warning CA1416: 可在所有平台上访问此调用站点。"ComboBox.SelectedItem" 仅在 "windows" 6.1 及更高版本 上受支持。 (https://learn.microsoft.com/dotnet/fundamentals/code-analysis/quality-rules/ca1416) [D:\suo\SleepSightPro\SleepSightPro.csproj]
D:\suo\SleepSightPro\MainForm.cs(1625,17): warning CA1416: 可在所有平台上访问此调用站点。"ComboBox.SelectedItem" 仅在 "windows" 6.1 及更高版本 上受支持。 (https://learn.microsoft.com/dotnet/fundamentals/code-analysis/quality-rules/ca1416) [D:\suo\SleepSightPro\SleepSightPro.csproj]
D:\suo\SleepSightPro\MainForm.cs(1627,17): warning CA1416: 可在所有平台上访问此调用站点。"MessageBox.Show(string?, string?, MessageBoxButtons, MessageBoxIcon)" 仅在 "windows" 6.1 及更高版本 上受支持。 (https://learn.microsoft.com/dotnet/fundamentals/code-analysis/quality-rules/ca1416) [D:\suo\SleepSightPro\SleepSightPro.csproj]
D:\suo\SleepSightPro\MainForm.cs(1639,126): warning CA1416: 可在所有平台上访问此调用站点。"MessageBoxIcon.Error" 仅在 "windows" 6.1 及更高版本 上受支持。 (https://learn.microsoft.com/dotnet/fundamentals/code-analysis/quality-rules/ca1416) [D:\suo\SleepSightPro\SleepSightPro.csproj]
D:\suo\SleepSightPro\MainForm.cs(1635,17): warning CA1416: 可在所有平台上访问此调用站点。"ToolStripItem.Text" 仅在 "windows" 6.1 及更高版本 上受支持。 (https://learn.microsoft.com/dotnet/fundamentals/code-analysis/quality-rules/ca1416) [D:\suo\SleepSightPro\SleepSightPro.csproj]
D:\suo\SleepSightPro\MainForm.cs(1663,32): warning CA1416: 可在所有平台上访问此调用站点。"MessageBox.Show(string?, string?, MessageBoxButtons, MessageBoxIcon)" 仅在 "windows" 6.1 及更高版本 上受支持。 (https://learn.microsoft.com/dotnet/fundamentals/code-analysis/quality-rules/ca1416) [D:\suo\SleepSightPro\SleepSightPro.csproj]
D:\suo\SleepSightPro\MainForm.cs(1663,82): warning CA1416: 可在所有平台上访问此调用站点。"MessageBoxButtons.OK" 仅在 "windows" 6.1 及更高版本 上受支持。 (https://learn.microsoft.com/dotnet/fundamentals/code-analysis/quality-rules/ca1416) [D:\suo\SleepSightPro\SleepSightPro.csproj]
D:\suo\SleepSightPro\MainForm.cs(1663,104): warning CA1416: 可在所有平台上访问此调用站点。"MessageBoxIcon.Error" 仅在 "windows" 6.1 及更高版本 上受支持。 (https://learn.microsoft.com/dotnet/fundamentals/code-analysis/quality-rules/ca1416) [D:\suo\SleepSightPro\SleepSightPro.csproj]
D:\suo\SleepSightPro\MainForm.cs(1678,82): warning CA1416: 可在所有平台上访问此调用站点。"MessageBoxButtons.OK" 仅在 "windows" 6.1 及更高版本 上受支持。 (https://learn.microsoft.com/dotnet/fundamentals/code-analysis/quality-rules/ca1416) [D:\suo\SleepSightPro\SleepSightPro.csproj]
D:\suo\SleepSightPro\MainForm.cs(1678,104): warning CA1416: 可在所有平台上访问此调用站点。"MessageBoxIcon.Error" 仅在 "windows" 6.1 及更高版本 上受支持。 (https://learn.microsoft.com/dotnet/fundamentals/code-analysis/quality-rules/ca1416) [D:\suo\SleepSightPro\SleepSightPro.csproj]
D:\suo\SleepSightPro\MainForm.cs(1678,32): warning CA1416: 可在所有平台上访问此调用站点。"MessageBox.Show(string?, string?, MessageBoxButtons, MessageBoxIcon)" 仅在 "windows" 6.1 及更高版本 上受支持。 (https://learn.microsoft.com/dotnet/fundamentals/code-analysis/quality-rules/ca1416) [D:\suo\SleepSightPro\SleepSightPro.csproj]
D:\suo\SleepSightPro\MainForm.cs(1692,104): warning CA1416: 可在所有平台上访问此调用站点。"MessageBoxIcon.Error" 仅在 "windows" 6.1 及更高版本 上受支持。 (https://learn.microsoft.com/dotnet/fundamentals/code-analysis/quality-rules/ca1416) [D:\suo\SleepSightPro\SleepSightPro.csproj]
D:\suo\SleepSightPro\MainForm.cs(1692,32): warning CA1416: 可在所有平台上访问此调用站点。"MessageBox.Show(string?, string?, MessageBoxButtons, MessageBoxIcon)" 仅在 "windows" 6.1 及更高版本 上受支持。 (https://learn.microsoft.com/dotnet/fundamentals/code-analysis/quality-rules/ca1416) [D:\suo\SleepSightPro\SleepSightPro.csproj]
D:\suo\SleepSightPro\MainForm.cs(1692,82): warning CA1416: 可在所有平台上访问此调用站点。"MessageBoxButtons.OK" 仅在 "windows" 6.1 及更高版本 上受支持。 (https://learn.microsoft.com/dotnet/fundamentals/code-analysis/quality-rules/ca1416) [D:\suo\SleepSightPro\SleepSightPro.csproj]
D:\suo\SleepSightPro\MainForm.cs(1583,13): warning CA1416: 可在所有平台上访问此调用站点。"Control.Invoke(Action)" 仅在 "windows" 6.1 及更高版本 上受支持。 (https://learn.microsoft.com/dotnet/fundamentals/code-analysis/quality-rules/ca1416) [D:\suo\SleepSightPro\SleepSightPro.csproj]
D:\suo\SleepSightPro\MainForm.cs(1609,45): warning CA1416: 可在所有平台上访问此调用站点。"RichTextBox.TextLength" 仅在 "windows" 6.1 及更高版本 上受支持。 (https://learn.microsoft.com/dotnet/fundamentals/code-analysis/quality-rules/ca1416) [D:\suo\SleepSightPro\SleepSightPro.csproj]
D:\suo\SleepSightPro\MainForm.cs(1548,25): warning CA1416: 可在所有平台上访问此调用站点。"Control.Invoke<string>(Func<string>)" 仅在 "windows" 6.1 及更高版本 上受支持。 (https://learn.microsoft.com/dotnet/fundamentals/code-analysis/quality-rules/ca1416) [D:\suo\SleepSightPro\SleepSightPro.csproj]
D:\suo\SleepSightPro\MainForm.cs(1481,21): warning CA1416: 可在所有平台上访问此调用站点。"ToolStripItem.Text" 仅在 "windows" 6.1 及更高版本 上受支持。 (https://learn.microsoft.com/dotnet/fundamentals/code-analysis/quality-rules/ca1416) [D:\suo\SleepSightPro\SleepSightPro.csproj]
D:\suo\SleepSightPro\MainForm.cs(1610,17): warning CA1416: 可在所有平台上访问此调用站点。"TextBoxBase.ScrollToCaret()" 仅在 "windows" 6.1 及更高版本 上受支持。 (https://learn.microsoft.com/dotnet/fundamentals/code-analysis/quality-rules/ca1416) [D:\suo\SleepSightPro\SleepSightPro.csproj]
D:\suo\SleepSightPro\MainForm.cs(1596,17): warning CA1416: 可在所有平台上访问此调用站点。"TextBoxBase.AppendText(string?)" 仅在 "windows" 6.1 及更高版本 上受支持。 (https://learn.microsoft.com/dotnet/fundamentals/code-analysis/quality-rules/ca1416) [D:\suo\SleepSightPro\SleepSightPro.csproj]
D:\suo\SleepSightPro\MainForm.cs(1614,46): warning CA1416: 可在所有平台上访问此调用站点。"Control.Invoke(Action)" 仅在 "windows" 6.1 及更高版本 上受支持。 (https://learn.microsoft.com/dotnet/fundamentals/code-analysis/quality-rules/ca1416) [D:\suo\SleepSightPro\SleepSightPro.csproj]
D:\suo\SleepSightPro\MainForm.cs(1573,13): warning CA1416: 可在所有平台上访问此调用站点。"Control.Invoke(Action)" 仅在 "windows" 6.1 及更高版本 上受支持。 (https://learn.microsoft.com/dotnet/fundamentals/code-analysis/quality-rules/ca1416) [D:\suo\SleepSightPro\SleepSightPro.csproj]
D:\suo\SleepSightPro\MainForm.cs(1548,43): warning CA1416: 可在所有平台上访问此调用站点。"ToolStripItem.Text" 仅在 "windows" 6.1 及更高版本 上受支持。 (https://learn.microsoft.com/dotnet/fundamentals/code-analysis/quality-rules/ca1416) [D:\suo\SleepSightPro\SleepSightPro.csproj]
D:\suo\SleepSightPro\MainForm.cs(1475,17): warning CA1416: 可在所有平台上访问此调用站点。"ButtonBase.Text" 仅在 "windows" 6.1 及更高版本 上受支持。 (https://learn.microsoft.com/dotnet/fundamentals/code-analysis/quality-rules/ca1416) [D:\suo\SleepSightPro\SleepSightPro.csproj]
D:\suo\SleepSightPro\MainForm.cs(1609,17): warning CA1416: 可在所有平台上访问此调用站点。"TextBoxBase.SelectionStart" 仅在 "windows" 6.1 及更高版本 上受支持。 (https://learn.microsoft.com/dotnet/fundamentals/code-analysis/quality-rules/ca1416) [D:\suo\SleepSightPro\SleepSightPro.csproj]
D:\suo\SleepSightPro\MainForm.cs(1601,32): warning CA1416: 可在所有平台上访问此调用站点。"RichTextBox.Text" 仅在 "windows" 6.1 及更高版本 上受支持。 (https://learn.microsoft.com/dotnet/fundamentals/code-analysis/quality-rules/ca1416) [D:\suo\SleepSightPro\SleepSightPro.csproj]
D:\suo\SleepSightPro\MainForm.cs(1476,17): warning CA1416: 可在所有平台上访问此调用站点。"ButtonBase.BackColor" 仅在 "windows" 6.1 及更高版本 上受支持。 (https://learn.microsoft.com/dotnet/fundamentals/code-analysis/quality-rules/ca1416) [D:\suo\SleepSightPro\SleepSightPro.csproj]
D:\suo\SleepSightPro\MainForm.cs(1482,21): warning CA1416: 可在所有平台上访问此调用站点。"ToolStripItem.Text" 仅在 "windows" 6.1 及更高版本 上受支持。 (https://learn.microsoft.com/dotnet/fundamentals/code-analysis/quality-rules/ca1416) [D:\suo\SleepSightPro\SleepSightPro.csproj]
D:\suo\SleepSightPro\MainForm.cs(1472,17): warning CA1416: 可在所有平台上访问此调用站点。"ToolStripItem.Text" 仅在 "windows" 6.1 及更高版本 上受支持。 (https://learn.microsoft.com/dotnet/fundamentals/code-analysis/quality-rules/ca1416) [D:\suo\SleepSightPro\SleepSightPro.csproj]
D:\suo\SleepSightPro\MainForm.cs(1522,21): warning CA1416: 可在所有平台上访问此调用站点。"TabControl.SelectedIndex" 仅在 "windows" 6.1 及更高版本 上受支持。 (https://learn.microsoft.com/dotnet/fundamentals/code-analysis/quality-rules/ca1416) [D:\suo\SleepSightPro\SleepSightPro.csproj]
D:\suo\SleepSightPro\MainForm.cs(1560,25): warning CA1416: 可在所有平台上访问此调用站点。"Control.Invoke(Action)" 仅在 "windows" 6.1 及更高版本 上受支持。 (https://learn.microsoft.com/dotnet/fundamentals/code-analysis/quality-rules/ca1416) [D:\suo\SleepSightPro\SleepSightPro.csproj]
D:\suo\SleepSightPro\MainForm.cs(1470,13): warning CA1416: 可在所有平台上访问此调用站点。"Control.Invoke(Action)" 仅在 "windows" 6.1 及更高版本 上受支持。 (https://learn.microsoft.com/dotnet/fundamentals/code-analysis/quality-rules/ca1416) [D:\suo\SleepSightPro\SleepSightPro.csproj]
D:\suo\SleepSightPro\MainForm.cs(1501,13): warning CA1416: 可在所有平台上访问此调用站点。"Control.Invoke(Action)" 仅在 "windows" 6.1 及更高版本 上受支持。 (https://learn.microsoft.com/dotnet/fundamentals/code-analysis/quality-rules/ca1416) [D:\suo\SleepSightPro\SleepSightPro.csproj]
D:\suo\SleepSightPro\MainForm.cs(1474,17): warning CA1416: 可在所有平台上访问此调用站点。"ToolStripItem.ForeColor" 仅在 "windows" 6.1 及更高版本 上受支持。 (https://learn.microsoft.com/dotnet/fundamentals/code-analysis/quality-rules/ca1416) [D:\suo\SleepSightPro\SleepSightPro.csproj]
D:\suo\SleepSightPro\MainForm.cs(1599,21): warning CA1416: 可在所有平台上访问此调用站点。"RichTextBox.TextLength" 仅在 "windows" 6.1 及更高版本 上受支持。 (https://learn.microsoft.com/dotnet/fundamentals/code-analysis/quality-rules/ca1416) [D:\suo\SleepSightPro\SleepSightPro.csproj]
D:\suo\SleepSightPro\MainForm.cs(1587,17): warning CA1416: 可在所有平台上访问此调用站点。"Label.Text" 仅在 "windows" 6.1 及更高版本 上受支持。 (https://learn.microsoft.com/dotnet/fundamentals/code-analysis/quality-rules/ca1416) [D:\suo\SleepSightPro\SleepSightPro.csproj]
D:\suo\SleepSightPro\MainForm.cs(1554,25): warning CA1416: 可在所有平台上访问此调用站点。"Control.Invoke(Action)" 仅在 "windows" 6.1 及更高版本 上受支持。 (https://learn.microsoft.com/dotnet/fundamentals/code-analysis/quality-rules/ca1416) [D:\suo\SleepSightPro\SleepSightPro.csproj]
D:\suo\SleepSightPro\MainForm.cs(1605,21): warning CA1416: 可在所有平台上访问此调用站点。"RichTextBox.Text" 仅在 "windows" 6.1 及更高版本 上受支持。 (https://learn.microsoft.com/dotnet/fundamentals/code-analysis/quality-rules/ca1416) [D:\suo\SleepSightPro\SleepSightPro.csproj]
D:\suo\SleepSightPro\MainForm.cs(1754,13): warning CA1416: 可在所有平台上访问此调用站点。"ListView.ListViewItemCollection.Count" 仅在 "windows" 6.1 及更高版本 上受支持。 (https://learn.microsoft.com/dotnet/fundamentals/code-analysis/quality-rules/ca1416) [D:\suo\SleepSightPro\SleepSightPro.csproj]
D:\suo\SleepSightPro\MainForm.cs(1748,13): warning CA1416: 可在所有平台上访问此调用站点。"ListViewItem.ForeColor" 仅在 "windows" 6.1 及更高版本 上受支持。 (https://learn.microsoft.com/dotnet/fundamentals/code-analysis/quality-rules/ca1416) [D:\suo\SleepSightPro\SleepSightPro.csproj]
D:\suo\SleepSightPro\MainForm.cs(1760,9): warning CA1416: 可在所有平台上访问此调用站点。"ListView.ListViewItemCollection.this[int]" 仅在 "windows" 6.1 及更高版本 上受支持。 (https://learn.microsoft.com/dotnet/fundamentals/code-analysis/quality-rules/ca1416) [D:\suo\SleepSightPro\SleepSightPro.csproj]
D:\suo\SleepSightPro\MainForm.cs(1760,28): warning CA1416: 可在所有平台上访问此调用站点。"ListView.ListViewItemCollection.Count" 仅在 "windows" 6.1 及更高版本 上受支持。 (https://learn.microsoft.com/dotnet/fundamentals/code-analysis/quality-rules/ca1416) [D:\suo\SleepSightPro\SleepSightPro.csproj]
D:\suo\SleepSightPro\MainForm.cs(1760,9): warning CA1416: 可在所有平台上访问此调用站点。"ListView.Items" 仅在 "windows" 6.1 及更高版本 上受支持。 (https://learn.microsoft.com/dotnet/fundamentals/code-analysis/quality-rules/ca1416) [D:\suo\SleepSightPro\SleepSightPro.csproj]
D:\suo\SleepSightPro\MainForm.cs(1746,20): warning CA1416: 可在所有平台上访问此调用站点。"ListViewItem" 仅在 "windows" 6.1 及更高版本 上受支持。 (https://learn.microsoft.com/dotnet/fundamentals/code-analysis/quality-rules/ca1416) [D:\suo\SleepSightPro\SleepSightPro.csproj]
D:\suo\SleepSightPro\MainForm.cs(1760,28): warning CA1416: 可在所有平台上访问此调用站点。"ListView.Items" 仅在 "windows" 6.1 及更高版本 上受支持。 (https://learn.microsoft.com/dotnet/fundamentals/code-analysis/quality-rules/ca1416) [D:\suo\SleepSightPro\SleepSightPro.csproj]
D:\suo\SleepSightPro\MainForm.cs(1757,17): warning CA1416: 可在所有平台上访问此调用站点。"ListView.Items" 仅在 "windows" 6.1 及更高版本 上受支持。 (https://learn.microsoft.com/dotnet/fundamentals/code-analysis/quality-rules/ca1416) [D:\suo\SleepSightPro\SleepSightPro.csproj]
D:\suo\SleepSightPro\MainForm.cs(1752,9): warning CA1416: 可在所有平台上访问此调用站点。"ListView.ListViewItemCollection.Add(ListViewItem)" 仅在 "windows" 6.1 及更高版本 上受支持。 (https://learn.microsoft.com/dotnet/fundamentals/code-analysis/quality-rules/ca1416) [D:\suo\SleepSightPro\SleepSightPro.csproj]
D:\suo\SleepSightPro\MainForm.cs(1754,13): warning CA1416: 可在所有平台上访问此调用站点。"ListView.Items" 仅在 "windows" 6.1 及更高版本 上受支持。 (https://learn.microsoft.com/dotnet/fundamentals/code-analysis/quality-rules/ca1416) [D:\suo\SleepSightPro\SleepSightPro.csproj]
D:\suo\SleepSightPro\MainForm.cs(1760,9): warning CA1416: 可在所有平台上访问此调用站点。"ListViewItem.EnsureVisible()" 仅在 "windows" 6.1 及更高版本 上受支持。 (https://learn.microsoft.com/dotnet/fundamentals/code-analysis/quality-rules/ca1416) [D:\suo\SleepSightPro\SleepSightPro.csproj]
D:\suo\SleepSightPro\MainForm.cs(1759,9): warning CA1416: 可在所有平台上访问此调用站点。"ListView.EndUpdate()" 仅在 "windows" 6.1 及更高版本 上受支持。 (https://learn.microsoft.com/dotnet/fundamentals/code-analysis/quality-rules/ca1416) [D:\suo\SleepSightPro\SleepSightPro.csproj]
D:\suo\SleepSightPro\MainForm.cs(1752,9): warning CA1416: 可在所有平台上访问此调用站点。"ListView.Items" 仅在 "windows" 6.1 及更高版本 上受支持。 (https://learn.microsoft.com/dotnet/fundamentals/code-analysis/quality-rules/ca1416) [D:\suo\SleepSightPro\SleepSightPro.csproj]
D:\suo\SleepSightPro\MainForm.cs(1757,17): warning CA1416: 可在所有平台上访问此调用站点。"ListView.ListViewItemCollection.RemoveAt(int)" 仅在 "windows" 6.1 及更高版本 上受支持。 (https://learn.microsoft.com/dotnet/fundamentals/code-analysis/quality-rules/ca1416) [D:\suo\SleepSightPro\SleepSightPro.csproj]
D:\suo\SleepSightPro\MainForm.cs(1751,9): warning CA1416: 可在所有平台上访问此调用站点。"ListView.BeginUpdate()" 仅在 "windows" 6.1 及更高版本 上受支持。 (https://learn.microsoft.com/dotnet/fundamentals/code-analysis/quality-rules/ca1416) [D:\suo\SleepSightPro\SleepSightPro.csproj]
D:\suo\SleepSightPro\MainForm.cs(1782,9): warning CA1416: 可在所有平台上访问此调用站点。"ListView.EndUpdate()" 仅在 "windows" 6.1 及更高版本 上受支持。 (https://learn.microsoft.com/dotnet/fundamentals/code-analysis/quality-rules/ca1416) [D:\suo\SleepSightPro\SleepSightPro.csproj]
D:\suo\SleepSightPro\MainForm.cs(1780,17): warning CA1416: 可在所有平台上访问此调用站点。"ListView.ListViewItemCollection.RemoveAt(int)" 仅在 "windows" 6.1 及更高版本 上受支持。 (https://learn.microsoft.com/dotnet/fundamentals/code-analysis/quality-rules/ca1416) [D:\suo\SleepSightPro\SleepSightPro.csproj]
D:\suo\SleepSightPro\MainForm.cs(1777,13): warning CA1416: 可在所有平台上访问此调用站点。"ListView.Items" 仅在 "windows" 6.1 及更高版本 上受支持。 (https://learn.microsoft.com/dotnet/fundamentals/code-analysis/quality-rules/ca1416) [D:\suo\SleepSightPro\SleepSightPro.csproj]
D:\suo\SleepSightPro\MainForm.cs(1783,28): warning CA1416: 可在所有平台上访问此调用站点。"ListView.Items" 仅在 "windows" 6.1 及更高版本 上受支持。 (https://learn.microsoft.com/dotnet/fundamentals/code-analysis/quality-rules/ca1416) [D:\suo\SleepSightPro\SleepSightPro.csproj]
D:\suo\SleepSightPro\MainForm.cs(1783,9): warning CA1416: 可在所有平台上访问此调用站点。"ListViewItem.EnsureVisible()" 仅在 "windows" 6.1 及更高版本 上受支持。 (https://learn.microsoft.com/dotnet/fundamentals/code-analysis/quality-rules/ca1416) [D:\suo\SleepSightPro\SleepSightPro.csproj]
D:\suo\SleepSightPro\MainForm.cs(1780,17): warning CA1416: 可在所有平台上访问此调用站点。"ListView.Items" 仅在 "windows" 6.1 及更高版本 上受支持。 (https://learn.microsoft.com/dotnet/fundamentals/code-analysis/quality-rules/ca1416) [D:\suo\SleepSightPro\SleepSightPro.csproj]
D:\suo\SleepSightPro\MainForm.cs(1783,9): warning CA1416: 可在所有平台上访问此调用站点。"ListView.ListViewItemCollection.this[int]" 仅在 "windows" 6.1 及更高版本 上受支持。 (https://learn.microsoft.com/dotnet/fundamentals/code-analysis/quality-rules/ca1416) [D:\suo\SleepSightPro\SleepSightPro.csproj]
D:\suo\SleepSightPro\MainForm.cs(1771,13): warning CA1416: 可在所有平台上访问此调用站点。"ListViewItem.ForeColor" 仅在 "windows" 6.1 及更高版本 上受支持。 (https://learn.microsoft.com/dotnet/fundamentals/code-analysis/quality-rules/ca1416) [D:\suo\SleepSightPro\SleepSightPro.csproj]
D:\suo\SleepSightPro\MainForm.cs(1775,9): warning CA1416: 可在所有平台上访问此调用站点。"ListView.Items" 仅在 "windows" 6.1 及更高版本 上受支持。 (https://learn.microsoft.com/dotnet/fundamentals/code-analysis/quality-rules/ca1416) [D:\suo\SleepSightPro\SleepSightPro.csproj]
D:\suo\SleepSightPro\MainForm.cs(1769,20): warning CA1416: 可在所有平台上访问此调用站点。"ListViewItem" 仅在 "windows" 6.1 及更高版本 上受支持。 (https://learn.microsoft.com/dotnet/fundamentals/code-analysis/quality-rules/ca1416) [D:\suo\SleepSightPro\SleepSightPro.csproj]
D:\suo\SleepSightPro\MainForm.cs(1774,9): warning CA1416: 可在所有平台上访问此调用站点。"ListView.BeginUpdate()" 仅在 "windows" 6.1 及更高版本 上受支持。 (https://learn.microsoft.com/dotnet/fundamentals/code-analysis/quality-rules/ca1416) [D:\suo\SleepSightPro\SleepSightPro.csproj]
D:\suo\SleepSightPro\MainForm.cs(1783,9): warning CA1416: 可在所有平台上访问此调用站点。"ListView.Items" 仅在 "windows" 6.1 及更高版本 上受支持。 (https://learn.microsoft.com/dotnet/fundamentals/code-analysis/quality-rules/ca1416) [D:\suo\SleepSightPro\SleepSightPro.csproj]
D:\suo\SleepSightPro\MainForm.cs(1777,13): warning CA1416: 可在所有平台上访问此调用站点。"ListView.ListViewItemCollection.Count" 仅在 "windows" 6.1 及更高版本 上受支持。 (https://learn.microsoft.com/dotnet/fundamentals/code-analysis/quality-rules/ca1416) [D:\suo\SleepSightPro\SleepSightPro.csproj]
D:\suo\SleepSightPro\MainForm.cs(1775,9): warning CA1416: 可在所有平台上访问此调用站点。"ListView.ListViewItemCollection.Add(ListViewItem)" 仅在 "windows" 6.1 及更高版本 上受支持。 (https://learn.microsoft.com/dotnet/fundamentals/code-analysis/quality-rules/ca1416) [D:\suo\SleepSightPro\SleepSightPro.csproj]
D:\suo\SleepSightPro\MainForm.cs(1783,28): warning CA1416: 可在所有平台上访问此调用站点。"ListView.ListViewItemCollection.Count" 仅在 "windows" 6.1 及更高版本 上受支持。 (https://learn.microsoft.com/dotnet/fundamentals/code-analysis/quality-rules/ca1416) [D:\suo\SleepSightPro\SleepSightPro.csproj]
D:\suo\SleepSightPro\MainForm.cs(485,9): warning CA1416: 可在所有平台上访问此调用站点。"RichTextBox.Text" 仅在 "windows" 6.1 及更高版本 上受支持。 (https://learn.microsoft.com/dotnet/fundamentals/code-analysis/quality-rules/ca1416) [D:\suo\SleepSightPro\SleepSightPro.csproj]
D:\suo\SleepSightPro\MainForm.cs(1797,45): warning CA1416: 可在所有平台上访问此调用站点。"FileDialog.FileName" 仅在 "windows" 6.1 及更高版本 上受支持。 (https://learn.microsoft.com/dotnet/fundamentals/code-analysis/quality-rules/ca1416) [D:\suo\SleepSightPro\SleepSightPro.csproj]
D:\suo\SleepSightPro\MainForm.cs(1801,30): warning CA1416: 可在所有平台上访问此调用站点。"ListViewItem.ListViewSubItem" 仅在 "windows" 6.1 及更高版本 上受支持。 (https://learn.microsoft.com/dotnet/fundamentals/code-analysis/quality-rules/ca1416) [D:\suo\SleepSightPro\SleepSightPro.csproj]
D:\suo\SleepSightPro\MainForm.cs(1799,43): warning CA1416: 可在所有平台上访问此调用站点。"ListView.Items" 仅在 "windows" 6.1 及更高版本 上受支持。 (https://learn.microsoft.com/dotnet/fundamentals/code-analysis/quality-rules/ca1416) [D:\suo\SleepSightPro\SleepSightPro.csproj]
D:\suo\SleepSightPro\MainForm.cs(1805,13): warning CA1416: 可在所有平台上访问此调用站点。"MessageBox.Show(string?, string?, MessageBoxButtons, MessageBoxIcon)" 仅在 "windows" 6.1 及更高版本 上受支持。 (https://learn.microsoft.com/dotnet/fundamentals/code-analysis/quality-rules/ca1416) [D:\suo\SleepSightPro\SleepSightPro.csproj]
D:\suo\SleepSightPro\MainForm.cs(1793,13): warning CA1416: 可在所有平台上访问此调用站点。"FileDialog.FileName" 仅在 "windows" 6.1 及更高版本 上受支持。 (https://learn.microsoft.com/dotnet/fundamentals/code-analysis/quality-rules/ca1416) [D:\suo\SleepSightPro\SleepSightPro.csproj]
D:\suo\SleepSightPro\MainForm.cs(1795,13): warning CA1416: 可在所有平台上访问此调用站点。"CommonDialog.ShowDialog()" 仅在 "windows" 6.1 及更高版本 上受支持。 (https://learn.microsoft.com/dotnet/fundamentals/code-analysis/quality-rules/ca1416) [D:\suo\SleepSightPro\SleepSightPro.csproj]
D:\suo\SleepSightPro\MainForm.cs(1801,30): warning CA1416: 可在所有平台上访问此调用站点。"ListViewItem.ListViewSubItem" 仅在 "windows" 6.1 及更高版本 上受支持。 (https://learn.microsoft.com/dotnet/fundamentals/code-analysis/quality-rules/ca1416) [D:\suo\SleepSightPro\SleepSightPro.csproj]
D:\suo\SleepSightPro\MainForm.cs(1801,30): warning CA1416: 可在所有平台上访问此调用站点。"ListViewItem.SubItems" 仅在 "windows" 6.1 及更高版本 上受支持。 (https://learn.microsoft.com/dotnet/fundamentals/code-analysis/quality-rules/ca1416) [D:\suo\SleepSightPro\SleepSightPro.csproj]
D:\suo\SleepSightPro\MainForm.cs(1788,37): warning CA1416: 可在所有平台上访问此调用站点。"ListView.Items" 仅在 "windows" 6.1 及更高版本 上受支持。 (https://learn.microsoft.com/dotnet/fundamentals/code-analysis/quality-rules/ca1416) [D:\suo\SleepSightPro\SleepSightPro.csproj]
D:\suo\SleepSightPro\MainForm.cs(1792,13): warning CA1416: 可在所有平台上访问此调用站点。"FileDialog.DefaultExt" 仅在 "windows" 6.1 及更高版本 上受支持。 (https://learn.microsoft.com/dotnet/fundamentals/code-analysis/quality-rules/ca1416) [D:\suo\SleepSightPro\SleepSightPro.csproj]
D:\suo\SleepSightPro\MainForm.cs(1805,78): warning CA1416: 可在所有平台上访问此调用站点。"MessageBoxButtons.OK" 仅在 "windows" 6.1 及更高版本 上受支持。 (https://learn.microsoft.com/dotnet/fundamentals/code-analysis/quality-rules/ca1416) [D:\suo\SleepSightPro\SleepSightPro.csproj]
D:\suo\SleepSightPro\MainForm.cs(1805,100): warning CA1416: 可在所有平台上访问此调用站点。"MessageBoxIcon.Information" 仅在 "windows" 6.1 及更高版本 上受支持。 (https://learn.microsoft.com/dotnet/fundamentals/code-analysis/quality-rules/ca1416) [D:\suo\SleepSightPro\SleepSightPro.csproj]
D:\suo\SleepSightPro\MainForm.cs(1802,44): warning CA1416: 可在所有平台上访问此调用站点。"ListViewItem.ListViewSubItem.Text" 仅在 "windows" 6.1 及更高版本 上受支持。 (https://learn.microsoft.com/dotnet/fundamentals/code-analysis/quality-rules/ca1416) [D:\suo\SleepSightPro\SleepSightPro.csproj]
D:\suo\SleepSightPro\MainForm.cs(1789,25): warning CA1416: 可在所有平台上访问此调用站点。"SaveFileDialog" 仅在 "windows" 6.1 及更高版本 上受支持。 (https://learn.microsoft.com/dotnet/fundamentals/code-analysis/quality-rules/ca1416) [D:\suo\SleepSightPro\SleepSightPro.csproj]
D:\suo\SleepSightPro\MainForm.cs(1788,37): warning CA1416: 可在所有平台上访问此调用站点。"ListView.ListViewItemCollection.Count" 仅在 "windows" 6.1 及更高版本 上受支持。 (https://learn.microsoft.com/dotnet/fundamentals/code-analysis/quality-rules/ca1416) [D:\suo\SleepSightPro\SleepSightPro.csproj]
D:\suo\SleepSightPro\MainForm.cs(1791,13): warning CA1416: 可在所有平台上访问此调用站点。"FileDialog.Filter" 仅在 "windows" 6.1 及更高版本 上受支持。 (https://learn.microsoft.com/dotnet/fundamentals/code-analysis/quality-rules/ca1416) [D:\suo\SleepSightPro\SleepSightPro.csproj]
D:\suo\SleepSightPro\MainForm.cs(1922,9): warning CA1416: 可在所有平台上访问此调用站点。"RichTextBox.SelectionColor" 仅在 "windows" 6.1 及更高版本 上受支持。 (https://learn.microsoft.com/dotnet/fundamentals/code-analysis/quality-rules/ca1416) [D:\suo\SleepSightPro\SleepSightPro.csproj]
D:\suo\SleepSightPro\MainForm.cs(1920,45): warning CA1416: 可在所有平台上访问此调用站点。"RichTextBox.TextLength" 仅在 "windows" 6.1 及更高版本 上受支持。 (https://learn.microsoft.com/dotnet/fundamentals/code-analysis/quality-rules/ca1416) [D:\suo\SleepSightPro\SleepSightPro.csproj]
D:\suo\SleepSightPro\MainForm.cs(1920,9): warning CA1416: 可在所有平台上访问此调用站点。"TextBoxBase.SelectionStart" 仅在 "windows" 6.1 及更高版本 上受支持。 (https://learn.microsoft.com/dotnet/fundamentals/code-analysis/quality-rules/ca1416) [D:\suo\SleepSightPro\SleepSightPro.csproj]
D:\suo\SleepSightPro\MainForm.cs(1917,43): warning CA1416: 可在所有平台上访问此调用站点。"Control.IsDisposed" 仅在 "windows" 6.1 及更高版本 上受支持。 (https://learn.microsoft.com/dotnet/fundamentals/code-analysis/quality-rules/ca1416) [D:\suo\SleepSightPro\SleepSightPro.csproj]
D:\suo\SleepSightPro\MainForm.cs(1924,9): warning CA1416: 可在所有平台上访问此调用站点。"TextBoxBase.ScrollToCaret()" 仅在 "windows" 6.1 及更高版本 上受支持。 (https://learn.microsoft.com/dotnet/fundamentals/code-analysis/quality-rules/ca1416) [D:\suo\SleepSightPro\SleepSightPro.csproj]
D:\suo\SleepSightPro\MainForm.cs(1921,9): warning CA1416: 可在所有平台上访问此调用站点。"RichTextBox.SelectionLength" 仅在 "windows" 6.1 及更高版本 上受支持。 (https://learn.microsoft.com/dotnet/fundamentals/code-analysis/quality-rules/ca1416) [D:\suo\SleepSightPro\SleepSightPro.csproj]
D:\suo\SleepSightPro\MainForm.cs(1923,9): warning CA1416: 可在所有平台上访问此调用站点。"TextBoxBase.AppendText(string?)" 仅在 "windows" 6.1 及更高版本 上受支持。 (https://learn.microsoft.com/dotnet/fundamentals/code-analysis/quality-rules/ca1416) [D:\suo\SleepSightPro\SleepSightPro.csproj]
D:\suo\SleepSightPro\MainForm.cs(1959,13): warning CA1416: 可在所有平台上访问此调用站点。"TextBoxBase.Clear()" 仅在 "windows" 6.1 及更高版本 上受支持。 (https://learn.microsoft.com/dotnet/fundamentals/code-analysis/quality-rules/ca1416) [D:\suo\SleepSightPro\SleepSightPro.csproj]
D:\suo\SleepSightPro\MainForm.cs(1956,13): warning CA1416: 可在所有平台上访问此调用站点。"RichTextBox.TextLength" 仅在 "windows" 6.1 及更高版本 上受支持。 (https://learn.microsoft.com/dotnet/fundamentals/code-analysis/quality-rules/ca1416) [D:\suo\SleepSightPro\SleepSightPro.csproj]
D:\suo\SleepSightPro\MainForm.cs(1949,9): warning CA1416: 可在所有平台上访问此调用站点。"TextBoxBase.ScrollToCaret()" 仅在 "windows" 6.1 及更高版本 上受支持。 (https://learn.microsoft.com/dotnet/fundamentals/code-analysis/quality-rules/ca1416) [D:\suo\SleepSightPro\SleepSightPro.csproj]
D:\suo\SleepSightPro\MainForm.cs(1945,9): warning CA1416: 可在所有平台上访问此调用站点。"TextBoxBase.SelectionStart" 仅在 "windows" 6.1 及更高版本 上受支持。 (https://learn.microsoft.com/dotnet/fundamentals/code-analysis/quality-rules/ca1416) [D:\suo\SleepSightPro\SleepSightPro.csproj]
D:\suo\SleepSightPro\MainForm.cs(1947,9): warning CA1416: 可在所有平台上访问此调用站点。"RichTextBox.SelectionColor" 仅在 "windows" 6.1 及更高版本 上受支持。 (https://learn.microsoft.com/dotnet/fundamentals/code-analysis/quality-rules/ca1416) [D:\suo\SleepSightPro\SleepSightPro.csproj]
D:\suo\SleepSightPro\MainForm.cs(1946,9): warning CA1416: 可在所有平台上访问此调用站点。"RichTextBox.SelectionLength" 仅在 "windows" 6.1 及更高版本 上受支持。 (https://learn.microsoft.com/dotnet/fundamentals/code-analysis/quality-rules/ca1416) [D:\suo\SleepSightPro\SleepSightPro.csproj]
D:\suo\SleepSightPro\MainForm.cs(1930,43): warning CA1416: 可在所有平台上访问此调用站点。"Control.IsDisposed" 仅在 "windows" 6.1 及更高版本 上受支持。 (https://learn.microsoft.com/dotnet/fundamentals/code-analysis/quality-rules/ca1416) [D:\suo\SleepSightPro\SleepSightPro.csproj]
D:\suo\SleepSightPro\MainForm.cs(1948,9): warning CA1416: 可在所有平台上访问此调用站点。"TextBoxBase.AppendText(string?)" 仅在 "windows" 6.1 及更高版本 上受支持。 (https://learn.microsoft.com/dotnet/fundamentals/code-analysis/quality-rules/ca1416) [D:\suo\SleepSightPro\SleepSightPro.csproj]
D:\suo\SleepSightPro\MainForm.cs(1945,45): warning CA1416: 可在所有平台上访问此调用站点。"RichTextBox.TextLength" 仅在 "windows" 6.1 及更高版本 上受支持。 (https://learn.microsoft.com/dotnet/fundamentals/code-analysis/quality-rules/ca1416) [D:\suo\SleepSightPro\SleepSightPro.csproj]
D:\suo\SleepSightPro\MainForm.cs(2142,9): warning CA1416: 可在所有平台上访问此调用站点。"Axis.MinorGrid" 仅在 "Windows" 7.0 及更高版本 上受支持。 (https://learn.microsoft.com/dotnet/fundamentals/code-analysis/quality-rules/ca1416) [D:\suo\SleepSightPro\SleepSightPro.csproj]
D:\suo\SleepSightPro\MainForm.cs(2168,9): warning CA1416: 可在所有平台上访问此调用站点。"Series" 仅在 "Windows" 7.0 及更高版本 上受支持。 (https://learn.microsoft.com/dotnet/fundamentals/code-analysis/quality-rules/ca1416) [D:\suo\SleepSightPro\SleepSightPro.csproj]
D:\suo\SleepSightPro\MainForm.cs(2133,9): warning CA1416: 可在所有平台上访问此调用站点。"Axis.Minimum" 仅在 "Windows" 7.0 及更高版本 上受支持。 (https://learn.microsoft.com/dotnet/fundamentals/code-analysis/quality-rules/ca1416) [D:\suo\SleepSightPro\SleepSightPro.csproj]
D:\suo\SleepSightPro\MainForm.cs(2145,9): warning CA1416: 可在所有平台上访问此调用站点。"Axis.Interval" 仅在 "Windows" 7.0 及更高版本 上受支持。 (https://learn.microsoft.com/dotnet/fundamentals/code-analysis/quality-rules/ca1416) [D:\suo\SleepSightPro\SleepSightPro.csproj]
D:\suo\SleepSightPro\MainForm.cs(2136,9): warning CA1416: 可在所有平台上访问此调用站点。"ChartArea" 仅在 "Windows" 7.0 及更高版本 上受支持。 (https://learn.microsoft.com/dotnet/fundamentals/code-analysis/quality-rules/ca1416) [D:\suo\SleepSightPro\SleepSightPro.csproj]
D:\suo\SleepSightPro\MainForm.cs(2157,9): warning CA1416: 可在所有平台上访问此调用站点。"Axis.StripLines" 仅在 "Windows" 7.0 及更高版本 上受支持。 (https://learn.microsoft.com/dotnet/fundamentals/code-analysis/quality-rules/ca1416) [D:\suo\SleepSightPro\SleepSightPro.csproj]
D:\suo\SleepSightPro\MainForm.cs(2167,9): warning CA1416: 可在所有平台上访问此调用站点。"Chart.Series" 仅在 "Windows" 7.0 及更高版本 上受支持。 (https://learn.microsoft.com/dotnet/fundamentals/code-analysis/quality-rules/ca1416) [D:\suo\SleepSightPro\SleepSightPro.csproj]
D:\suo\SleepSightPro\MainForm.cs(2176,9): warning CA1416: 可在所有平台上访问此调用站点。"Chart.Titles" 仅在 "Windows" 7.0 及更高版本 上受支持。 (https://learn.microsoft.com/dotnet/fundamentals/code-analysis/quality-rules/ca1416) [D:\suo\SleepSightPro\SleepSightPro.csproj]
D:\suo\SleepSightPro\MainForm.cs(2147,9): warning CA1416: 可在所有平台上访问此调用站点。"ChartArea.AxisX" 仅在 "Windows" 7.0 及更高版本 上受支持。 (https://learn.microsoft.com/dotnet/fundamentals/code-analysis/quality-rules/ca1416) [D:\suo\SleepSightPro\SleepSightPro.csproj]
D:\suo\SleepSightPro\MainForm.cs(2157,9): warning CA1416: 可在所有平台上访问此调用站点。"StripLine" 仅在 "Windows" 7.0 及更高版本 上受支持。 (https://learn.microsoft.com/dotnet/fundamentals/code-analysis/quality-rules/ca1416) [D:\suo\SleepSightPro\SleepSightPro.csproj]
D:\suo\SleepSightPro\MainForm.cs(2153,13): warning CA1416: 可在所有平台上访问此调用站点。"StripLine.StripWidth" 仅在 "Windows" 7.0 及更高版本 上受支持。 (https://learn.microsoft.com/dotnet/fundamentals/code-analysis/quality-rules/ca1416) [D:\suo\SleepSightPro\SleepSightPro.csproj]
D:\suo\SleepSightPro\MainForm.cs(2146,9): warning CA1416: 可在所有平台上访问此调用站点。"Grid.Enabled" 仅在 "Windows" 7.0 及更高版本 上受支持。 (https://learn.microsoft.com/dotnet/fundamentals/code-analysis/quality-rules/ca1416) [D:\suo\SleepSightPro\SleepSightPro.csproj]
D:\suo\SleepSightPro\MainForm.cs(2162,13): warning CA1416: 可在所有平台上访问此调用站点。"Series.ChartType" 仅在 "Windows" 7.0 及更高版本 上受支持。 (https://learn.microsoft.com/dotnet/fundamentals/code-analysis/quality-rules/ca1416) [D:\suo\SleepSightPro\SleepSightPro.csproj]
D:\suo\SleepSightPro\MainForm.cs(2160,22): warning CA1416: 可在所有平台上访问此调用站点。"Series" 仅在 "Windows" 7.0 及更高版本 上受支持。 (https://learn.microsoft.com/dotnet/fundamentals/code-analysis/quality-rules/ca1416) [D:\suo\SleepSightPro\SleepSightPro.csproj]
D:\suo\SleepSightPro\MainForm.cs(2133,9): warning CA1416: 可在所有平台上访问此调用站点。"ChartArea.AxisY" 仅在 "Windows" 7.0 及更高版本 上受支持。 (https://learn.microsoft.com/dotnet/fundamentals/code-analysis/quality-rules/ca1416) [D:\suo\SleepSightPro\SleepSightPro.csproj]
D:\suo\SleepSightPro\MainForm.cs(2142,9): warning CA1416: 可在所有平台上访问此调用站点。"Grid.Enabled" 仅在 "Windows" 7.0 及更高版本 上受支持。 (https://learn.microsoft.com/dotnet/fundamentals/code-analysis/quality-rules/ca1416) [D:\suo\SleepSightPro\SleepSightPro.csproj]
D:\suo\SleepSightPro\MainForm.cs(2132,9): warning CA1416: 可在所有平台上访问此调用站点。"Axis.MajorTickMark" 仅在 "Windows" 7.0 及更高版本 上受支持。 (https://learn.microsoft.com/dotnet/fundamentals/code-analysis/quality-rules/ca1416) [D:\suo\SleepSightPro\SleepSightPro.csproj]
D:\suo\SleepSightPro\MainForm.cs(2177,9): warning CA1416: 可在所有平台上访问此调用站点。"Title" 仅在 "Windows" 7.0 及更高版本 上受支持。 (https://learn.microsoft.com/dotnet/fundamentals/code-analysis/quality-rules/ca1416) [D:\suo\SleepSightPro\SleepSightPro.csproj]
D:\suo\SleepSightPro\MainForm.cs(2123,13): warning CA1416: 可在所有平台上访问此调用站点。"ChartArea.BorderColor" 仅在 "Windows" 7.0 及更高版本 上受支持。 (https://learn.microsoft.com/dotnet/fundamentals/code-analysis/quality-rules/ca1416) [D:\suo\SleepSightPro\SleepSightPro.csproj]
D:\suo\SleepSightPro\MainForm.cs(2129,9): warning CA1416: 可在所有平台上访问此调用站点。"Axis.MajorGrid" 仅在 "Windows" 7.0 及更高版本 上受支持。 (https://learn.microsoft.com/dotnet/fundamentals/code-analysis/quality-rules/ca1416) [D:\suo\SleepSightPro\SleepSightPro.csproj]
D:\suo\SleepSightPro\MainForm.cs(2146,9): warning CA1416: 可在所有平台上访问此调用站点。"Axis.MajorTickMark" 仅在 "Windows" 7.0 及更高版本 上受支持。 (https://learn.microsoft.com/dotnet/fundamentals/code-analysis/quality-rules/ca1416) [D:\suo\SleepSightPro\SleepSightPro.csproj]
D:\suo\SleepSightPro\MainForm.cs(2130,9): warning CA1416: 可在所有平台上访问此调用站点。"Axis.MinorGrid" 仅在 "Windows" 7.0 及更高版本 上受支持。 (https://learn.microsoft.com/dotnet/fundamentals/code-analysis/quality-rules/ca1416) [D:\suo\SleepSightPro\SleepSightPro.csproj]
D:\suo\SleepSightPro\MainForm.cs(2132,9): warning CA1416: 可在所有平台上访问此调用站点。"ChartArea.AxisX" 仅在 "Windows" 7.0 及更高版本 上受支持。 (https://learn.microsoft.com/dotnet/fundamentals/code-analysis/quality-rules/ca1416) [D:\suo\SleepSightPro\SleepSightPro.csproj]
D:\suo\SleepSightPro\MainForm.cs(2136,9): warning CA1416: 可在所有平台上访问此调用站点。"Chart.ChartAreas" 仅在 "Windows" 7.0 及更高版本 上受支持。 (https://learn.microsoft.com/dotnet/fundamentals/code-analysis/quality-rules/ca1416) [D:\suo\SleepSightPro\SleepSightPro.csproj]
D:\suo\SleepSightPro\MainForm.cs(2172,9): warning CA1416: 可在所有平台上访问此调用站点。"Chart.Palette" 仅在 "Windows" 7.0 及更高版本 上受支持。 (https://learn.microsoft.com/dotnet/fundamentals/code-analysis/quality-rules/ca1416) [D:\suo\SleepSightPro\SleepSightPro.csproj]
D:\suo\SleepSightPro\MainForm.cs(2165,13): warning CA1416: 可在所有平台上访问此调用站点。"Series.ShadowOffset" 仅在 "Windows" 7.0 及更高版本 上受支持。 (https://learn.microsoft.com/dotnet/fundamentals/code-analysis/quality-rules/ca1416) [D:\suo\SleepSightPro\SleepSightPro.csproj]
D:\suo\SleepSightPro\MainForm.cs(2141,9): warning CA1416: 可在所有平台上访问此调用站点。"Axis.MajorGrid" 仅在 "Windows" 7.0 及更高版本 上受支持。 (https://learn.microsoft.com/dotnet/fundamentals/code-analysis/quality-rules/ca1416) [D:\suo\SleepSightPro\SleepSightPro.csproj]
D:\suo\SleepSightPro\MainForm.cs(2155,13): warning CA1416: 可在所有平台上访问此调用站点。"StripLine.IntervalOffset" 仅在 "Windows" 7.0 及更高版本 上受支持。 (https://learn.microsoft.com/dotnet/fundamentals/code-analysis/quality-rules/ca1416) [D:\suo\SleepSightPro\SleepSightPro.csproj]
D:\suo\SleepSightPro\MainForm.cs(2178,34): warning CA1416: 可在所有平台上访问此调用站点。"FontStyle.Bold" 仅在 "windows" 6.1 及更高版本 上受支持。 (https://learn.microsoft.com/dotnet/fundamentals/code-analysis/quality-rules/ca1416) [D:\suo\SleepSightPro\SleepSightPro.csproj]
D:\suo\SleepSightPro\MainForm.cs(2168,9): warning CA1416: 可在所有平台上访问此调用站点。"Chart.Series" 仅在 "Windows" 7.0 及更高版本 上受支持。 (https://learn.microsoft.com/dotnet/fundamentals/code-analysis/quality-rules/ca1416) [D:\suo\SleepSightPro\SleepSightPro.csproj]
D:\suo\SleepSightPro\MainForm.cs(2130,9): warning CA1416: 可在所有平台上访问此调用站点。"Grid.Enabled" 仅在 "Windows" 7.0 及更高版本 上受支持。 (https://learn.microsoft.com/dotnet/fundamentals/code-analysis/quality-rules/ca1416) [D:\suo\SleepSightPro\SleepSightPro.csproj]
D:\suo\SleepSightPro\MainForm.cs(2129,9): warning CA1416: 可在所有平台上访问此调用站点。"Grid.Enabled" 仅在 "Windows" 7.0 及更高版本 上受支持。 (https://learn.microsoft.com/dotnet/fundamentals/code-analysis/quality-rules/ca1416) [D:\suo\SleepSightPro\SleepSightPro.csproj]
D:\suo\SleepSightPro\MainForm.cs(2143,9): warning CA1416: 可在所有平台上访问此调用站点。"Axis.LabelStyle" 仅在 "Windows" 7.0 及更高版本 上受支持。 (https://learn.microsoft.com/dotnet/fundamentals/code-analysis/quality-rules/ca1416) [D:\suo\SleepSightPro\SleepSightPro.csproj]
D:\suo\SleepSightPro\MainForm.cs(2144,9): warning CA1416: 可在所有平台上访问此调用站点。"Axis.LabelStyle" 仅在 "Windows" 7.0 及更高版本 上受支持。 (https://learn.microsoft.com/dotnet/fundamentals/code-analysis/quality-rules/ca1416) [D:\suo\SleepSightPro\SleepSightPro.csproj]
D:\suo\SleepSightPro\MainForm.cs(2128,9): warning CA1416: 可在所有平台上访问此调用站点。"ChartArea.AxisX" 仅在 "Windows" 7.0 及更高版本 上受支持。 (https://learn.microsoft.com/dotnet/fundamentals/code-analysis/quality-rules/ca1416) [D:\suo\SleepSightPro\SleepSightPro.csproj]
D:\suo\SleepSightPro\MainForm.cs(2132,9): warning CA1416: 可在所有平台上访问此调用站点。"Grid.Enabled" 仅在 "Windows" 7.0 及更高版本 上受支持。 (https://learn.microsoft.com/dotnet/fundamentals/code-analysis/quality-rules/ca1416) [D:\suo\SleepSightPro\SleepSightPro.csproj]
D:\suo\SleepSightPro\MainForm.cs(2177,26): warning CA1416: 可在所有平台上访问此调用站点。"Title" 仅在 "Windows" 7.0 及更高版本 上受支持。 (https://learn.microsoft.com/dotnet/fundamentals/code-analysis/quality-rules/ca1416) [D:\suo\SleepSightPro\SleepSightPro.csproj]
D:\suo\SleepSightPro\MainForm.cs(2129,9): warning CA1416: 可在所有平台上访问此调用站点。"ChartArea.AxisX" 仅在 "Windows" 7.0 及更高版本 上受支持。 (https://learn.microsoft.com/dotnet/fundamentals/code-analysis/quality-rules/ca1416) [D:\suo\SleepSightPro\SleepSightPro.csproj]
D:\suo\SleepSightPro\MainForm.cs(2150,23): warning CA1416: 可在所有平台上访问此调用站点。"StripLine" 仅在 "Windows" 7.0 及更高版本 上受支持。 (https://learn.microsoft.com/dotnet/fundamentals/code-analysis/quality-rules/ca1416) [D:\suo\SleepSightPro\SleepSightPro.csproj]
D:\suo\SleepSightPro\MainForm.cs(2131,9): warning CA1416: 可在所有平台上访问此调用站点。"Axis.LabelStyle" 仅在 "Windows" 7.0 及更高版本 上受支持。 (https://learn.microsoft.com/dotnet/fundamentals/code-analysis/quality-rules/ca1416) [D:\suo\SleepSightPro\SleepSightPro.csproj]
D:\suo\SleepSightPro\MainForm.cs(2137,9): warning CA1416: 可在所有平台上访问此调用站点。"ChartArea" 仅在 "Windows" 7.0 及更高版本 上受支持。 (https://learn.microsoft.com/dotnet/fundamentals/code-analysis/quality-rules/ca1416) [D:\suo\SleepSightPro\SleepSightPro.csproj]
D:\suo\SleepSightPro\MainForm.cs(2178,13): warning CA1416: 可在所有平台上访问此调用站点。"Font" 仅在 "windows" 6.1 及更高版本 上受支持。 (https://learn.microsoft.com/dotnet/fundamentals/code-analysis/quality-rules/ca1416) [D:\suo\SleepSightPro\SleepSightPro.csproj]
D:\suo\SleepSightPro\MainForm.cs(2140,9): warning CA1416: 可在所有平台上访问此调用站点。"Axis.LineColor" 仅在 "Windows" 7.0 及更高版本 上受支持。 (https://learn.microsoft.com/dotnet/fundamentals/code-analysis/quality-rules/ca1416) [D:\suo\SleepSightPro\SleepSightPro.csproj]
D:\suo\SleepSightPro\MainForm.cs(2127,9): warning CA1416: 可在所有平台上访问此调用站点。"ChartArea.AxisX" 仅在 "Windows" 7.0 及更高版本 上受支持。 (https://learn.microsoft.com/dotnet/fundamentals/code-analysis/quality-rules/ca1416) [D:\suo\SleepSightPro\SleepSightPro.csproj]
D:\suo\SleepSightPro\MainForm.cs(2120,20): warning CA1416: 可在所有平台上访问此调用站点。"ChartArea" 仅在 "Windows" 7.0 及更高版本 上受支持。 (https://learn.microsoft.com/dotnet/fundamentals/code-analysis/quality-rules/ca1416) [D:\suo\SleepSightPro\SleepSightPro.csproj]
D:\suo\SleepSightPro\MainForm.cs(2141,9): warning CA1416: 可在所有平台上访问此调用站点。"ChartArea.AxisY" 仅在 "Windows" 7.0 及更高版本 上受支持。 (https://learn.microsoft.com/dotnet/fundamentals/code-analysis/quality-rules/ca1416) [D:\suo\SleepSightPro\SleepSightPro.csproj]
D:\suo\SleepSightPro\MainForm.cs(2176,9): warning CA1416: 可在所有平台上访问此调用站点。"Title" 仅在 "Windows" 7.0 及更高版本 上受支持。 (https://learn.microsoft.com/dotnet/fundamentals/code-analysis/quality-rules/ca1416) [D:\suo\SleepSightPro\SleepSightPro.csproj]
D:\suo\SleepSightPro\MainForm.cs(2144,38): warning CA1416: 可在所有平台上访问此调用站点。"Font" 仅在 "windows" 6.1 及更高版本 上受支持。 (https://learn.microsoft.com/dotnet/fundamentals/code-analysis/quality-rules/ca1416) [D:\suo\SleepSightPro\SleepSightPro.csproj]
D:\suo\SleepSightPro\MainForm.cs(2128,9): warning CA1416: 可在所有平台上访问此调用站点。"Axis.Maximum" 仅在 "Windows" 7.0 及更高版本 上受支持。 (https://learn.microsoft.com/dotnet/fundamentals/code-analysis/quality-rules/ca1416) [D:\suo\SleepSightPro\SleepSightPro.csproj]
D:\suo\SleepSightPro\MainForm.cs(2145,9): warning CA1416: 可在所有平台上访问此调用站点。"ChartArea.AxisY" 仅在 "Windows" 7.0 及更高版本 上受支持。 (https://learn.microsoft.com/dotnet/fundamentals/code-analysis/quality-rules/ca1416) [D:\suo\SleepSightPro\SleepSightPro.csproj]
D:\suo\SleepSightPro\MainForm.cs(2140,9): warning CA1416: 可在所有平台上访问此调用站点。"ChartArea.AxisY" 仅在 "Windows" 7.0 及更高版本 上受支持。 (https://learn.microsoft.com/dotnet/fundamentals/code-analysis/quality-rules/ca1416) [D:\suo\SleepSightPro\SleepSightPro.csproj]
D:\suo\SleepSightPro\MainForm.cs(2134,9): warning CA1416: 可在所有平台上访问此调用站点。"ChartArea.AxisY" 仅在 "Windows" 7.0 及更高版本 上受支持。 (https://learn.microsoft.com/dotnet/fundamentals/code-analysis/quality-rules/ca1416) [D:\suo\SleepSightPro\SleepSightPro.csproj]
D:\suo\SleepSightPro\MainForm.cs(2131,9): warning CA1416: 可在所有平台上访问此调用站点。"ChartArea.AxisX" 仅在 "Windows" 7.0 及更高版本 上受支持。 (https://learn.microsoft.com/dotnet/fundamentals/code-analysis/quality-rules/ca1416) [D:\suo\SleepSightPro\SleepSightPro.csproj]
D:\suo\SleepSightPro\MainForm.cs(2152,13): warning CA1416: 可在所有平台上访问此调用站点。"StripLine.BackColor" 仅在 "Windows" 7.0 及更高版本 上受支持。 (https://learn.microsoft.com/dotnet/fundamentals/code-analysis/quality-rules/ca1416) [D:\suo\SleepSightPro\SleepSightPro.csproj]
D:\suo\SleepSightPro\MainForm.cs(2163,13): warning CA1416: 可在所有平台上访问此调用站点。"DataPointCustomProperties.Color" 仅在 "Windows" 7.0 及更高版本 上受支持。 (https://learn.microsoft.com/dotnet/fundamentals/code-analysis/quality-rules/ca1416) [D:\suo\SleepSightPro\SleepSightPro.csproj]
D:\suo\SleepSightPro\MainForm.cs(2154,13): warning CA1416: 可在所有平台上访问此调用站点。"StripLine.Interval" 仅在 "Windows" 7.0 及更高版本 上受支持。 (https://learn.microsoft.com/dotnet/fundamentals/code-analysis/quality-rules/ca1416) [D:\suo\SleepSightPro\SleepSightPro.csproj]
D:\suo\SleepSightPro\MainForm.cs(2130,9): warning CA1416: 可在所有平台上访问此调用站点。"ChartArea.AxisX" 仅在 "Windows" 7.0 及更高版本 上受支持。 (https://learn.microsoft.com/dotnet/fundamentals/code-analysis/quality-rules/ca1416) [D:\suo\SleepSightPro\SleepSightPro.csproj]
D:\suo\SleepSightPro\MainForm.cs(2173,9): warning CA1416: 可在所有平台上访问此调用站点。"Chart.AntiAliasing" 仅在 "Windows" 7.0 及更高版本 上受支持。 (https://learn.microsoft.com/dotnet/fundamentals/code-analysis/quality-rules/ca1416) [D:\suo\SleepSightPro\SleepSightPro.csproj]
D:\suo\SleepSightPro\MainForm.cs(2171,9): warning CA1416: 可在所有平台上访问此调用站点。"Chart.BackColor" 仅在 "Windows" 7.0 及更高版本 上受支持。 (https://learn.microsoft.com/dotnet/fundamentals/code-analysis/quality-rules/ca1416) [D:\suo\SleepSightPro\SleepSightPro.csproj]
D:\suo\SleepSightPro\MainForm.cs(2144,9): warning CA1416: 可在所有平台上访问此调用站点。"ChartArea.AxisY" 仅在 "Windows" 7.0 及更高版本 上受支持。 (https://learn.microsoft.com/dotnet/fundamentals/code-analysis/quality-rules/ca1416) [D:\suo\SleepSightPro\SleepSightPro.csproj]
D:\suo\SleepSightPro\MainForm.cs(2146,9): warning CA1416: 可在所有平台上访问此调用站点。"ChartArea.AxisY" 仅在 "Windows" 7.0 及更高版本 上受支持。 (https://learn.microsoft.com/dotnet/fundamentals/code-analysis/quality-rules/ca1416) [D:\suo\SleepSightPro\SleepSightPro.csproj]
D:\suo\SleepSightPro\MainForm.cs(2127,9): warning CA1416: 可在所有平台上访问此调用站点。"Axis.Minimum" 仅在 "Windows" 7.0 及更高版本 上受支持。 (https://learn.microsoft.com/dotnet/fundamentals/code-analysis/quality-rules/ca1416) [D:\suo\SleepSightPro\SleepSightPro.csproj]
D:\suo\SleepSightPro\MainForm.cs(2143,9): warning CA1416: 可在所有平台上访问此调用站点。"ChartArea.AxisY" 仅在 "Windows" 7.0 及更高版本 上受支持。 (https://learn.microsoft.com/dotnet/fundamentals/code-analysis/quality-rules/ca1416) [D:\suo\SleepSightPro\SleepSightPro.csproj]
D:\suo\SleepSightPro\MainForm.cs(2164,13): warning CA1416: 可在所有平台上访问此调用站点。"DataPointCustomProperties.BorderWidth" 仅在 "Windows" 7.0 及更高版本 上受支持。 (https://learn.microsoft.com/dotnet/fundamentals/code-analysis/quality-rules/ca1416) [D:\suo\SleepSightPro\SleepSightPro.csproj]
D:\suo\SleepSightPro\MainForm.cs(2177,43): warning CA1416: 可在所有平台上访问此调用站点。"Docking.Top" 仅在 "Windows" 7.0 及更高版本 上受支持。 (https://learn.microsoft.com/dotnet/fundamentals/code-analysis/quality-rules/ca1416) [D:\suo\SleepSightPro\SleepSightPro.csproj]
D:\suo\SleepSightPro\MainForm.cs(2141,9): warning CA1416: 可在所有平台上访问此调用站点。"Grid.LineColor" 仅在 "Windows" 7.0 及更高版本 上受支持。 (https://learn.microsoft.com/dotnet/fundamentals/code-analysis/quality-rules/ca1416) [D:\suo\SleepSightPro\SleepSightPro.csproj]
D:\suo\SleepSightPro\MainForm.cs(2143,9): warning CA1416: 可在所有平台上访问此调用站点。"LabelStyle.ForeColor" 仅在 "Windows" 7.0 及更高版本 上受支持。 (https://learn.microsoft.com/dotnet/fundamentals/code-analysis/quality-rules/ca1416) [D:\suo\SleepSightPro\SleepSightPro.csproj]
D:\suo\SleepSightPro\MainForm.cs(2122,13): warning CA1416: 可在所有平台上访问此调用站点。"ChartArea.BackColor" 仅在 "Windows" 7.0 及更高版本 上受支持。 (https://learn.microsoft.com/dotnet/fundamentals/code-analysis/quality-rules/ca1416) [D:\suo\SleepSightPro\SleepSightPro.csproj]
D:\suo\SleepSightPro\MainForm.cs(2157,9): warning CA1416: 可在所有平台上访问此调用站点。"ChartArea.AxisY" 仅在 "Windows" 7.0 及更高版本 上受支持。 (https://learn.microsoft.com/dotnet/fundamentals/code-analysis/quality-rules/ca1416) [D:\suo\SleepSightPro\SleepSightPro.csproj]
D:\suo\SleepSightPro\MainForm.cs(2144,9): warning CA1416: 可在所有平台上访问此调用站点。"LabelStyle.Font" 仅在 "Windows" 7.0 及更高版本 上受支持。 (https://learn.microsoft.com/dotnet/fundamentals/code-analysis/quality-rules/ca1416) [D:\suo\SleepSightPro\SleepSightPro.csproj]
D:\suo\SleepSightPro\MainForm.cs(2147,9): warning CA1416: 可在所有平台上访问此调用站点。"Axis.LineColor" 仅在 "Windows" 7.0 及更高版本 上受支持。 (https://learn.microsoft.com/dotnet/fundamentals/code-analysis/quality-rules/ca1416) [D:\suo\SleepSightPro\SleepSightPro.csproj]
D:\suo\SleepSightPro\MainForm.cs(2137,9): warning CA1416: 可在所有平台上访问此调用站点。"Chart.ChartAreas" 仅在 "Windows" 7.0 及更高版本 上受支持。 (https://learn.microsoft.com/dotnet/fundamentals/code-analysis/quality-rules/ca1416) [D:\suo\SleepSightPro\SleepSightPro.csproj]
D:\suo\SleepSightPro\MainForm.cs(2134,9): warning CA1416: 可在所有平台上访问此调用站点。"Axis.Maximum" 仅在 "Windows" 7.0 及更高版本 上受支持。 (https://learn.microsoft.com/dotnet/fundamentals/code-analysis/quality-rules/ca1416) [D:\suo\SleepSightPro\SleepSightPro.csproj]
D:\suo\SleepSightPro\MainForm.cs(2142,9): warning CA1416: 可在所有平台上访问此调用站点。"ChartArea.AxisY" 仅在 "Windows" 7.0 及更高版本 上受支持。 (https://learn.microsoft.com/dotnet/fundamentals/code-analysis/quality-rules/ca1416) [D:\suo\SleepSightPro\SleepSightPro.csproj]
D:\suo\SleepSightPro\MainForm.cs(2167,9): warning CA1416: 可在所有平台上访问此调用站点。"Series" 仅在 "Windows" 7.0 及更高版本 上受支持。 (https://learn.microsoft.com/dotnet/fundamentals/code-analysis/quality-rules/ca1416) [D:\suo\SleepSightPro\SleepSightPro.csproj]
D:\suo\SleepSightPro\MainForm.cs(2177,9): warning CA1416: 可在所有平台上访问此调用站点。"Chart.Titles" 仅在 "Windows" 7.0 及更高版本 上受支持。 (https://learn.microsoft.com/dotnet/fundamentals/code-analysis/quality-rules/ca1416) [D:\suo\SleepSightPro\SleepSightPro.csproj]
D:\suo\SleepSightPro\MainForm.cs(2131,9): warning CA1416: 可在所有平台上访问此调用站点。"LabelStyle.Enabled" 仅在 "Windows" 7.0 及更高版本 上受支持。 (https://learn.microsoft.com/dotnet/fundamentals/code-analysis/quality-rules/ca1416) [D:\suo\SleepSightPro\SleepSightPro.csproj]
D:\suo\SleepSightPro\MainForm.cs(2227,21): warning CA1416: 可在所有平台上访问此调用站点。"Series.Points" 仅在 "Windows" 7.0 及更高版本 上受支持。 (https://learn.microsoft.com/dotnet/fundamentals/code-analysis/quality-rules/ca1416) [D:\suo\SleepSightPro\SleepSightPro.csproj]
D:\suo\SleepSightPro\MainForm.cs(2215,9): warning CA1416: 可在所有平台上访问此调用站点。"Series.Points" 仅在 "Windows" 7.0 及更高版本 上受支持。 (https://learn.microsoft.com/dotnet/fundamentals/code-analysis/quality-rules/ca1416) [D:\suo\SleepSightPro\SleepSightPro.csproj]
D:\suo\SleepSightPro\MainForm.cs(2236,9): warning CA1416: 可在所有平台上访问此调用站点。"Chart.Invalidate()" 仅在 "Windows" 7.0 及更高版本 上受支持。 (https://learn.microsoft.com/dotnet/fundamentals/code-analysis/quality-rules/ca1416) [D:\suo\SleepSightPro\SleepSightPro.csproj]
D:\suo\SleepSightPro\MainForm.cs(2232,13): warning CA1416: 可在所有平台上访问此调用站点。"Series.Points" 仅在 "Windows" 7.0 及更高版本 上受支持。 (https://learn.microsoft.com/dotnet/fundamentals/code-analysis/quality-rules/ca1416) [D:\suo\SleepSightPro\SleepSightPro.csproj]
D:\suo\SleepSightPro\MainForm.cs(2222,21): warning CA1416: 可在所有平台上访问此调用站点。"Series.Points" 仅在 "Windows" 7.0 及更高版本 上受支持。 (https://learn.microsoft.com/dotnet/fundamentals/code-analysis/quality-rules/ca1416) [D:\suo\SleepSightPro\SleepSightPro.csproj]
D:\suo\SleepSightPro\MainForm.cs(2232,13): warning CA1416: 可在所有平台上访问此调用站点。"DataPoint" 仅在 "Windows" 7.0 及更高版本 上受支持。 (https://learn.microsoft.com/dotnet/fundamentals/code-analysis/quality-rules/ca1416) [D:\suo\SleepSightPro\SleepSightPro.csproj]
D:\suo\SleepSightPro\MainForm.cs(2232,13): warning CA1416: 可在所有平台上访问此调用站点。"ChartElementCollection<DataPoint>.ResumeUpdates()" 仅在 "Windows" 7.0 及更高版本 上受支持。 (https://learn.microsoft.com/dotnet/fundamentals/code-analysis/quality-rules/ca1416) [D:\suo\SleepSightPro\SleepSightPro.csproj]
D:\suo\SleepSightPro\MainForm.cs(2215,9): warning CA1416: 可在所有平台上访问此调用站点。"DataPoint" 仅在 "Windows" 7.0 及更高版本 上受支持。 (https://learn.microsoft.com/dotnet/fundamentals/code-analysis/quality-rules/ca1416) [D:\suo\SleepSightPro\SleepSightPro.csproj]
D:\suo\SleepSightPro\MainForm.cs(2215,9): warning CA1416: 可在所有平台上访问此调用站点。"ChartElementCollection<DataPoint>.SuspendUpdates()" 仅在 "Windows" 7.0 及更高版本 上受支持。 (https://learn.microsoft.com/dotnet/fundamentals/code-analysis/quality-rules/ca1416) [D:\suo\SleepSightPro\SleepSightPro.csproj]
D:\suo\SleepSightPro\MainForm.cs(2227,21): warning CA1416: 可在所有平台上访问此调用站点。"DataPoint" 仅在 "Windows" 7.0 及更高版本 上受支持。 (https://learn.microsoft.com/dotnet/fundamentals/code-analysis/quality-rules/ca1416) [D:\suo\SleepSightPro\SleepSightPro.csproj]
D:\suo\SleepSightPro\MainForm.cs(2219,17): warning CA1416: 可在所有平台上访问此调用站点。"Series.Points" 仅在 "Windows" 7.0 及更高版本 上受支持。 (https://learn.microsoft.com/dotnet/fundamentals/code-analysis/quality-rules/ca1416) [D:\suo\SleepSightPro\SleepSightPro.csproj]
D:\suo\SleepSightPro\MainForm.cs(2222,21): warning CA1416: 可在所有平台上访问此调用站点。"DataPointCollection.AddXY(double, double)" 仅在 "Windows" 7.0 及更高版本 上受支持。 (https://learn.microsoft.com/dotnet/fundamentals/code-analysis/quality-rules/ca1416) [D:\suo\SleepSightPro\SleepSightPro.csproj]
D:\suo\SleepSightPro\MainForm.cs(2227,21): warning CA1416: 可在所有平台上访问此调用站点。"DataPoint.SetValueXY(double, double)" 仅在 "Windows" 7.0 及更高版本 上受支持。 (https://learn.microsoft.com/dotnet/fundamentals/code-analysis/quality-rules/ca1416) [D:\suo\SleepSightPro\SleepSightPro.csproj]
D:\suo\SleepSightPro\MainForm.cs(2219,17): warning CA1416: 可在所有平台上访问此调用站点。"DataPoint" 仅在 "Windows" 7.0 及更高版本 上受支持。 (https://learn.microsoft.com/dotnet/fundamentals/code-analysis/quality-rules/ca1416) [D:\suo\SleepSightPro\SleepSightPro.csproj]
D:\suo\SleepSightPro\MainForm.cs(2213,22): warning CA1416: 可在所有平台上访问此调用站点。"Series" 仅在 "Windows" 7.0 及更高版本 上受支持。 (https://learn.microsoft.com/dotnet/fundamentals/code-analysis/quality-rules/ca1416) [D:\suo\SleepSightPro\SleepSightPro.csproj]
D:\suo\SleepSightPro\MainForm.cs(2213,22): warning CA1416: 可在所有平台上访问此调用站点。"ChartNamedElementCollection<Series>.this[string]" 仅在 "Windows" 7.0 及更高版本 上受支持。 (https://learn.microsoft.com/dotnet/fundamentals/code-analysis/quality-rules/ca1416) [D:\suo\SleepSightPro\SleepSightPro.csproj]
D:\suo\SleepSightPro\MainForm.cs(2212,30): warning CA1416: 可在所有平台上访问此调用站点。"Control.IsDisposed" 仅在 "windows" 6.1 及更高版本 上受支持。 (https://learn.microsoft.com/dotnet/fundamentals/code-analysis/quality-rules/ca1416) [D:\suo\SleepSightPro\SleepSightPro.csproj]
D:\suo\SleepSightPro\MainForm.cs(2213,22): warning CA1416: 可在所有平台上访问此调用站点。"Chart.Series" 仅在 "Windows" 7.0 及更高版本 上受支持。 (https://learn.microsoft.com/dotnet/fundamentals/code-analysis/quality-rules/ca1416) [D:\suo\SleepSightPro\SleepSightPro.csproj]
D:\suo\SleepSightPro\MainForm.cs(2271,9): warning CA1416: 可在所有平台上访问此调用站点。"Label" 仅在 "windows" 6.1 及更高版本 上受支持。 (https://learn.microsoft.com/dotnet/fundamentals/code-analysis/quality-rules/ca1416) [D:\suo\SleepSightPro\SleepSightPro.csproj]
D:\suo\SleepSightPro\MainForm.cs(2273,9): warning CA1416: 可在所有平台上访问此调用站点。"Label" 仅在 "windows" 6.1 及更高版本 上受支持。 (https://learn.microsoft.com/dotnet/fundamentals/code-analysis/quality-rules/ca1416) [D:\suo\SleepSightPro\SleepSightPro.csproj]
D:\suo\SleepSightPro\MainForm.cs(2272,9): warning CA1416: 可在所有平台上访问此调用站点。"Label" 仅在 "windows" 6.1 及更高版本 上受支持。 (https://learn.microsoft.com/dotnet/fundamentals/code-analysis/quality-rules/ca1416) [D:\suo\SleepSightPro\SleepSightPro.csproj]
D:\suo\SleepSightPro\MainForm.cs(2270,9): warning CA1416: 可在所有平台上访问此调用站点。"Label" 仅在 "windows" 6.1 及更高版本 上受支持。 (https://learn.microsoft.com/dotnet/fundamentals/code-analysis/quality-rules/ca1416) [D:\suo\SleepSightPro\SleepSightPro.csproj]
D:\suo\SleepSightPro\MainForm.cs(2274,9): warning CA1416: 可在所有平台上访问此调用站点。"Label" 仅在 "windows" 6.1 及更高版本 上受支持。 (https://learn.microsoft.com/dotnet/fundamentals/code-analysis/quality-rules/ca1416) [D:\suo\SleepSightPro\SleepSightPro.csproj]
D:\suo\SleepSightPro\MainForm.cs(2246,36): warning CA1416: 可在所有平台上访问此调用站点。"DrawItemEventArgs.Index" 仅在 "windows" 6.1 及更高版本 上受支持。 (https://learn.microsoft.com/dotnet/fundamentals/code-analysis/quality-rules/ca1416) [D:\suo\SleepSightPro\SleepSightPro.csproj]
D:\suo\SleepSightPro\MainForm.cs(2245,17): warning CA1416: 可在所有平台上访问此调用站点。"DrawItemEventArgs.Graphics" 仅在 "windows" 6.1 及更高版本 上受支持。 (https://learn.microsoft.com/dotnet/fundamentals/code-analysis/quality-rules/ca1416) [D:\suo\SleepSightPro\SleepSightPro.csproj]
D:\suo\SleepSightPro\MainForm.cs(2247,38): warning CA1416: 可在所有平台上访问此调用站点。"DrawItemEventArgs.Index" 仅在 "windows" 6.1 及更高版本 上受支持。 (https://learn.microsoft.com/dotnet/fundamentals/code-analysis/quality-rules/ca1416) [D:\suo\SleepSightPro\SleepSightPro.csproj]
D:\suo\SleepSightPro\MainForm.cs(2248,38): warning CA1416: 可在所有平台上访问此调用站点。"TabControl.SelectedIndex" 仅在 "windows" 6.1 及更高版本 上受支持。 (https://learn.microsoft.com/dotnet/fundamentals/code-analysis/quality-rules/ca1416) [D:\suo\SleepSightPro\SleepSightPro.csproj]
D:\suo\SleepSightPro\MainForm.cs(2246,23): warning CA1416: 可在所有平台上访问此调用站点。"TabControl.TabPageCollection.this[int]" 仅在 "windows" 6.1 及更高版本 上受支持。 (https://learn.microsoft.com/dotnet/fundamentals/code-analysis/quality-rules/ca1416) [D:\suo\SleepSightPro\SleepSightPro.csproj]
D:\suo\SleepSightPro\MainForm.cs(2251,9): warning CA1416: 可在所有平台上访问此调用站点。"Graphics.FillRectangle(Brush, Rectangle)" 仅在 "windows" 6.1 及更高版本 上受支持。 (https://learn.microsoft.com/dotnet/fundamentals/code-analysis/quality-rules/ca1416) [D:\suo\SleepSightPro\SleepSightPro.csproj]
D:\suo\SleepSightPro\MainForm.cs(2255,35): warning CA1416: 可在所有平台上访问此调用站点。"Pen" 仅在 "windows" 6.1 及更高版本 上受支持。 (https://learn.microsoft.com/dotnet/fundamentals/code-analysis/quality-rules/ca1416) [D:\suo\SleepSightPro\SleepSightPro.csproj]
D:\suo\SleepSightPro\MainForm.cs(2261,48): warning CA1416: 可在所有平台上访问此调用站点。"TextFormatFlags.VerticalCenter" 仅在 "windows" 6.1 及更高版本 上受支持。 (https://learn.microsoft.com/dotnet/fundamentals/code-analysis/quality-rules/ca1416) [D:\suo\SleepSightPro\SleepSightPro.csproj]
D:\suo\SleepSightPro\MainForm.cs(2256,13): warning CA1416: 可在所有平台上访问此调用站点。"Graphics.DrawLine(Pen, int, int, int, int)" 仅在 "windows" 6.1 及更高版本 上受支持。 (https://learn.microsoft.com/dotnet/fundamentals/code-analysis/quality-rules/ca1416) [D:\suo\SleepSightPro\SleepSightPro.csproj]
D:\suo\SleepSightPro\MainForm.cs(2247,23): warning CA1416: 可在所有平台上访问此调用站点。"TabControl.GetTabRect(int)" 仅在 "windows" 6.1 及更高版本 上受支持。 (https://learn.microsoft.com/dotnet/fundamentals/code-analysis/quality-rules/ca1416) [D:\suo\SleepSightPro\SleepSightPro.csproj]
D:\suo\SleepSightPro\MainForm.cs(2248,27): warning CA1416: 可在所有平台上访问此调用站点。"DrawItemEventArgs.Index" 仅在 "windows" 6.1 及更高版本 上受支持。 (https://learn.microsoft.com/dotnet/fundamentals/code-analysis/quality-rules/ca1416) [D:\suo\SleepSightPro\SleepSightPro.csproj]
D:\suo\SleepSightPro\MainForm.cs(2261,13): warning CA1416: 可在所有平台上访问此调用站点。"TextFormatFlags.HorizontalCenter" 仅在 "windows" 6.1 及更高版本 上受支持。 (https://learn.microsoft.com/dotnet/fundamentals/code-analysis/quality-rules/ca1416) [D:\suo\SleepSightPro\SleepSightPro.csproj]
D:\suo\SleepSightPro\MainForm.cs(2246,23): warning CA1416: 可在所有平台上访问此调用站点。"TabControl.TabPages" 仅在 "windows" 6.1 及更高版本 上受支持。 (https://learn.microsoft.com/dotnet/fundamentals/code-analysis/quality-rules/ca1416) [D:\suo\SleepSightPro\SleepSightPro.csproj]
D:\suo\SleepSightPro\MainForm.cs(2246,23): warning CA1416: 可在所有平台上访问此调用站点。"TabPage.Text" 仅在 "windows" 6.1 及更高版本 上受支持。 (https://learn.microsoft.com/dotnet/fundamentals/code-analysis/quality-rules/ca1416) [D:\suo\SleepSightPro\SleepSightPro.csproj]
D:\suo\SleepSightPro\MainForm.cs(2259,9): warning CA1416: 可在所有平台上访问此调用站点。"TextRenderer.DrawText(IDeviceContext, string?, Font?, Rectangle, Color, TextFormatFlags)" 仅在 "windows" 6.1 及更高版本 上受支持。 (https://learn.microsoft.com/dotnet/fundamentals/code-analysis/quality-rules/ca1416) [D:\suo\SleepSightPro\SleepSightPro.csproj]
D:\suo\SleepSightPro\MainForm.cs(2259,43): warning CA1416: 可在所有平台上访问此调用站点。"Control.Font" 仅在 "windows" 6.1 及更高版本 上受支持。 (https://learn.microsoft.com/dotnet/fundamentals/code-analysis/quality-rules/ca1416) [D:\suo\SleepSightPro\SleepSightPro.csproj]
D:\suo\SleepSightPro\MainForm.cs(2250,29): warning CA1416: 可在所有平台上访问此调用站点。"SolidBrush" 仅在 "windows" 6.1 及更高版本 上受支持。 (https://learn.microsoft.com/dotnet/fundamentals/code-analysis/quality-rules/ca1416) [D:\suo\SleepSightPro\SleepSightPro.csproj]
D:\suo\SleepSightPro\MainForm.cs(2303,9): warning CA1416: 可在所有平台上访问此调用站点。"Button" 仅在 "windows" 6.1 及更高版本 上受支持。 (https://learn.microsoft.com/dotnet/fundamentals/code-analysis/quality-rules/ca1416) [D:\suo\SleepSightPro\SleepSightPro.csproj]
D:\suo\SleepSightPro\MainForm.cs(2318,9): warning CA1416: 可在所有平台上访问此调用站点。"Button" 仅在 "windows" 6.1 及更高版本 上受支持。 (https://learn.microsoft.com/dotnet/fundamentals/code-analysis/quality-rules/ca1416) [D:\suo\SleepSightPro\SleepSightPro.csproj]
D:\suo\SleepSightPro\MainForm.cs(2351,9): warning CA1416: 可在所有平台上访问此调用站点。"Button" 仅在 "windows" 6.1 及更高版本 上受支持。 (https://learn.microsoft.com/dotnet/fundamentals/code-analysis/quality-rules/ca1416) [D:\suo\SleepSightPro\SleepSightPro.csproj]
D:\suo\SleepSightPro\MainForm.cs(2331,9): warning CA1416: 可在所有平台上访问此调用站点。"Button" 仅在 "windows" 6.1 及更高版本 上受支持。 (https://learn.microsoft.com/dotnet/fundamentals/code-analysis/quality-rules/ca1416) [D:\suo\SleepSightPro\SleepSightPro.csproj]
D:\suo\SleepSightPro\MainForm.cs(2332,9): warning CA1416: 可在所有平台上访问此调用站点。"Button" 仅在 "windows" 6.1 及更高版本 上受支持。 (https://learn.microsoft.com/dotnet/fundamentals/code-analysis/quality-rules/ca1416) [D:\suo\SleepSightPro\SleepSightPro.csproj]
D:\suo\SleepSightPro\MainForm.cs(2325,9): warning CA1416: 可在所有平台上访问此调用站点。"Button" 仅在 "windows" 6.1 及更高版本 上受支持。 (https://learn.microsoft.com/dotnet/fundamentals/code-analysis/quality-rules/ca1416) [D:\suo\SleepSightPro\SleepSightPro.csproj]
D:\suo\SleepSightPro\MainForm.cs(2341,9): warning CA1416: 可在所有平台上访问此调用站点。"Button" 仅在 "windows" 6.1 及更高版本 上受支持。 (https://learn.microsoft.com/dotnet/fundamentals/code-analysis/quality-rules/ca1416) [D:\suo\SleepSightPro\SleepSightPro.csproj]
D:\suo\SleepSightPro\MainForm.cs(2310,9): warning CA1416: 可在所有平台上访问此调用站点。"Button" 仅在 "windows" 6.1 及更高版本 上受支持。 (https://learn.microsoft.com/dotnet/fundamentals/code-analysis/quality-rules/ca1416) [D:\suo\SleepSightPro\SleepSightPro.csproj]
D:\suo\SleepSightPro\MainForm.cs(2349,9): warning CA1416: 可在所有平台上访问此调用站点。"Button" 仅在 "windows" 6.1 及更高版本 上受支持。 (https://learn.microsoft.com/dotnet/fundamentals/code-analysis/quality-rules/ca1416) [D:\suo\SleepSightPro\SleepSightPro.csproj]
D:\suo\SleepSightPro\MainForm.cs(2304,9): warning CA1416: 可在所有平台上访问此调用站点。"Button" 仅在 "windows" 6.1 及更高版本 上受支持。 (https://learn.microsoft.com/dotnet/fundamentals/code-analysis/quality-rules/ca1416) [D:\suo\SleepSightPro\SleepSightPro.csproj]
D:\suo\SleepSightPro\MainForm.cs(2342,9): warning CA1416: 可在所有平台上访问此调用站点。"Button" 仅在 "windows" 6.1 及更高版本 上受支持。 (https://learn.microsoft.com/dotnet/fundamentals/code-analysis/quality-rules/ca1416) [D:\suo\SleepSightPro\SleepSightPro.csproj]
D:\suo\SleepSightPro\MainForm.cs(2308,9): warning CA1416: 可在所有平台上访问此调用站点。"Button" 仅在 "windows" 6.1 及更高版本 上受支持。 (https://learn.microsoft.com/dotnet/fundamentals/code-analysis/quality-rules/ca1416) [D:\suo\SleepSightPro\SleepSightPro.csproj]
D:\suo\SleepSightPro\MainForm.cs(2329,9): warning CA1416: 可在所有平台上访问此调用站点。"Button" 仅在 "windows" 6.1 及更高版本 上受支持。 (https://learn.microsoft.com/dotnet/fundamentals/code-analysis/quality-rules/ca1416) [D:\suo\SleepSightPro\SleepSightPro.csproj]
D:\suo\SleepSightPro\MainForm.cs(2314,9): warning CA1416: 可在所有平台上访问此调用站点。"Button" 仅在 "windows" 6.1 及更高版本 上受支持。 (https://learn.microsoft.com/dotnet/fundamentals/code-analysis/quality-rules/ca1416) [D:\suo\SleepSightPro\SleepSightPro.csproj]
D:\suo\SleepSightPro\MainForm.cs(2334,9): warning CA1416: 可在所有平台上访问此调用站点。"Button" 仅在 "windows" 6.1 及更高版本 上受支持。 (https://learn.microsoft.com/dotnet/fundamentals/code-analysis/quality-rules/ca1416) [D:\suo\SleepSightPro\SleepSightPro.csproj]
D:\suo\SleepSightPro\MainForm.cs(2293,9): warning CA1416: 可在所有平台上访问此调用站点。"Button" 仅在 "windows" 6.1 及更高版本 上受支持。 (https://learn.microsoft.com/dotnet/fundamentals/code-analysis/quality-rules/ca1416) [D:\suo\SleepSightPro\SleepSightPro.csproj]
D:\suo\SleepSightPro\MainForm.cs(2305,9): warning CA1416: 可在所有平台上访问此调用站点。"Button" 仅在 "windows" 6.1 及更高版本 上受支持。 (https://learn.microsoft.com/dotnet/fundamentals/code-analysis/quality-rules/ca1416) [D:\suo\SleepSightPro\SleepSightPro.csproj]
D:\suo\SleepSightPro\MainForm.cs(2328,9): warning CA1416: 可在所有平台上访问此调用站点。"Button" 仅在 "windows" 6.1 及更高版本 上受支持。 (https://learn.microsoft.com/dotnet/fundamentals/code-analysis/quality-rules/ca1416) [D:\suo\SleepSightPro\SleepSightPro.csproj]
D:\suo\SleepSightPro\MainForm.cs(2343,9): warning CA1416: 可在所有平台上访问此调用站点。"Button" 仅在 "windows" 6.1 及更高版本 上受支持。 (https://learn.microsoft.com/dotnet/fundamentals/code-analysis/quality-rules/ca1416) [D:\suo\SleepSightPro\SleepSightPro.csproj]
D:\suo\SleepSightPro\MainForm.cs(2288,9): warning CA1416: 可在所有平台上访问此调用站点。"Button" 仅在 "windows" 6.1 及更高版本 上受支持。 (https://learn.microsoft.com/dotnet/fundamentals/code-analysis/quality-rules/ca1416) [D:\suo\SleepSightPro\SleepSightPro.csproj]
D:\suo\SleepSightPro\MainForm.cs(2289,9): warning CA1416: 可在所有平台上访问此调用站点。"Button" 仅在 "windows" 6.1 及更高版本 上受支持。 (https://learn.microsoft.com/dotnet/fundamentals/code-analysis/quality-rules/ca1416) [D:\suo\SleepSightPro\SleepSightPro.csproj]
D:\suo\SleepSightPro\MainForm.cs(2300,9): warning CA1416: 可在所有平台上访问此调用站点。"Button" 仅在 "windows" 6.1 及更高版本 上受支持。 (https://learn.microsoft.com/dotnet/fundamentals/code-analysis/quality-rules/ca1416) [D:\suo\SleepSightPro\SleepSightPro.csproj]
D:\suo\SleepSightPro\MainForm.cs(2301,9): warning CA1416: 可在所有平台上访问此调用站点。"Button" 仅在 "windows" 6.1 及更高版本 上受支持。 (https://learn.microsoft.com/dotnet/fundamentals/code-analysis/quality-rules/ca1416) [D:\suo\SleepSightPro\SleepSightPro.csproj]
D:\suo\SleepSightPro\MainForm.cs(2345,9): warning CA1416: 可在所有平台上访问此调用站点。"Button" 仅在 "windows" 6.1 及更高版本 上受支持。 (https://learn.microsoft.com/dotnet/fundamentals/code-analysis/quality-rules/ca1416) [D:\suo\SleepSightPro\SleepSightPro.csproj]
D:\suo\SleepSightPro\MainForm.cs(2283,9): warning CA1416: 可在所有平台上访问此调用站点。"Button" 仅在 "windows" 6.1 及更高版本 上受支持。 (https://learn.microsoft.com/dotnet/fundamentals/code-analysis/quality-rules/ca1416) [D:\suo\SleepSightPro\SleepSightPro.csproj]
D:\suo\SleepSightPro\MainForm.cs(2321,9): warning CA1416: 可在所有平台上访问此调用站点。"Button" 仅在 "windows" 6.1 及更高版本 上受支持。 (https://learn.microsoft.com/dotnet/fundamentals/code-analysis/quality-rules/ca1416) [D:\suo\SleepSightPro\SleepSightPro.csproj]
D:\suo\SleepSightPro\MainForm.cs(2344,9): warning CA1416: 可在所有平台上访问此调用站点。"Button" 仅在 "windows" 6.1 及更高版本 上受支持。 (https://learn.microsoft.com/dotnet/fundamentals/code-analysis/quality-rules/ca1416) [D:\suo\SleepSightPro\SleepSightPro.csproj]
D:\suo\SleepSightPro\MainForm.cs(2312,9): warning CA1416: 可在所有平台上访问此调用站点。"Button" 仅在 "windows" 6.1 及更高版本 上受支持。 (https://learn.microsoft.com/dotnet/fundamentals/code-analysis/quality-rules/ca1416) [D:\suo\SleepSightPro\SleepSightPro.csproj]
D:\suo\SleepSightPro\MainForm.cs(2296,9): warning CA1416: 可在所有平台上访问此调用站点。"Button" 仅在 "windows" 6.1 及更高版本 上受支持。 (https://learn.microsoft.com/dotnet/fundamentals/code-analysis/quality-rules/ca1416) [D:\suo\SleepSightPro\SleepSightPro.csproj]
D:\suo\SleepSightPro\MainForm.cs(2313,9): warning CA1416: 可在所有平台上访问此调用站点。"Button" 仅在 "windows" 6.1 及更高版本 上受支持。 (https://learn.microsoft.com/dotnet/fundamentals/code-analysis/quality-rules/ca1416) [D:\suo\SleepSightPro\SleepSightPro.csproj]
D:\suo\SleepSightPro\MainForm.cs(2340,9): warning CA1416: 可在所有平台上访问此调用站点。"Button" 仅在 "windows" 6.1 及更高版本 上受支持。 (https://learn.microsoft.com/dotnet/fundamentals/code-analysis/quality-rules/ca1416) [D:\suo\SleepSightPro\SleepSightPro.csproj]
D:\suo\SleepSightPro\MainForm.cs(2338,9): warning CA1416: 可在所有平台上访问此调用站点。"Button" 仅在 "windows" 6.1 及更高版本 上受支持。 (https://learn.microsoft.com/dotnet/fundamentals/code-analysis/quality-rules/ca1416) [D:\suo\SleepSightPro\SleepSightPro.csproj]
D:\suo\SleepSightPro\MainForm.cs(2309,9): warning CA1416: 可在所有平台上访问此调用站点。"Button" 仅在 "windows" 6.1 及更高版本 上受支持。 (https://learn.microsoft.com/dotnet/fundamentals/code-analysis/quality-rules/ca1416) [D:\suo\SleepSightPro\SleepSightPro.csproj]
D:\suo\SleepSightPro\MainForm.cs(2333,9): warning CA1416: 可在所有平台上访问此调用站点。"Button" 仅在 "windows" 6.1 及更高版本 上受支持。 (https://learn.microsoft.com/dotnet/fundamentals/code-analysis/quality-rules/ca1416) [D:\suo\SleepSightPro\SleepSightPro.csproj]
D:\suo\SleepSightPro\MainForm.cs(2315,9): warning CA1416: 可在所有平台上访问此调用站点。"Button" 仅在 "windows" 6.1 及更高版本 上受支持。 (https://learn.microsoft.com/dotnet/fundamentals/code-analysis/quality-rules/ca1416) [D:\suo\SleepSightPro\SleepSightPro.csproj]
D:\suo\SleepSightPro\MainForm.cs(2291,9): warning CA1416: 可在所有平台上访问此调用站点。"Button" 仅在 "windows" 6.1 及更高版本 上受支持。 (https://learn.microsoft.com/dotnet/fundamentals/code-analysis/quality-rules/ca1416) [D:\suo\SleepSightPro\SleepSightPro.csproj]
D:\suo\SleepSightPro\MainForm.cs(2302,9): warning CA1416: 可在所有平台上访问此调用站点。"Button" 仅在 "windows" 6.1 及更高版本 上受支持。 (https://learn.microsoft.com/dotnet/fundamentals/code-analysis/quality-rules/ca1416) [D:\suo\SleepSightPro\SleepSightPro.csproj]
D:\suo\SleepSightPro\MainForm.cs(2285,9): warning CA1416: 可在所有平台上访问此调用站点。"Button" 仅在 "windows" 6.1 及更高版本 上受支持。 (https://learn.microsoft.com/dotnet/fundamentals/code-analysis/quality-rules/ca1416) [D:\suo\SleepSightPro\SleepSightPro.csproj]
D:\suo\SleepSightPro\MainForm.cs(2311,9): warning CA1416: 可在所有平台上访问此调用站点。"Button" 仅在 "windows" 6.1 及更高版本 上受支持。 (https://learn.microsoft.com/dotnet/fundamentals/code-analysis/quality-rules/ca1416) [D:\suo\SleepSightPro\SleepSightPro.csproj]
D:\suo\SleepSightPro\MainForm.cs(2346,9): warning CA1416: 可在所有平台上访问此调用站点。"Button" 仅在 "windows" 6.1 及更高版本 上受支持。 (https://learn.microsoft.com/dotnet/fundamentals/code-analysis/quality-rules/ca1416) [D:\suo\SleepSightPro\SleepSightPro.csproj]
D:\suo\SleepSightPro\MainForm.cs(2339,9): warning CA1416: 可在所有平台上访问此调用站点。"Button" 仅在 "windows" 6.1 及更高版本 上受支持。 (https://learn.microsoft.com/dotnet/fundamentals/code-analysis/quality-rules/ca1416) [D:\suo\SleepSightPro\SleepSightPro.csproj]
D:\suo\SleepSightPro\MainForm.cs(2290,9): warning CA1416: 可在所有平台上访问此调用站点。"Button" 仅在 "windows" 6.1 及更高版本 上受支持。 (https://learn.microsoft.com/dotnet/fundamentals/code-analysis/quality-rules/ca1416) [D:\suo\SleepSightPro\SleepSightPro.csproj]
D:\suo\SleepSightPro\MainForm.cs(2326,9): warning CA1416: 可在所有平台上访问此调用站点。"Button" 仅在 "windows" 6.1 及更高版本 上受支持。 (https://learn.microsoft.com/dotnet/fundamentals/code-analysis/quality-rules/ca1416) [D:\suo\SleepSightPro\SleepSightPro.csproj]
D:\suo\SleepSightPro\MainForm.cs(2319,9): warning CA1416: 可在所有平台上访问此调用站点。"Button" 仅在 "windows" 6.1 及更高版本 上受支持。 (https://learn.microsoft.com/dotnet/fundamentals/code-analysis/quality-rules/ca1416) [D:\suo\SleepSightPro\SleepSightPro.csproj]
D:\suo\SleepSightPro\MainForm.cs(2298,9): warning CA1416: 可在所有平台上访问此调用站点。"Button" 仅在 "windows" 6.1 及更高版本 上受支持。 (https://learn.microsoft.com/dotnet/fundamentals/code-analysis/quality-rules/ca1416) [D:\suo\SleepSightPro\SleepSightPro.csproj]
D:\suo\SleepSightPro\MainForm.cs(2350,9): warning CA1416: 可在所有平台上访问此调用站点。"Button" 仅在 "windows" 6.1 及更高版本 上受支持。 (https://learn.microsoft.com/dotnet/fundamentals/code-analysis/quality-rules/ca1416) [D:\suo\SleepSightPro\SleepSightPro.csproj]
D:\suo\SleepSightPro\MainForm.cs(2284,9): warning CA1416: 可在所有平台上访问此调用站点。"Button" 仅在 "windows" 6.1 及更高版本 上受支持。 (https://learn.microsoft.com/dotnet/fundamentals/code-analysis/quality-rules/ca1416) [D:\suo\SleepSightPro\SleepSightPro.csproj]
D:\suo\SleepSightPro\MainForm.cs(2322,9): warning CA1416: 可在所有平台上访问此调用站点。"Button" 仅在 "windows" 6.1 及更高版本 上受支持。 (https://learn.microsoft.com/dotnet/fundamentals/code-analysis/quality-rules/ca1416) [D:\suo\SleepSightPro\SleepSightPro.csproj]
D:\suo\SleepSightPro\MainForm.cs(2327,9): warning CA1416: 可在所有平台上访问此调用站点。"Button" 仅在 "windows" 6.1 及更高版本 上受支持。 (https://learn.microsoft.com/dotnet/fundamentals/code-analysis/quality-rules/ca1416) [D:\suo\SleepSightPro\SleepSightPro.csproj]
D:\suo\SleepSightPro\MainForm.cs(2337,9): warning CA1416: 可在所有平台上访问此调用站点。"Button" 仅在 "windows" 6.1 及更高版本 上受支持。 (https://learn.microsoft.com/dotnet/fundamentals/code-analysis/quality-rules/ca1416) [D:\suo\SleepSightPro\SleepSightPro.csproj]
D:\suo\SleepSightPro\MainForm.cs(2353,9): warning CA1416: 可在所有平台上访问此调用站点。"Button" 仅在 "windows" 6.1 及更高版本 上受支持。 (https://learn.microsoft.com/dotnet/fundamentals/code-analysis/quality-rules/ca1416) [D:\suo\SleepSightPro\SleepSightPro.csproj]
D:\suo\SleepSightPro\MainForm.cs(2352,9): warning CA1416: 可在所有平台上访问此调用站点。"Button" 仅在 "windows" 6.1 及更高版本 上受支持。 (https://learn.microsoft.com/dotnet/fundamentals/code-analysis/quality-rules/ca1416) [D:\suo\SleepSightPro\SleepSightPro.csproj]
D:\suo\SleepSightPro\MainForm.cs(2297,9): warning CA1416: 可在所有平台上访问此调用站点。"Button" 仅在 "windows" 6.1 及更高版本 上受支持。 (https://learn.microsoft.com/dotnet/fundamentals/code-analysis/quality-rules/ca1416) [D:\suo\SleepSightPro\SleepSightPro.csproj]
D:\suo\SleepSightPro\MainForm.cs(2330,9): warning CA1416: 可在所有平台上访问此调用站点。"Button" 仅在 "windows" 6.1 及更高版本 上受支持。 (https://learn.microsoft.com/dotnet/fundamentals/code-analysis/quality-rules/ca1416) [D:\suo\SleepSightPro\SleepSightPro.csproj]
D:\suo\SleepSightPro\MainForm.cs(2292,9): warning CA1416: 可在所有平台上访问此调用站点。"Button" 仅在 "windows" 6.1 及更高版本 上受支持。 (https://learn.microsoft.com/dotnet/fundamentals/code-analysis/quality-rules/ca1416) [D:\suo\SleepSightPro\SleepSightPro.csproj]
D:\suo\SleepSightPro\MainForm.cs(2320,9): warning CA1416: 可在所有平台上访问此调用站点。"Button" 仅在 "windows" 6.1 及更高版本 上受支持。 (https://learn.microsoft.com/dotnet/fundamentals/code-analysis/quality-rules/ca1416) [D:\suo\SleepSightPro\SleepSightPro.csproj]
D:\suo\SleepSightPro\MainForm.cs(2299,9): warning CA1416: 可在所有平台上访问此调用站点。"Button" 仅在 "windows" 6.1 及更高版本 上受支持。 (https://learn.microsoft.com/dotnet/fundamentals/code-analysis/quality-rules/ca1416) [D:\suo\SleepSightPro\SleepSightPro.csproj]
D:\suo\SleepSightPro\MainForm.cs(2455,13): warning CA1416: 可在所有平台上访问此调用站点。"GroupBox" 仅在 "windows" 6.1 及更高版本 上受支持。 (https://learn.microsoft.com/dotnet/fundamentals/code-analysis/quality-rules/ca1416) [D:\suo\SleepSightPro\SleepSightPro.csproj]
D:\suo\SleepSightPro\MainForm.cs(2456,13): warning CA1416: 可在所有平台上访问此调用站点。"GroupBox.Text" 仅在 "windows" 6.1 及更高版本 上受支持。 (https://learn.microsoft.com/dotnet/fundamentals/code-analysis/quality-rules/ca1416) [D:\suo\SleepSightPro\SleepSightPro.csproj]
D:\suo\SleepSightPro\MainForm.cs(2461,13): warning CA1416: 可在所有平台上访问此调用站点。"Label" 仅在 "windows" 6.1 及更高版本 上受支持。 (https://learn.microsoft.com/dotnet/fundamentals/code-analysis/quality-rules/ca1416) [D:\suo\SleepSightPro\SleepSightPro.csproj]
D:\suo\SleepSightPro\MainForm.cs(2462,13): warning CA1416: 可在所有平台上访问此调用站点。"Label.Text" 仅在 "windows" 6.1 及更高版本 上受支持。 (https://learn.microsoft.com/dotnet/fundamentals/code-analysis/quality-rules/ca1416) [D:\suo\SleepSightPro\SleepSightPro.csproj]
D:\suo\SleepSightPro\MainForm.cs(2468,13): warning CA1416: 可在所有平台上访问此调用站点。"ButtonBase.Text" 仅在 "windows" 6.1 及更高版本 上受支持。 (https://learn.microsoft.com/dotnet/fundamentals/code-analysis/quality-rules/ca1416) [D:\suo\SleepSightPro\SleepSightPro.csproj]
D:\suo\SleepSightPro\MainForm.cs(2467,13): warning CA1416: 可在所有平台上访问此调用站点。"Button" 仅在 "windows" 6.1 及更高版本 上受支持。 (https://learn.microsoft.com/dotnet/fundamentals/code-analysis/quality-rules/ca1416) [D:\suo\SleepSightPro\SleepSightPro.csproj]
D:\suo\SleepSightPro\MainForm.cs(2478,32): warning CA1416: 可在所有平台上访问此调用站点。"Bitmap" 仅在 "windows" 6.1 及更高版本 上受支持。 (https://learn.microsoft.com/dotnet/fundamentals/code-analysis/quality-rules/ca1416) [D:\suo\SleepSightPro\SleepSightPro.csproj]
D:\suo\SleepSightPro\MainForm.cs(2484,13): warning CA1416: 可在所有平台上访问此调用站点。"MessageBox.Show(string?, string?, MessageBoxButtons, MessageBoxIcon)" 仅在 "windows" 6.1 及更高版本 上受支持。 (https://learn.microsoft.com/dotnet/fundamentals/code-analysis/quality-rules/ca1416) [D:\suo\SleepSightPro\SleepSightPro.csproj]
D:\suo\SleepSightPro\MainForm.cs(2478,43): warning CA1416: 可在所有平台上访问此调用站点。"Control.Width" 仅在 "windows" 6.1 及更高版本 上受支持。 (https://learn.microsoft.com/dotnet/fundamentals/code-analysis/quality-rules/ca1416) [D:\suo\SleepSightPro\SleepSightPro.csproj]
D:\suo\SleepSightPro\MainForm.cs(2485,41): warning CA1416: 可在所有平台上访问此调用站点。"MessageBoxButtons.OK" 仅在 "windows" 6.1 及更高版本 上受支持。 (https://learn.microsoft.com/dotnet/fundamentals/code-analysis/quality-rules/ca1416) [D:\suo\SleepSightPro\SleepSightPro.csproj]
D:\suo\SleepSightPro\MainForm.cs(2485,63): warning CA1416: 可在所有平台上访问此调用站点。"MessageBoxIcon.Error" 仅在 "windows" 6.1 及更高版本 上受支持。 (https://learn.microsoft.com/dotnet/fundamentals/code-analysis/quality-rules/ca1416) [D:\suo\SleepSightPro\SleepSightPro.csproj]
D:\suo\SleepSightPro\MainForm.cs(2480,13): warning CA1416: 可在所有平台上访问此调用站点。"Clipboard.SetImage(Image)" 仅在 "windows" 6.1 及更高版本 上受支持。 (https://learn.microsoft.com/dotnet/fundamentals/code-analysis/quality-rules/ca1416) [D:\suo\SleepSightPro\SleepSightPro.csproj]
D:\suo\SleepSightPro\MainForm.cs(2478,55): warning CA1416: 可在所有平台上访问此调用站点。"Control.Height" 仅在 "windows" 6.1 及更高版本 上受支持。 (https://learn.microsoft.com/dotnet/fundamentals/code-analysis/quality-rules/ca1416) [D:\suo\SleepSightPro\SleepSightPro.csproj]
D:\suo\SleepSightPro\MainForm.cs(2479,59): warning CA1416: 可在所有平台上访问此调用站点。"Control.Width" 仅在 "windows" 6.1 及更高版本 上受支持。 (https://learn.microsoft.com/dotnet/fundamentals/code-analysis/quality-rules/ca1416) [D:\suo\SleepSightPro\SleepSightPro.csproj]
D:\suo\SleepSightPro\MainForm.cs(2479,13): warning CA1416: 可在所有平台上访问此调用站点。"Control.DrawToBitmap(Bitmap, Rectangle)" 仅在 "windows" 6.1 及更高版本 上受支持。 (https://learn.microsoft.com/dotnet/fundamentals/code-analysis/quality-rules/ca1416) [D:\suo\SleepSightPro\SleepSightPro.csproj]
D:\suo\SleepSightPro\MainForm.cs(2479,71): warning CA1416: 可在所有平台上访问此调用站点。"Control.Height" 仅在 "windows" 6.1 及更高版本 上受支持。 (https://learn.microsoft.com/dotnet/fundamentals/code-analysis/quality-rules/ca1416) [D:\suo\SleepSightPro\SleepSightPro.csproj]
D:\suo\SleepSightPro\MainForm.cs(2442,35): warning CA1416: 可在所有平台上访问此调用站点。"ButtonBase.Text" 仅在 "windows" 6.1 及更高版本 上受支持。 (https://learn.microsoft.com/dotnet/fundamentals/code-analysis/quality-rules/ca1416) [D:\suo\SleepSightPro\SleepSightPro.csproj]
D:\suo\SleepSightPro\MainForm.cs(2432,13): warning CA1416: 可在所有平台上访问此调用站点。"ListView.Columns" 仅在 "windows" 6.1 及更高版本 上受支持。 (https://learn.microsoft.com/dotnet/fundamentals/code-analysis/quality-rules/ca1416) [D:\suo\SleepSightPro\SleepSightPro.csproj]
D:\suo\SleepSightPro\MainForm.cs(2436,32): warning CA1416: 可在所有平台上访问此调用站点。"TabControl.TabPageCollection.Count" 仅在 "windows" 6.1 及更高版本 上受支持。 (https://learn.microsoft.com/dotnet/fundamentals/code-analysis/quality-rules/ca1416) [D:\suo\SleepSightPro\SleepSightPro.csproj]
D:\suo\SleepSightPro\MainForm.cs(2433,13): warning CA1416: 可在所有平台上访问此调用站点。"ColumnHeader.Text" 仅在 "windows" 6.1 及更高版本 上受支持。 (https://learn.microsoft.com/dotnet/fundamentals/code-analysis/quality-rules/ca1416) [D:\suo\SleepSightPro\SleepSightPro.csproj]
D:\suo\SleepSightPro\MainForm.cs(2428,13): warning CA1416: 可在所有平台上访问此调用站点。"ListView.Columns" 仅在 "windows" 6.1 及更高版本 上受支持。 (https://learn.microsoft.com/dotnet/fundamentals/code-analysis/quality-rules/ca1416) [D:\suo\SleepSightPro\SleepSightPro.csproj]
D:\suo\SleepSightPro\MainForm.cs(2420,9): warning CA1416: 可在所有平台上访问此调用站点。"ToolStripItem.Text" 仅在 "windows" 6.1 及更高版本 上受支持。 (https://learn.microsoft.com/dotnet/fundamentals/code-analysis/quality-rules/ca1416) [D:\suo\SleepSightPro\SleepSightPro.csproj]
D:\suo\SleepSightPro\MainForm.cs(2359,9): warning CA1416: 可在所有平台上访问此调用站点。"TabControl.TabPages" 仅在 "windows" 6.1 及更高版本 上受支持。 (https://learn.microsoft.com/dotnet/fundamentals/code-analysis/quality-rules/ca1416) [D:\suo\SleepSightPro\SleepSightPro.csproj]
D:\suo\SleepSightPro\MainForm.cs(2430,13): warning CA1416: 可在所有平台上访问此调用站点。"ListView.ColumnHeaderCollection.this[int]" 仅在 "windows" 6.1 及更高版本 上受支持。 (https://learn.microsoft.com/dotnet/fundamentals/code-analysis/quality-rules/ca1416) [D:\suo\SleepSightPro\SleepSightPro.csproj]
D:\suo\SleepSightPro\MainForm.cs(2436,32): warning CA1416: 可在所有平台上访问此调用站点。"TabControl.TabPages" 仅在 "windows" 6.1 及更高版本 上受支持。 (https://learn.microsoft.com/dotnet/fundamentals/code-analysis/quality-rules/ca1416) [D:\suo\SleepSightPro\SleepSightPro.csproj]
D:\suo\SleepSightPro\MainForm.cs(2359,9): warning CA1416: 可在所有平台上访问此调用站点。"TabControl.TabPageCollection.this[int]" 仅在 "windows" 6.1 及更高版本 上受支持。 (https://learn.microsoft.com/dotnet/fundamentals/code-analysis/quality-rules/ca1416) [D:\suo\SleepSightPro\SleepSightPro.csproj]
D:\suo\SleepSightPro\MainForm.cs(2361,9): warning CA1416: 可在所有平台上访问此调用站点。"TabControl.TabPageCollection.this[int]" 仅在 "windows" 6.1 及更高版本 上受支持。 (https://learn.microsoft.com/dotnet/fundamentals/code-analysis/quality-rules/ca1416) [D:\suo\SleepSightPro\SleepSightPro.csproj]
D:\suo\SleepSightPro\MainForm.cs(2358,9): warning CA1416: 可在所有平台上访问此调用站点。"TabControl.TabPages" 仅在 "windows" 6.1 及更高版本 上受支持。 (https://learn.microsoft.com/dotnet/fundamentals/code-analysis/quality-rules/ca1416) [D:\suo\SleepSightPro\SleepSightPro.csproj]
D:\suo\SleepSightPro\MainForm.cs(2439,13): warning CA1416: 可在所有平台上访问此调用站点。"TabControl.TabPageCollection.this[int]" 仅在 "windows" 6.1 及更高版本 上受支持。 (https://learn.microsoft.com/dotnet/fundamentals/code-analysis/quality-rules/ca1416) [D:\suo\SleepSightPro\SleepSightPro.csproj]
D:\suo\SleepSightPro\MainForm.cs(2361,9): warning CA1416: 可在所有平台上访问此调用站点。"TabPage.Text" 仅在 "windows" 6.1 及更高版本 上受支持。 (https://learn.microsoft.com/dotnet/fundamentals/code-analysis/quality-rules/ca1416) [D:\suo\SleepSightPro\SleepSightPro.csproj]
D:\suo\SleepSightPro\MainForm.cs(2422,9): warning CA1416: 可在所有平台上访问此调用站点。"ToolStripItem.Text" 仅在 "windows" 6.1 及更高版本 上受支持。 (https://learn.microsoft.com/dotnet/fundamentals/code-analysis/quality-rules/ca1416) [D:\suo\SleepSightPro\SleepSightPro.csproj]
D:\suo\SleepSightPro\MainForm.cs(2428,13): warning CA1416: 可在所有平台上访问此调用站点。"ListView.ColumnHeaderCollection.this[int]" 仅在 "windows" 6.1 及更高版本 上受支持。 (https://learn.microsoft.com/dotnet/fundamentals/code-analysis/quality-rules/ca1416) [D:\suo\SleepSightPro\SleepSightPro.csproj]
D:\suo\SleepSightPro\MainForm.cs(2391,9): warning CA1416: 可在所有平台上访问此调用站点。"Label.Text" 仅在 "windows" 6.1 及更高版本 上受支持。 (https://learn.microsoft.com/dotnet/fundamentals/code-analysis/quality-rules/ca1416) [D:\suo\SleepSightPro\SleepSightPro.csproj]
D:\suo\SleepSightPro\MainForm.cs(2438,13): warning CA1416: 可在所有平台上访问此调用站点。"TabControl.TabPageCollection.this[int]" 仅在 "windows" 6.1 及更高版本 上受支持。 (https://learn.microsoft.com/dotnet/fundamentals/code-analysis/quality-rules/ca1416) [D:\suo\SleepSightPro\SleepSightPro.csproj]
D:\suo\SleepSightPro\MainForm.cs(2359,9): warning CA1416: 可在所有平台上访问此调用站点。"TabPage.Text" 仅在 "windows" 6.1 及更高版本 上受支持。 (https://learn.microsoft.com/dotnet/fundamentals/code-analysis/quality-rules/ca1416) [D:\suo\SleepSightPro\SleepSightPro.csproj]
D:\suo\SleepSightPro\MainForm.cs(2430,13): warning CA1416: 可在所有平台上访问此调用站点。"ListView.Columns" 仅在 "windows" 6.1 及更高版本 上受支持。 (https://learn.microsoft.com/dotnet/fundamentals/code-analysis/quality-rules/ca1416) [D:\suo\SleepSightPro\SleepSightPro.csproj]
D:\suo\SleepSightPro\MainForm.cs(2429,13): warning CA1416: 可在所有平台上访问此调用站点。"ListView.Columns" 仅在 "windows" 6.1 及更高版本 上受支持。 (https://learn.microsoft.com/dotnet/fundamentals/code-analysis/quality-rules/ca1416) [D:\suo\SleepSightPro\SleepSightPro.csproj]
D:\suo\SleepSightPro\MainForm.cs(2426,37): warning CA1416: 可在所有平台上访问此调用站点。"ListView.ColumnHeaderCollection.Count" 仅在 "windows" 6.1 及更高版本 上受支持。 (https://learn.microsoft.com/dotnet/fundamentals/code-analysis/quality-rules/ca1416) [D:\suo\SleepSightPro\SleepSightPro.csproj]
D:\suo\SleepSightPro\MainForm.cs(2416,9): warning CA1416: 可在所有平台上访问此调用站点。"ButtonBase.Text" 仅在 "windows" 6.1 及更高版本 上受支持。 (https://learn.microsoft.com/dotnet/fundamentals/code-analysis/quality-rules/ca1416) [D:\suo\SleepSightPro\SleepSightPro.csproj]
D:\suo\SleepSightPro\MainForm.cs(2438,13): warning CA1416: 可在所有平台上访问此调用站点。"TabPage.Text" 仅在 "windows" 6.1 及更高版本 上受支持。 (https://learn.microsoft.com/dotnet/fundamentals/code-analysis/quality-rules/ca1416) [D:\suo\SleepSightPro\SleepSightPro.csproj]
D:\suo\SleepSightPro\MainForm.cs(2433,13): warning CA1416: 可在所有平台上访问此调用站点。"ListView.Columns" 仅在 "windows" 6.1 及更高版本 上受支持。 (https://learn.microsoft.com/dotnet/fundamentals/code-analysis/quality-rules/ca1416) [D:\suo\SleepSightPro\SleepSightPro.csproj]
D:\suo\SleepSightPro\MainForm.cs(2361,9): warning CA1416: 可在所有平台上访问此调用站点。"TabControl.TabPages" 仅在 "windows" 6.1 及更高版本 上受支持。 (https://learn.microsoft.com/dotnet/fundamentals/code-analysis/quality-rules/ca1416) [D:\suo\SleepSightPro\SleepSightPro.csproj]
D:\suo\SleepSightPro\MainForm.cs(2429,13): warning CA1416: 可在所有平台上访问此调用站点。"ListView.ColumnHeaderCollection.this[int]" 仅在 "windows" 6.1 及更高版本 上受支持。 (https://learn.microsoft.com/dotnet/fundamentals/code-analysis/quality-rules/ca1416) [D:\suo\SleepSightPro\SleepSightPro.csproj]
D:\suo\SleepSightPro\MainForm.cs(2426,37): warning CA1416: 可在所有平台上访问此调用站点。"ListView.Columns" 仅在 "windows" 6.1 及更高版本 上受支持。 (https://learn.microsoft.com/dotnet/fundamentals/code-analysis/quality-rules/ca1416) [D:\suo\SleepSightPro\SleepSightPro.csproj]
D:\suo\SleepSightPro\MainForm.cs(2429,13): warning CA1416: 可在所有平台上访问此调用站点。"ColumnHeader.Text" 仅在 "windows" 6.1 及更高版本 上受支持。 (https://learn.microsoft.com/dotnet/fundamentals/code-analysis/quality-rules/ca1416) [D:\suo\SleepSightPro\SleepSightPro.csproj]
D:\suo\SleepSightPro\MainForm.cs(2358,9): warning CA1416: 可在所有平台上访问此调用站点。"TabPage.Text" 仅在 "windows" 6.1 及更高版本 上受支持。 (https://learn.microsoft.com/dotnet/fundamentals/code-analysis/quality-rules/ca1416) [D:\suo\SleepSightPro\SleepSightPro.csproj]
D:\suo\SleepSightPro\MainForm.cs(2431,13): warning CA1416: 可在所有平台上访问此调用站点。"ListView.Columns" 仅在 "windows" 6.1 及更高版本 上受支持。 (https://learn.microsoft.com/dotnet/fundamentals/code-analysis/quality-rules/ca1416) [D:\suo\SleepSightPro\SleepSightPro.csproj]
D:\suo\SleepSightPro\MainForm.cs(2432,13): warning CA1416: 可在所有平台上访问此调用站点。"ColumnHeader.Text" 仅在 "windows" 6.1 及更高版本 上受支持。 (https://learn.microsoft.com/dotnet/fundamentals/code-analysis/quality-rules/ca1416) [D:\suo\SleepSightPro\SleepSightPro.csproj]
D:\suo\SleepSightPro\MainForm.cs(2430,13): warning CA1416: 可在所有平台上访问此调用站点。"ColumnHeader.Text" 仅在 "windows" 6.1 及更高版本 上受支持。 (https://learn.microsoft.com/dotnet/fundamentals/code-analysis/quality-rules/ca1416) [D:\suo\SleepSightPro\SleepSightPro.csproj]
D:\suo\SleepSightPro\MainForm.cs(2439,13): warning CA1416: 可在所有平台上访问此调用站点。"TabControl.TabPages" 仅在 "windows" 6.1 及更高版本 上受支持。 (https://learn.microsoft.com/dotnet/fundamentals/code-analysis/quality-rules/ca1416) [D:\suo\SleepSightPro\SleepSightPro.csproj]
D:\suo\SleepSightPro\MainForm.cs(2418,13): warning CA1416: 可在所有平台上访问此调用站点。"ToolStripItem.Text" 仅在 "windows" 6.1 及更高版本 上受支持。 (https://learn.microsoft.com/dotnet/fundamentals/code-analysis/quality-rules/ca1416) [D:\suo\SleepSightPro\SleepSightPro.csproj]
D:\suo\SleepSightPro\MainForm.cs(2358,9): warning CA1416: 可在所有平台上访问此调用站点。"TabControl.TabPageCollection.this[int]" 仅在 "windows" 6.1 及更高版本 上受支持。 (https://learn.microsoft.com/dotnet/fundamentals/code-analysis/quality-rules/ca1416) [D:\suo\SleepSightPro\SleepSightPro.csproj]
D:\suo\SleepSightPro\MainForm.cs(2390,9): warning CA1416: 可在所有平台上访问此调用站点。"Label.Text" 仅在 "windows" 6.1 及更高版本 上受支持。 (https://learn.microsoft.com/dotnet/fundamentals/code-analysis/quality-rules/ca1416) [D:\suo\SleepSightPro\SleepSightPro.csproj]
D:\suo\SleepSightPro\MainForm.cs(2439,13): warning CA1416: 可在所有平台上访问此调用站点。"TabPage.Text" 仅在 "windows" 6.1 及更高版本 上受支持。 (https://learn.microsoft.com/dotnet/fundamentals/code-analysis/quality-rules/ca1416) [D:\suo\SleepSightPro\SleepSightPro.csproj]
D:\suo\SleepSightPro\MainForm.cs(2432,13): warning CA1416: 可在所有平台上访问此调用站点。"ListView.ColumnHeaderCollection.this[int]" 仅在 "windows" 6.1 及更高版本 上受支持。 (https://learn.microsoft.com/dotnet/fundamentals/code-analysis/quality-rules/ca1416) [D:\suo\SleepSightPro\SleepSightPro.csproj]
D:\suo\SleepSightPro\MainForm.cs(2360,9): warning CA1416: 可在所有平台上访问此调用站点。"TabControl.TabPages" 仅在 "windows" 6.1 及更高版本 上受支持。 (https://learn.microsoft.com/dotnet/fundamentals/code-analysis/quality-rules/ca1416) [D:\suo\SleepSightPro\SleepSightPro.csproj]
D:\suo\SleepSightPro\MainForm.cs(2438,13): warning CA1416: 可在所有平台上访问此调用站点。"TabControl.TabPages" 仅在 "windows" 6.1 及更高版本 上受支持。 (https://learn.microsoft.com/dotnet/fundamentals/code-analysis/quality-rules/ca1416) [D:\suo\SleepSightPro\SleepSightPro.csproj]
D:\suo\SleepSightPro\MainForm.cs(2431,13): warning CA1416: 可在所有平台上访问此调用站点。"ColumnHeader.Text" 仅在 "windows" 6.1 及更高版本 上受支持。 (https://learn.microsoft.com/dotnet/fundamentals/code-analysis/quality-rules/ca1416) [D:\suo\SleepSightPro\SleepSightPro.csproj]
D:\suo\SleepSightPro\MainForm.cs(2360,9): warning CA1416: 可在所有平台上访问此调用站点。"TabControl.TabPageCollection.this[int]" 仅在 "windows" 6.1 及更高版本 上受支持。 (https://learn.microsoft.com/dotnet/fundamentals/code-analysis/quality-rules/ca1416) [D:\suo\SleepSightPro\SleepSightPro.csproj]
D:\suo\SleepSightPro\MainForm.cs(2360,9): warning CA1416: 可在所有平台上访问此调用站点。"TabPage.Text" 仅在 "windows" 6.1 及更高版本 上受支持。 (https://learn.microsoft.com/dotnet/fundamentals/code-analysis/quality-rules/ca1416) [D:\suo\SleepSightPro\SleepSightPro.csproj]
D:\suo\SleepSightPro\MainForm.cs(2431,13): warning CA1416: 可在所有平台上访问此调用站点。"ListView.ColumnHeaderCollection.this[int]" 仅在 "windows" 6.1 及更高版本 上受支持。 (https://learn.microsoft.com/dotnet/fundamentals/code-analysis/quality-rules/ca1416) [D:\suo\SleepSightPro\SleepSightPro.csproj]
D:\suo\SleepSightPro\MainForm.cs(2389,9): warning CA1416: 可在所有平台上访问此调用站点。"Form.Text" 仅在 "windows" 6.1 及更高版本 上受支持。 (https://learn.microsoft.com/dotnet/fundamentals/code-analysis/quality-rules/ca1416) [D:\suo\SleepSightPro\SleepSightPro.csproj]
D:\suo\SleepSightPro\MainForm.cs(2433,13): warning CA1416: 可在所有平台上访问此调用站点。"ListView.ColumnHeaderCollection.this[int]" 仅在 "windows" 6.1 及更高版本 上受支持。 (https://learn.microsoft.com/dotnet/fundamentals/code-analysis/quality-rules/ca1416) [D:\suo\SleepSightPro\SleepSightPro.csproj]
D:\suo\SleepSightPro\MainForm.cs(2428,13): warning CA1416: 可在所有平台上访问此调用站点。"ColumnHeader.Text" 仅在 "windows" 6.1 及更高版本 上受支持。 (https://learn.microsoft.com/dotnet/fundamentals/code-analysis/quality-rules/ca1416) [D:\suo\SleepSightPro\SleepSightPro.csproj]
  SleepSightPro -> D:\suo\SleepSightPro\bin\Debug\net10.0-windows\SleepSightPro.dll

已成功生成。

D:\suo\SleepSightPro\Program.cs(9,9): warning CA1416: 可在所有平台上访问此调用站点。"Application.Run(Form)" 仅在 "windows" 6.1 及更高版本 上受支持。 (https://learn.microsoft.com/dotnet/fundamentals/code-analysis/quality-rules/ca1416) [D:\suo\SleepSightPro\SleepSightPro.csproj]
D:\suo\SleepSightPro\Controls\DashboardCard.cs(19,54): warning CA1416: 可在所有平台上访问此调用站点。"Control.Invalidate()" 仅在 "windows" 6.1 及更高版本 上受支持。 (https://learn.microsoft.com/dotnet/fundamentals/code-analysis/quality-rules/ca1416) [D:\suo\SleepSightPro\SleepSightPro.csproj]
D:\suo\SleepSightPro\Controls\DashboardCard.cs(26,54): warning CA1416: 可在所有平台上访问此调用站点。"Control.Invalidate()" 仅在 "windows" 6.1 及更高版本 上受支持。 (https://learn.microsoft.com/dotnet/fundamentals/code-analysis/quality-rules/ca1416) [D:\suo\SleepSightPro\SleepSightPro.csproj]
D:\suo\SleepSightPro\Controls\DashboardCard.cs(33,66): warning CA1416: 可在所有平台上访问此调用站点。"Control.Invalidate()" 仅在 "windows" 6.1 及更高版本 上受支持。 (https://learn.microsoft.com/dotnet/fundamentals/code-analysis/quality-rules/ca1416) [D:\suo\SleepSightPro\SleepSightPro.csproj]
D:\suo\SleepSightPro\MainForm.cs(17,64): warning CA1416: 可在所有平台上访问此调用站点。"GroupBox" 仅在 "windows" 6.1 及更高版本 上受支持。 (https://learn.microsoft.com/dotnet/fundamentals/code-analysis/quality-rules/ca1416) [D:\suo\SleepSightPro\SleepSightPro.csproj]
D:\suo\SleepSightPro\MainForm.cs(16,61): warning CA1416: 可在所有平台上访问此调用站点。"Label" 仅在 "windows" 6.1 及更高版本 上受支持。 (https://learn.microsoft.com/dotnet/fundamentals/code-analysis/quality-rules/ca1416) [D:\suo\SleepSightPro\SleepSightPro.csproj]
D:\suo\SleepSightPro\MainForm.cs(18,63): warning CA1416: 可在所有平台上访问此调用站点。"Button" 仅在 "windows" 6.1 及更高版本 上受支持。 (https://learn.microsoft.com/dotnet/fundamentals/code-analysis/quality-rules/ca1416) [D:\suo\SleepSightPro\SleepSightPro.csproj]
D:\suo\SleepSightPro\MainForm.cs(71,26): warning CA1416: 可在所有平台上访问此调用站点。"Image.FromFile(string)" 仅在 "windows" 6.1 及更高版本 上受支持。 (https://learn.microsoft.com/dotnet/fundamentals/code-analysis/quality-rules/ca1416) [D:\suo\SleepSightPro\SleepSightPro.csproj]
D:\suo\SleepSightPro\MainForm.cs(72,26): warning CA1416: 可在所有平台上访问此调用站点。"Image.FromFile(string)" 仅在 "windows" 6.1 及更高版本 上受支持。 (https://learn.microsoft.com/dotnet/fundamentals/code-analysis/quality-rules/ca1416) [D:\suo\SleepSightPro\SleepSightPro.csproj]
D:\suo\SleepSightPro\MainForm.cs(87,13): warning CA1416: 可在所有平台上访问此调用站点。"ButtonBase.Text" 仅在 "windows" 6.1 及更高版本 上受支持。 (https://learn.microsoft.com/dotnet/fundamentals/code-analysis/quality-rules/ca1416) [D:\suo\SleepSightPro\SleepSightPro.csproj]
D:\suo\SleepSightPro\MainForm.cs(98,29): warning CA1416: 可在所有平台上访问此调用站点。"TabDrawMode.OwnerDrawFixed" 仅在 "windows" 6.1 及更高版本 上受支持。 (https://learn.microsoft.com/dotnet/fundamentals/code-analysis/quality-rules/ca1416) [D:\suo\SleepSightPro\SleepSightPro.csproj]
D:\suo\SleepSightPro\MainForm.cs(91,13): warning CA1416: 可在所有平台上访问此调用站点。"ButtonBase.Text" 仅在 "windows" 6.1 及更高版本 上受支持。 (https://learn.microsoft.com/dotnet/fundamentals/code-analysis/quality-rules/ca1416) [D:\suo\SleepSightPro\SleepSightPro.csproj]
D:\suo\SleepSightPro\MainForm.cs(86,13): warning CA1416: 可在所有平台上访问此调用站点。"ButtonBase.Image" 仅在 "windows" 6.1 及更高版本 上受支持。 (https://learn.microsoft.com/dotnet/fundamentals/code-analysis/quality-rules/ca1416) [D:\suo\SleepSightPro\SleepSightPro.csproj]
D:\suo\SleepSightPro\MainForm.cs(98,9): warning CA1416: 可在所有平台上访问此调用站点。"TabControl.DrawMode" 仅在 "windows" 6.1 及更高版本 上受支持。 (https://learn.microsoft.com/dotnet/fundamentals/code-analysis/quality-rules/ca1416) [D:\suo\SleepSightPro\SleepSightPro.csproj]
D:\suo\SleepSightPro\MainForm.cs(126,9): warning CA1416: 可在所有平台上访问此调用站点。"Control.Left" 仅在 "windows" 6.1 及更高版本 上受支持。 (https://learn.microsoft.com/dotnet/fundamentals/code-analysis/quality-rules/ca1416) [D:\suo\SleepSightPro\SleepSightPro.csproj]
D:\suo\SleepSightPro\MainForm.cs(126,59): warning CA1416: 可在所有平台上访问此调用站点。"Control.PreferredSize" 仅在 "windows" 6.1 及更高版本 上受支持。 (https://learn.microsoft.com/dotnet/fundamentals/code-analysis/quality-rules/ca1416) [D:\suo\SleepSightPro\SleepSightPro.csproj]
D:\suo\SleepSightPro\MainForm.cs(126,30): warning CA1416: 可在所有平台上访问此调用站点。"Control.ClientSize" 仅在 "windows" 6.1 及更高版本 上受支持。 (https://learn.microsoft.com/dotnet/fundamentals/code-analysis/quality-rules/ca1416) [D:\suo\SleepSightPro\SleepSightPro.csproj]
D:\suo\SleepSightPro\Controls\DashboardCard.cs(42,9): warning CA1416: 可在所有平台上访问此调用站点。"Control.BackColor" 仅在 "windows" 6.1 及更高版本 上受支持。 (https://learn.microsoft.com/dotnet/fundamentals/code-analysis/quality-rules/ca1416) [D:\suo\SleepSightPro\SleepSightPro.csproj]
D:\suo\SleepSightPro\Controls\DashboardCard.cs(38,9): warning CA1416: 可在所有平台上访问此调用站点。"Control.SetStyle(ControlStyles, bool)" 仅在 "windows" 6.1 及更高版本 上受支持。 (https://learn.microsoft.com/dotnet/fundamentals/code-analysis/quality-rules/ca1416) [D:\suo\SleepSightPro\SleepSightPro.csproj]
D:\suo\SleepSightPro\Controls\DashboardCard.cs(41,9): warning CA1416: 可在所有平台上访问此调用站点。"Control.Size" 仅在 "windows" 6.1 及更高版本 上受支持。 (https://learn.microsoft.com/dotnet/fundamentals/code-analysis/quality-rules/ca1416) [D:\suo\SleepSightPro\SleepSightPro.csproj]
D:\suo\SleepSightPro\Controls\DashboardCard.cs(39,47): warning CA1416: 可在所有平台上访问此调用站点。"ControlStyles.OptimizedDoubleBuffer" 仅在 "windows" 6.1 及更高版本 上受支持。 (https://learn.microsoft.com/dotnet/fundamentals/code-analysis/quality-rules/ca1416) [D:\suo\SleepSightPro\SleepSightPro.csproj]
D:\suo\SleepSightPro\Controls\DashboardCard.cs(38,55): warning CA1416: 可在所有平台上访问此调用站点。"ControlStyles.UserPaint" 仅在 "windows" 6.1 及更高版本 上受支持。 (https://learn.microsoft.com/dotnet/fundamentals/code-analysis/quality-rules/ca1416) [D:\suo\SleepSightPro\SleepSightPro.csproj]
D:\suo\SleepSightPro\Controls\DashboardCard.cs(39,18): warning CA1416: 可在所有平台上访问此调用站点。"ControlStyles.ResizeRedraw" 仅在 "windows" 6.1 及更高版本 上受支持。 (https://learn.microsoft.com/dotnet/fundamentals/code-analysis/quality-rules/ca1416) [D:\suo\SleepSightPro\SleepSightPro.csproj]
D:\suo\SleepSightPro\Controls\DashboardCard.cs(38,18): warning CA1416: 可在所有平台上访问此调用站点。"ControlStyles.AllPaintingInWmPaint" 仅在 "windows" 6.1 及更高版本 上受支持。 (https://learn.microsoft.com/dotnet/fundamentals/code-analysis/quality-rules/ca1416) [D:\suo\SleepSightPro\SleepSightPro.csproj]
D:\suo\SleepSightPro\Controls\DashboardCard.cs(40,9): warning CA1416: 可在所有平台上访问此调用站点。"Control.MinimumSize" 仅在 "windows" 6.1 及更高版本 上受支持。 (https://learn.microsoft.com/dotnet/fundamentals/code-analysis/quality-rules/ca1416) [D:\suo\SleepSightPro\SleepSightPro.csproj]
D:\suo\SleepSightPro\MainForm.cs(181,9): warning CA1416: 可在所有平台上访问此调用站点。"GroupBox" 仅在 "windows" 6.1 及更高版本 上受支持。 (https://learn.microsoft.com/dotnet/fundamentals/code-analysis/quality-rules/ca1416) [D:\suo\SleepSightPro\SleepSightPro.csproj]
D:\suo\SleepSightPro\MainForm.cs(178,9): warning CA1416: 可在所有平台上访问此调用站点。"GroupBox" 仅在 "windows" 6.1 及更高版本 上受支持。 (https://learn.microsoft.com/dotnet/fundamentals/code-analysis/quality-rules/ca1416) [D:\suo\SleepSightPro\SleepSightPro.csproj]
D:\suo\SleepSightPro\MainForm.cs(177,9): warning CA1416: 可在所有平台上访问此调用站点。"GroupBox" 仅在 "windows" 6.1 及更高版本 上受支持。 (https://learn.microsoft.com/dotnet/fundamentals/code-analysis/quality-rules/ca1416) [D:\suo\SleepSightPro\SleepSightPro.csproj]
D:\suo\SleepSightPro\MainForm.cs(182,9): warning CA1416: 可在所有平台上访问此调用站点。"GroupBox" 仅在 "windows" 6.1 及更高版本 上受支持。 (https://learn.microsoft.com/dotnet/fundamentals/code-analysis/quality-rules/ca1416) [D:\suo\SleepSightPro\SleepSightPro.csproj]
D:\suo\SleepSightPro\MainForm.cs(179,9): warning CA1416: 可在所有平台上访问此调用站点。"GroupBox" 仅在 "windows" 6.1 及更高版本 上受支持。 (https://learn.microsoft.com/dotnet/fundamentals/code-analysis/quality-rules/ca1416) [D:\suo\SleepSightPro\SleepSightPro.csproj]
D:\suo\SleepSightPro\MainForm.cs(176,9): warning CA1416: 可在所有平台上访问此调用站点。"GroupBox" 仅在 "windows" 6.1 及更高版本 上受支持。 (https://learn.microsoft.com/dotnet/fundamentals/code-analysis/quality-rules/ca1416) [D:\suo\SleepSightPro\SleepSightPro.csproj]
D:\suo\SleepSightPro\MainForm.cs(180,9): warning CA1416: 可在所有平台上访问此调用站点。"GroupBox" 仅在 "windows" 6.1 及更高版本 上受支持。 (https://learn.microsoft.com/dotnet/fundamentals/code-analysis/quality-rules/ca1416) [D:\suo\SleepSightPro\SleepSightPro.csproj]
D:\suo\SleepSightPro\Controls\DashboardCard.cs(117,17): warning CA1416: 可在所有平台上访问此调用站点。"Graphics.MeasureString(string?, Font)" 仅在 "windows" 6.1 及更高版本 上受支持。 (https://learn.microsoft.com/dotnet/fundamentals/code-analysis/quality-rules/ca1416) [D:\suo\SleepSightPro\SleepSightPro.csproj]
D:\suo\SleepSightPro\Controls\DashboardCard.cs(110,20): warning CA1416: 可在所有平台上访问此调用站点。"Graphics.MeasureString(string?, Font)" 仅在 "windows" 6.1 及更高版本 上受支持。 (https://learn.microsoft.com/dotnet/fundamentals/code-analysis/quality-rules/ca1416) [D:\suo\SleepSightPro\SleepSightPro.csproj]
D:\suo\SleepSightPro\Controls\DashboardCard.cs(130,9): warning CA1416: 可在所有平台上访问此调用站点。"GraphicsPath.AddArc(int, int, int, int, float, float)" 仅在 "windows" 6.1 及更高版本 上受支持。 (https://learn.microsoft.com/dotnet/fundamentals/code-analysis/quality-rules/ca1416) [D:\suo\SleepSightPro\SleepSightPro.csproj]
D:\suo\SleepSightPro\Controls\DashboardCard.cs(128,9): warning CA1416: 可在所有平台上访问此调用站点。"GraphicsPath.AddArc(int, int, int, int, float, float)" 仅在 "windows" 6.1 及更高版本 上受支持。 (https://learn.microsoft.com/dotnet/fundamentals/code-analysis/quality-rules/ca1416) [D:\suo\SleepSightPro\SleepSightPro.csproj]
D:\suo\SleepSightPro\Controls\DashboardCard.cs(129,9): warning CA1416: 可在所有平台上访问此调用站点。"GraphicsPath.AddArc(int, int, int, int, float, float)" 仅在 "windows" 6.1 及更高版本 上受支持。 (https://learn.microsoft.com/dotnet/fundamentals/code-analysis/quality-rules/ca1416) [D:\suo\SleepSightPro\SleepSightPro.csproj]
D:\suo\SleepSightPro\Controls\DashboardCard.cs(127,9): warning CA1416: 可在所有平台上访问此调用站点。"GraphicsPath.AddArc(int, int, int, int, float, float)" 仅在 "windows" 6.1 及更高版本 上受支持。 (https://learn.microsoft.com/dotnet/fundamentals/code-analysis/quality-rules/ca1416) [D:\suo\SleepSightPro\SleepSightPro.csproj]
D:\suo\SleepSightPro\Controls\DashboardCard.cs(131,9): warning CA1416: 可在所有平台上访问此调用站点。"GraphicsPath.CloseFigure()" 仅在 "windows" 6.1 及更高版本 上受支持。 (https://learn.microsoft.com/dotnet/fundamentals/code-analysis/quality-rules/ca1416) [D:\suo\SleepSightPro\SleepSightPro.csproj]
D:\suo\SleepSightPro\Controls\DashboardCard.cs(125,20): warning CA1416: 可在所有平台上访问此调用站点。"GraphicsPath" 仅在 "windows" 6.1 及更高版本 上受支持。 (https://learn.microsoft.com/dotnet/fundamentals/code-analysis/quality-rules/ca1416) [D:\suo\SleepSightPro\SleepSightPro.csproj]
D:\suo\SleepSightPro\Controls\DashboardCard.cs(92,59): warning CA1416: 可在所有平台上访问此调用站点。"StringAlignment.Near" 仅在 "windows" 6.1 及更高版本 上受支持。 (https://learn.microsoft.com/dotnet/fundamentals/code-analysis/quality-rules/ca1416) [D:\suo\SleepSightPro\SleepSightPro.csproj]
D:\suo\SleepSightPro\Controls\DashboardCard.cs(92,24): warning CA1416: 可在所有平台上访问此调用站点。"StringFormat" 仅在 "windows" 6.1 及更高版本 上受支持。 (https://learn.microsoft.com/dotnet/fundamentals/code-analysis/quality-rules/ca1416) [D:\suo\SleepSightPro\SleepSightPro.csproj]
D:\suo\SleepSightPro\Controls\DashboardCard.cs(80,74): warning CA1416: 可在所有平台上访问此调用站点。"FontStyle.Regular" 仅在 "windows" 6.1 及更高版本 上受支持。 (https://learn.microsoft.com/dotnet/fundamentals/code-analysis/quality-rules/ca1416) [D:\suo\SleepSightPro\SleepSightPro.csproj]
D:\suo\SleepSightPro\Controls\DashboardCard.cs(98,34): warning CA1416: 可在所有平台上访问此调用站点。"SolidBrush" 仅在 "windows" 6.1 及更高版本 上受支持。 (https://learn.microsoft.com/dotnet/fundamentals/code-analysis/quality-rules/ca1416) [D:\suo\SleepSightPro\SleepSightPro.csproj]
D:\suo\SleepSightPro\Controls\DashboardCard.cs(80,31): warning CA1416: 可在所有平台上访问此调用站点。"Font" 仅在 "windows" 6.1 及更高版本 上受支持。 (https://learn.microsoft.com/dotnet/fundamentals/code-analysis/quality-rules/ca1416) [D:\suo\SleepSightPro\SleepSightPro.csproj]
D:\suo\SleepSightPro\Controls\DashboardCard.cs(81,32): warning CA1416: 可在所有平台上访问此调用站点。"SolidBrush" 仅在 "windows" 6.1 及更高版本 上受支持。 (https://learn.microsoft.com/dotnet/fundamentals/code-analysis/quality-rules/ca1416) [D:\suo\SleepSightPro\SleepSightPro.csproj]
D:\suo\SleepSightPro\Controls\DashboardCard.cs(49,27): warning CA1416: 可在所有平台上访问此调用站点。"SmoothingMode.AntiAlias" 仅在 "windows" 6.1 及更高版本 上受支持。 (https://learn.microsoft.com/dotnet/fundamentals/code-analysis/quality-rules/ca1416) [D:\suo\SleepSightPro\SleepSightPro.csproj]
D:\suo\SleepSightPro\Controls\DashboardCard.cs(88,32): warning CA1416: 可在所有平台上访问此调用站点。"SolidBrush" 仅在 "windows" 6.1 及更高版本 上受支持。 (https://learn.microsoft.com/dotnet/fundamentals/code-analysis/quality-rules/ca1416) [D:\suo\SleepSightPro\SleepSightPro.csproj]
D:\suo\SleepSightPro\Controls\DashboardCard.cs(69,9): warning CA1416: 可在所有平台上访问此调用站点。"Graphics.DrawPath(Pen, GraphicsPath)" 仅在 "windows" 6.1 及更高版本 上受支持。 (https://learn.microsoft.com/dotnet/fundamentals/code-analysis/quality-rules/ca1416) [D:\suo\SleepSightPro\SleepSightPro.csproj]
D:\suo\SleepSightPro\Controls\DashboardCard.cs(48,17): warning CA1416: 可在所有平台上访问此调用站点。"PaintEventArgs.Graphics" 仅在 "windows" 6.1 及更高版本 上受支持。 (https://learn.microsoft.com/dotnet/fundamentals/code-analysis/quality-rules/ca1416) [D:\suo\SleepSightPro\SleepSightPro.csproj]
D:\suo\SleepSightPro\Controls\DashboardCard.cs(64,31): warning CA1416: 可在所有平台上访问此调用站点。"Pen" 仅在 "windows" 6.1 及更高版本 上受支持。 (https://learn.microsoft.com/dotnet/fundamentals/code-analysis/quality-rules/ca1416) [D:\suo\SleepSightPro\SleepSightPro.csproj]
D:\suo\SleepSightPro\Controls\DashboardCard.cs(87,74): warning CA1416: 可在所有平台上访问此调用站点。"FontStyle.Bold" 仅在 "windows" 6.1 及更高版本 上受支持。 (https://learn.microsoft.com/dotnet/fundamentals/code-analysis/quality-rules/ca1416) [D:\suo\SleepSightPro\SleepSightPro.csproj]
D:\suo\SleepSightPro\Controls\DashboardCard.cs(84,9): warning CA1416: 可在所有平台上访问此调用站点。"Graphics.DrawString(string?, Font, Brush, float, float)" 仅在 "windows" 6.1 及更高版本 上受支持。 (https://learn.microsoft.com/dotnet/fundamentals/code-analysis/quality-rules/ca1416) [D:\suo\SleepSightPro\SleepSightPro.csproj]
D:\suo\SleepSightPro\Controls\DashboardCard.cs(87,31): warning CA1416: 可在所有平台上访问此调用站点。"Font" 仅在 "windows" 6.1 及更高版本 上受支持。 (https://learn.microsoft.com/dotnet/fundamentals/code-analysis/quality-rules/ca1416) [D:\suo\SleepSightPro\SleepSightPro.csproj]
D:\suo\SleepSightPro\Controls\DashboardCard.cs(93,9): warning CA1416: 可在所有平台上访问此调用站点。"Graphics.DrawString(string?, Font, Brush, RectangleF, StringFormat?)" 仅在 "windows" 6.1 及更高版本 上受支持。 (https://learn.microsoft.com/dotnet/fundamentals/code-analysis/quality-rules/ca1416) [D:\suo\SleepSightPro\SleepSightPro.csproj]
D:\suo\SleepSightPro\Controls\DashboardCard.cs(100,13): warning CA1416: 可在所有平台上访问此调用站点。"Graphics.FillEllipse(Brush, int, int, int, int)" 仅在 "windows" 6.1 及更高版本 上受支持。 (https://learn.microsoft.com/dotnet/fundamentals/code-analysis/quality-rules/ca1416) [D:\suo\SleepSightPro\SleepSightPro.csproj]
D:\suo\SleepSightPro\Controls\DashboardCard.cs(47,9): warning CA1416: 可在所有平台上访问此调用站点。"Control.OnPaint(PaintEventArgs)" 仅在 "windows" 6.1 及更高版本 上受支持。 (https://learn.microsoft.com/dotnet/fundamentals/code-analysis/quality-rules/ca1416) [D:\suo\SleepSightPro\SleepSightPro.csproj]
D:\suo\SleepSightPro\Controls\DashboardCard.cs(58,29): warning CA1416: 可在所有平台上访问此调用站点。"SolidBrush" 仅在 "windows" 6.1 及更高版本 上受支持。 (https://learn.microsoft.com/dotnet/fundamentals/code-analysis/quality-rules/ca1416) [D:\suo\SleepSightPro\SleepSightPro.csproj]
D:\suo\SleepSightPro\Controls\DashboardCard.cs(92,43): warning CA1416: 可在所有平台上访问此调用站点。"StringFormat.LineAlignment" 仅在 "windows" 6.1 及更高版本 上受支持。 (https://learn.microsoft.com/dotnet/fundamentals/code-analysis/quality-rules/ca1416) [D:\suo\SleepSightPro\SleepSightPro.csproj]
D:\suo\SleepSightPro\Controls\DashboardCard.cs(51,20): warning CA1416: 可在所有平台上访问此调用站点。"Control.ClientRectangle" 仅在 "windows" 6.1 及更高版本 上受支持。 (https://learn.microsoft.com/dotnet/fundamentals/code-analysis/quality-rules/ca1416) [D:\suo\SleepSightPro\SleepSightPro.csproj]
D:\suo\SleepSightPro\Controls\DashboardCard.cs(49,9): warning CA1416: 可在所有平台上访问此调用站点。"Graphics.SmoothingMode" 仅在 "windows" 6.1 及更高版本 上受支持。 (https://learn.microsoft.com/dotnet/fundamentals/code-analysis/quality-rules/ca1416) [D:\suo\SleepSightPro\SleepSightPro.csproj]
D:\suo\SleepSightPro\Controls\DashboardCard.cs(65,9): warning CA1416: 可在所有平台上访问此调用站点。"Graphics.DrawLine(Pen, int, int, int, int)" 仅在 "windows" 6.1 及更高版本 上受支持。 (https://learn.microsoft.com/dotnet/fundamentals/code-analysis/quality-rules/ca1416) [D:\suo\SleepSightPro\SleepSightPro.csproj]
D:\suo\SleepSightPro\Controls\DashboardCard.cs(59,9): warning CA1416: 可在所有平台上访问此调用站点。"Graphics.FillPath(Brush, GraphicsPath)" 仅在 "windows" 6.1 及更高版本 上受支持。 (https://learn.microsoft.com/dotnet/fundamentals/code-analysis/quality-rules/ca1416) [D:\suo\SleepSightPro\SleepSightPro.csproj]
D:\suo\SleepSightPro\Controls\DashboardCard.cs(68,31): warning CA1416: 可在所有平台上访问此调用站点。"Pen" 仅在 "windows" 6.1 及更高版本 上受支持。 (https://learn.microsoft.com/dotnet/fundamentals/code-analysis/quality-rules/ca1416) [D:\suo\SleepSightPro\SleepSightPro.csproj]
D:\suo\SleepSightPro\MainForm.cs(569,9): warning CA1416: 可在所有平台上访问此调用站点。"Control.MouseDoubleClick" 仅在 "windows" 6.1 及更高版本 上受支持。 (https://learn.microsoft.com/dotnet/fundamentals/code-analysis/quality-rules/ca1416) [D:\suo\SleepSightPro\SleepSightPro.csproj]
D:\suo\SleepSightPro\MainForm.cs(568,9): warning CA1416: 可在所有平台上访问此调用站点。"Control.Resize" 仅在 "windows" 6.1 及更高版本 上受支持。 (https://learn.microsoft.com/dotnet/fundamentals/code-analysis/quality-rules/ca1416) [D:\suo\SleepSightPro\SleepSightPro.csproj]
D:\suo\SleepSightPro\MainForm.cs(577,20): warning CA1416: 可在所有平台上访问此调用站点。"Control.Width" 仅在 "windows" 6.1 及更高版本 上受支持。 (https://learn.microsoft.com/dotnet/fundamentals/code-analysis/quality-rules/ca1416) [D:\suo\SleepSightPro\SleepSightPro.csproj]
D:\suo\SleepSightPro\MainForm.cs(579,9): warning CA1416: 可在所有平台上访问此调用站点。"ScrollableControl.AutoScrollMinSize" 仅在 "windows" 6.1 及更高版本 上受支持。 (https://learn.microsoft.com/dotnet/fundamentals/code-analysis/quality-rules/ca1416) [D:\suo\SleepSightPro\SleepSightPro.csproj]
D:\suo\SleepSightPro\MainForm.cs(619,9): warning CA1416: 可在所有平台上访问此调用站点。"Control.Invalidate()" 仅在 "windows" 6.1 及更高版本 上受支持。 (https://learn.microsoft.com/dotnet/fundamentals/code-analysis/quality-rules/ca1416) [D:\suo\SleepSightPro\SleepSightPro.csproj]
D:\suo\SleepSightPro\MainForm.cs(635,22): warning CA1416: 可在所有平台上访问此调用站点。"Control.Width" 仅在 "windows" 6.1 及更高版本 上受支持。 (https://learn.microsoft.com/dotnet/fundamentals/code-analysis/quality-rules/ca1416) [D:\suo\SleepSightPro\SleepSightPro.csproj]
D:\suo\SleepSightPro\MainForm.cs(631,24): warning CA1416: 可在所有平台上访问此调用站点。"ScrollableControl.AutoScrollPosition" 仅在 "windows" 6.1 及更高版本 上受支持。 (https://learn.microsoft.com/dotnet/fundamentals/code-analysis/quality-rules/ca1416) [D:\suo\SleepSightPro\SleepSightPro.csproj]
D:\suo\SleepSightPro\MainForm.cs(632,21): warning CA1416: 可在所有平台上访问此调用站点。"MouseEventArgs.X" 仅在 "windows" 6.1 及更高版本 上受支持。 (https://learn.microsoft.com/dotnet/fundamentals/code-analysis/quality-rules/ca1416) [D:\suo\SleepSightPro\SleepSightPro.csproj]
D:\suo\SleepSightPro\MainForm.cs(633,21): warning CA1416: 可在所有平台上访问此调用站点。"MouseEventArgs.Y" 仅在 "windows" 6.1 及更高版本 上受支持。 (https://learn.microsoft.com/dotnet/fundamentals/code-analysis/quality-rules/ca1416) [D:\suo\SleepSightPro\SleepSightPro.csproj]
D:\suo\SleepSightPro\MainForm.cs(699,9): warning CA1416: 可在所有平台上访问此调用站点。"Graphics.TextRenderingHint" 仅在 "windows" 6.1 及更高版本 上受支持。 (https://learn.microsoft.com/dotnet/fundamentals/code-analysis/quality-rules/ca1416) [D:\suo\SleepSightPro\SleepSightPro.csproj]
D:\suo\SleepSightPro\MainForm.cs(705,33): warning CA1416: 可在所有平台上访问此调用站点。"Control.Width" 仅在 "windows" 6.1 及更高版本 上受支持。 (https://learn.microsoft.com/dotnet/fundamentals/code-analysis/quality-rules/ca1416) [D:\suo\SleepSightPro\SleepSightPro.csproj]
D:\suo\SleepSightPro\MainForm.cs(703,24): warning CA1416: 可在所有平台上访问此调用站点。"ScrollableControl.AutoScrollPosition" 仅在 "windows" 6.1 及更高版本 上受支持。 (https://learn.microsoft.com/dotnet/fundamentals/code-analysis/quality-rules/ca1416) [D:\suo\SleepSightPro\SleepSightPro.csproj]
D:\suo\SleepSightPro\MainForm.cs(697,17): warning CA1416: 可在所有平台上访问此调用站点。"PaintEventArgs.Graphics" 仅在 "windows" 6.1 及更高版本 上受支持。 (https://learn.microsoft.com/dotnet/fundamentals/code-analysis/quality-rules/ca1416) [D:\suo\SleepSightPro\SleepSightPro.csproj]
D:\suo\SleepSightPro\MainForm.cs(699,31): warning CA1416: 可在所有平台上访问此调用站点。"TextRenderingHint.ClearTypeGridFit" 仅在 "windows" 6.1 及更高版本 上受支持。 (https://learn.microsoft.com/dotnet/fundamentals/code-analysis/quality-rules/ca1416) [D:\suo\SleepSightPro\SleepSightPro.csproj]
D:\suo\SleepSightPro\MainForm.cs(698,9): warning CA1416: 可在所有平台上访问此调用站点。"Graphics.SmoothingMode" 仅在 "windows" 6.1 及更高版本 上受支持。 (https://learn.microsoft.com/dotnet/fundamentals/code-analysis/quality-rules/ca1416) [D:\suo\SleepSightPro\SleepSightPro.csproj]
D:\suo\SleepSightPro\MainForm.cs(698,27): warning CA1416: 可在所有平台上访问此调用站点。"SmoothingMode.AntiAlias" 仅在 "windows" 6.1 及更高版本 上受支持。 (https://learn.microsoft.com/dotnet/fundamentals/code-analysis/quality-rules/ca1416) [D:\suo\SleepSightPro\SleepSightPro.csproj]
D:\suo\SleepSightPro\MainForm.cs(704,9): warning CA1416: 可在所有平台上访问此调用站点。"Graphics.TranslateTransform(float, float)" 仅在 "windows" 6.1 及更高版本 上受支持。 (https://learn.microsoft.com/dotnet/fundamentals/code-analysis/quality-rules/ca1416) [D:\suo\SleepSightPro\SleepSightPro.csproj]
D:\suo\SleepSightPro\MainForm.cs(673,13): warning CA1416: 可在所有平台上访问此调用站点。"Bitmap.SetResolution(float, float)" 仅在 "windows" 6.1 及更高版本 上受支持。 (https://learn.microsoft.com/dotnet/fundamentals/code-analysis/quality-rules/ca1416) [D:\suo\SleepSightPro\SleepSightPro.csproj]
D:\suo\SleepSightPro\MainForm.cs(672,29): warning CA1416: 可在所有平台上访问此调用站点。"Bitmap" 仅在 "windows" 6.1 及更高版本 上受支持。 (https://learn.microsoft.com/dotnet/fundamentals/code-analysis/quality-rules/ca1416) [D:\suo\SleepSightPro\SleepSightPro.csproj]
D:\suo\SleepSightPro\MainForm.cs(676,13): warning CA1416: 可在所有平台上访问此调用站点。"Graphics.SmoothingMode" 仅在 "windows" 6.1 及更高版本 上受支持。 (https://learn.microsoft.com/dotnet/fundamentals/code-analysis/quality-rules/ca1416) [D:\suo\SleepSightPro\SleepSightPro.csproj]
D:\suo\SleepSightPro\MainForm.cs(689,13): warning CA1416: 可在所有平台上访问此调用站点。"ToolStripItem.Text" 仅在 "windows" 6.1 及更高版本 上受支持。 (https://learn.microsoft.com/dotnet/fundamentals/code-analysis/quality-rules/ca1416) [D:\suo\SleepSightPro\SleepSightPro.csproj]
D:\suo\SleepSightPro\MainForm.cs(676,31): warning CA1416: 可在所有平台上访问此调用站点。"SmoothingMode.AntiAlias" 仅在 "windows" 6.1 及更高版本 上受支持。 (https://learn.microsoft.com/dotnet/fundamentals/code-analysis/quality-rules/ca1416) [D:\suo\SleepSightPro\SleepSightPro.csproj]
D:\suo\SleepSightPro\MainForm.cs(685,13): warning CA1416: 可在所有平台上访问此调用站点。"ToolStripItem.Text" 仅在 "windows" 6.1 及更高版本 上受支持。 (https://learn.microsoft.com/dotnet/fundamentals/code-analysis/quality-rules/ca1416) [D:\suo\SleepSightPro\SleepSightPro.csproj]
D:\suo\SleepSightPro\MainForm.cs(677,35): warning CA1416: 可在所有平台上访问此调用站点。"TextRenderingHint.ClearTypeGridFit" 仅在 "windows" 6.1 及更高版本 上受支持。 (https://learn.microsoft.com/dotnet/fundamentals/code-analysis/quality-rules/ca1416) [D:\suo\SleepSightPro\SleepSightPro.csproj]
D:\suo\SleepSightPro\MainForm.cs(677,13): warning CA1416: 可在所有平台上访问此调用站点。"Graphics.TextRenderingHint" 仅在 "windows" 6.1 及更高版本 上受支持。 (https://learn.microsoft.com/dotnet/fundamentals/code-analysis/quality-rules/ca1416) [D:\suo\SleepSightPro\SleepSightPro.csproj]
D:\suo\SleepSightPro\MainForm.cs(675,27): warning CA1416: 可在所有平台上访问此调用站点。"Graphics.FromImage(Image)" 仅在 "windows" 6.1 及更高版本 上受支持。 (https://learn.microsoft.com/dotnet/fundamentals/code-analysis/quality-rules/ca1416) [D:\suo\SleepSightPro\SleepSightPro.csproj]
D:\suo\SleepSightPro\MainForm.cs(680,13): warning CA1416: 可在所有平台上访问此调用站点。"Clipboard.SetImage(Image)" 仅在 "windows" 6.1 及更高版本 上受支持。 (https://learn.microsoft.com/dotnet/fundamentals/code-analysis/quality-rules/ca1416) [D:\suo\SleepSightPro\SleepSightPro.csproj]
D:\suo\SleepSightPro\MainForm.cs(1120,28): warning CA1416: 可在所有平台上访问此调用站点。"TextBoxBase.Clear()" 仅在 "windows" 6.1 及更高版本 上受支持。 (https://learn.microsoft.com/dotnet/fundamentals/code-analysis/quality-rules/ca1416) [D:\suo\SleepSightPro\SleepSightPro.csproj]
D:\suo\SleepSightPro\MainForm.cs(1107,9): warning CA1416: 可在所有平台上访问此调用站点。"GraphicsPath.CloseFigure()" 仅在 "windows" 6.1 及更高版本 上受支持。 (https://learn.microsoft.com/dotnet/fundamentals/code-analysis/quality-rules/ca1416) [D:\suo\SleepSightPro\SleepSightPro.csproj]
D:\suo\SleepSightPro\MainForm.cs(1101,20): warning CA1416: 可在所有平台上访问此调用站点。"GraphicsPath" 仅在 "windows" 6.1 及更高版本 上受支持。 (https://learn.microsoft.com/dotnet/fundamentals/code-analysis/quality-rules/ca1416) [D:\suo\SleepSightPro\SleepSightPro.csproj]
D:\suo\SleepSightPro\MainForm.cs(1105,9): warning CA1416: 可在所有平台上访问此调用站点。"GraphicsPath.AddArc(float, float, float, float, float, float)" 仅在 "windows" 6.1 及更高版本 上受支持。 (https://learn.microsoft.com/dotnet/fundamentals/code-analysis/quality-rules/ca1416) [D:\suo\SleepSightPro\SleepSightPro.csproj]
D:\suo\SleepSightPro\MainForm.cs(1104,9): warning CA1416: 可在所有平台上访问此调用站点。"GraphicsPath.AddArc(float, float, float, float, float, float)" 仅在 "windows" 6.1 及更高版本 上受支持。 (https://learn.microsoft.com/dotnet/fundamentals/code-analysis/quality-rules/ca1416) [D:\suo\SleepSightPro\SleepSightPro.csproj]
D:\suo\SleepSightPro\MainForm.cs(1103,9): warning CA1416: 可在所有平台上访问此调用站点。"GraphicsPath.AddArc(float, float, float, float, float, float)" 仅在 "windows" 6.1 及更高版本 上受支持。 (https://learn.microsoft.com/dotnet/fundamentals/code-analysis/quality-rules/ca1416) [D:\suo\SleepSightPro\SleepSightPro.csproj]
D:\suo\SleepSightPro\MainForm.cs(1106,9): warning CA1416: 可在所有平台上访问此调用站点。"GraphicsPath.AddArc(float, float, float, float, float, float)" 仅在 "windows" 6.1 及更高版本 上受支持。 (https://learn.microsoft.com/dotnet/fundamentals/code-analysis/quality-rules/ca1416) [D:\suo\SleepSightPro\SleepSightPro.csproj]
D:\suo\SleepSightPro\MainForm.cs(1142,13): warning CA1416: 可在所有平台上访问此调用站点。"ButtonBase.Text" 仅在 "windows" 6.1 及更高版本 上受支持。 (https://learn.microsoft.com/dotnet/fundamentals/code-analysis/quality-rules/ca1416) [D:\suo\SleepSightPro\SleepSightPro.csproj]
D:\suo\SleepSightPro\MainForm.cs(1138,13): warning CA1416: 可在所有平台上访问此调用站点。"ButtonBase.Text" 仅在 "windows" 6.1 及更高版本 上受支持。 (https://learn.microsoft.com/dotnet/fundamentals/code-analysis/quality-rules/ca1416) [D:\suo\SleepSightPro\SleepSightPro.csproj]
D:\suo\SleepSightPro\MainForm.cs(1137,13): warning CA1416: 可在所有平台上访问此调用站点。"ButtonBase.Image" 仅在 "windows" 6.1 及更高版本 上受支持。 (https://learn.microsoft.com/dotnet/fundamentals/code-analysis/quality-rules/ca1416) [D:\suo\SleepSightPro\SleepSightPro.csproj]
D:\suo\SleepSightPro\MainForm.cs(1161,82): warning CA1416: 可在所有平台上访问此调用站点。"ListView.ListViewItemCollection.Clear()" 仅在 "windows" 6.1 及更高版本 上受支持。 (https://learn.microsoft.com/dotnet/fundamentals/code-analysis/quality-rules/ca1416) [D:\suo\SleepSightPro\SleepSightPro.csproj]
D:\suo\SleepSightPro\MainForm.cs(1161,82): warning CA1416: 可在所有平台上访问此调用站点。"ListView.Items" 仅在 "windows" 6.1 及更高版本 上受支持。 (https://learn.microsoft.com/dotnet/fundamentals/code-analysis/quality-rules/ca1416) [D:\suo\SleepSightPro\SleepSightPro.csproj]
D:\suo\SleepSightPro\MainForm.cs(1167,13): warning CA1416: 可在所有平台上访问此调用站点。"TextBoxBase.Clear()" 仅在 "windows" 6.1 及更高版本 上受支持。 (https://learn.microsoft.com/dotnet/fundamentals/code-analysis/quality-rules/ca1416) [D:\suo\SleepSightPro\SleepSightPro.csproj]
D:\suo\SleepSightPro\MainForm.cs(1170,13): warning CA1416: 可在所有平台上访问此调用站点。"Label.Text" 仅在 "windows" 6.1 及更高版本 上受支持。 (https://learn.microsoft.com/dotnet/fundamentals/code-analysis/quality-rules/ca1416) [D:\suo\SleepSightPro\SleepSightPro.csproj]
D:\suo\SleepSightPro\MainForm.cs(967,13): warning CA1416: 可在所有平台上访问此调用站点。"Graphics.DrawLine(Pen, int, int, int, int)" 仅在 "windows" 6.1 及更高版本 上受支持。 (https://learn.microsoft.com/dotnet/fundamentals/code-analysis/quality-rules/ca1416) [D:\suo\SleepSightPro\SleepSightPro.csproj]
D:\suo\SleepSightPro\MainForm.cs(911,29): warning CA1416: 可在所有平台上访问此调用站点。"SolidBrush" 仅在 "windows" 6.1 及更高版本 上受支持。 (https://learn.microsoft.com/dotnet/fundamentals/code-analysis/quality-rules/ca1416) [D:\suo\SleepSightPro\SleepSightPro.csproj]
D:\suo\SleepSightPro\MainForm.cs(980,13): warning CA1416: 可在所有平台上访问此调用站点。"Graphics.DrawLine(Pen, int, int, int, int)" 仅在 "windows" 6.1 及更高版本 上受支持。 (https://learn.microsoft.com/dotnet/fundamentals/code-analysis/quality-rules/ca1416) [D:\suo\SleepSightPro\SleepSightPro.csproj]
D:\suo\SleepSightPro\MainForm.cs(907,34): warning CA1416: 可在所有平台上访问此调用站点。"SolidBrush" 仅在 "windows" 6.1 及更高版本 上受支持。 (https://learn.microsoft.com/dotnet/fundamentals/code-analysis/quality-rules/ca1416) [D:\suo\SleepSightPro\SleepSightPro.csproj]
D:\suo\SleepSightPro\MainForm.cs(970,32): warning CA1416: 可在所有平台上访问此调用站点。"SolidBrush" 仅在 "windows" 6.1 及更高版本 上受支持。 (https://learn.microsoft.com/dotnet/fundamentals/code-analysis/quality-rules/ca1416) [D:\suo\SleepSightPro\SleepSightPro.csproj]
D:\suo\SleepSightPro\MainForm.cs(920,34): warning CA1416: 可在所有平台上访问此调用站点。"SolidBrush" 仅在 "windows" 6.1 及更高版本 上受支持。 (https://learn.microsoft.com/dotnet/fundamentals/code-analysis/quality-rules/ca1416) [D:\suo\SleepSightPro\SleepSightPro.csproj]
D:\suo\SleepSightPro\MainForm.cs(994,13): warning CA1416: 可在所有平台上访问此调用站点。"Graphics.DrawString(string?, Font, Brush, float, float)" 仅在 "windows" 6.1 及更高版本 上受支持。 (https://learn.microsoft.com/dotnet/fundamentals/code-analysis/quality-rules/ca1416) [D:\suo\SleepSightPro\SleepSightPro.csproj]
D:\suo\SleepSightPro\MainForm.cs(935,13): warning CA1416: 可在所有平台上访问此调用站点。"Graphics.DrawEllipse(Pen, Rectangle)" 仅在 "windows" 6.1 及更高版本 上受支持。 (https://learn.microsoft.com/dotnet/fundamentals/code-analysis/quality-rules/ca1416) [D:\suo\SleepSightPro\SleepSightPro.csproj]
D:\suo\SleepSightPro\MainForm.cs(955,29): warning CA1416: 可在所有平台上访问此调用站点。"SolidBrush" 仅在 "windows" 6.1 及更高版本 上受支持。 (https://learn.microsoft.com/dotnet/fundamentals/code-analysis/quality-rules/ca1416) [D:\suo\SleepSightPro\SleepSightPro.csproj]
D:\suo\SleepSightPro\MainForm.cs(932,30): warning CA1416: 可在所有平台上访问此调用站点。"SolidBrush" 仅在 "windows" 6.1 及更高版本 上受支持。 (https://learn.microsoft.com/dotnet/fundamentals/code-analysis/quality-rules/ca1416) [D:\suo\SleepSightPro\SleepSightPro.csproj]
D:\suo\SleepSightPro\MainForm.cs(993,13): warning CA1416: 可在所有平台上访问此调用站点。"Graphics.DrawString(string?, Font, Brush, float, float)" 仅在 "windows" 6.1 及更高版本 上受支持。 (https://learn.microsoft.com/dotnet/fundamentals/code-analysis/quality-rules/ca1416) [D:\suo\SleepSightPro\SleepSightPro.csproj]
D:\suo\SleepSightPro\MainForm.cs(937,21): warning CA1416: 可在所有平台上访问此调用站点。"Graphics.MeasureString(string?, Font)" 仅在 "windows" 6.1 及更高版本 上受支持。 (https://learn.microsoft.com/dotnet/fundamentals/code-analysis/quality-rules/ca1416) [D:\suo\SleepSightPro\SleepSightPro.csproj]
D:\suo\SleepSightPro\MainForm.cs(916,13): warning CA1416: 可在所有平台上访问此调用站点。"Graphics.DrawPath(Pen, GraphicsPath)" 仅在 "windows" 6.1 及更高版本 上受支持。 (https://learn.microsoft.com/dotnet/fundamentals/code-analysis/quality-rules/ca1416) [D:\suo\SleepSightPro\SleepSightPro.csproj]
D:\suo\SleepSightPro\MainForm.cs(958,22): warning CA1416: 可在所有平台上访问此调用站点。"Graphics.MeasureString(string?, Font)" 仅在 "windows" 6.1 及更高版本 上受支持。 (https://learn.microsoft.com/dotnet/fundamentals/code-analysis/quality-rules/ca1416) [D:\suo\SleepSightPro\SleepSightPro.csproj]
D:\suo\SleepSightPro\MainForm.cs(986,37): warning CA1416: 可在所有平台上访问此调用站点。"SolidBrush" 仅在 "windows" 6.1 及更高版本 上受支持。 (https://learn.microsoft.com/dotnet/fundamentals/code-analysis/quality-rules/ca1416) [D:\suo\SleepSightPro\SleepSightPro.csproj]
D:\suo\SleepSightPro\MainForm.cs(966,29): warning CA1416: 可在所有平台上访问此调用站点。"Pen" 仅在 "windows" 6.1 及更高版本 上受支持。 (https://learn.microsoft.com/dotnet/fundamentals/code-analysis/quality-rules/ca1416) [D:\suo\SleepSightPro\SleepSightPro.csproj]
D:\suo\SleepSightPro\MainForm.cs(938,31): warning CA1416: 可在所有平台上访问此调用站点。"SolidBrush" 仅在 "windows" 6.1 及更高版本 上受支持。 (https://learn.microsoft.com/dotnet/fundamentals/code-analysis/quality-rules/ca1416) [D:\suo\SleepSightPro\SleepSightPro.csproj]
D:\suo\SleepSightPro\MainForm.cs(959,13): warning CA1416: 可在所有平台上访问此调用站点。"Graphics.DrawString(string?, Font, Brush, float, float)" 仅在 "windows" 6.1 及更高版本 上受支持。 (https://learn.microsoft.com/dotnet/fundamentals/code-analysis/quality-rules/ca1416) [D:\suo\SleepSightPro\SleepSightPro.csproj]
D:\suo\SleepSightPro\MainForm.cs(990,34): warning CA1416: 可在所有平台上访问此调用站点。"SolidBrush" 仅在 "windows" 6.1 及更高版本 上受支持。 (https://learn.microsoft.com/dotnet/fundamentals/code-analysis/quality-rules/ca1416) [D:\suo\SleepSightPro\SleepSightPro.csproj]
D:\suo\SleepSightPro\MainForm.cs(951,13): warning CA1416: 可在所有平台上访问此调用站点。"Graphics.DrawLine(Pen, int, int, int, int)" 仅在 "windows" 6.1 及更高版本 上受支持。 (https://learn.microsoft.com/dotnet/fundamentals/code-analysis/quality-rules/ca1416) [D:\suo\SleepSightPro\SleepSightPro.csproj]
D:\suo\SleepSightPro\MainForm.cs(945,33): warning CA1416: 可在所有平台上访问此调用站点。"SolidBrush" 仅在 "windows" 6.1 及更高版本 上受支持。 (https://learn.microsoft.com/dotnet/fundamentals/code-analysis/quality-rules/ca1416) [D:\suo\SleepSightPro\SleepSightPro.csproj]
D:\suo\SleepSightPro\MainForm.cs(988,13): warning CA1416: 可在所有平台上访问此调用站点。"Graphics.FillPath(Brush, GraphicsPath)" 仅在 "windows" 6.1 及更高版本 上受支持。 (https://learn.microsoft.com/dotnet/fundamentals/code-analysis/quality-rules/ca1416) [D:\suo\SleepSightPro\SleepSightPro.csproj]
D:\suo\SleepSightPro\MainForm.cs(950,29): warning CA1416: 可在所有平台上访问此调用站点。"Pen" 仅在 "windows" 6.1 及更高版本 上受支持。 (https://learn.microsoft.com/dotnet/fundamentals/code-analysis/quality-rules/ca1416) [D:\suo\SleepSightPro\SleepSightPro.csproj]
D:\suo\SleepSightPro\MainForm.cs(923,13): warning CA1416: 可在所有平台上访问此调用站点。"Graphics.FillPath(Brush, GraphicsPath)" 仅在 "windows" 6.1 及更高版本 上受支持。 (https://learn.microsoft.com/dotnet/fundamentals/code-analysis/quality-rules/ca1416) [D:\suo\SleepSightPro\SleepSightPro.csproj]
D:\suo\SleepSightPro\MainForm.cs(913,33): warning CA1416: 可在所有平台上访问此调用站点。"Pen" 仅在 "windows" 6.1 及更高版本 上受支持。 (https://learn.microsoft.com/dotnet/fundamentals/code-analysis/quality-rules/ca1416) [D:\suo\SleepSightPro\SleepSightPro.csproj]
D:\suo\SleepSightPro\MainForm.cs(908,13): warning CA1416: 可在所有平台上访问此调用站点。"Graphics.FillPath(Brush, GraphicsPath)" 仅在 "windows" 6.1 及更高版本 上受支持。 (https://learn.microsoft.com/dotnet/fundamentals/code-analysis/quality-rules/ca1416) [D:\suo\SleepSightPro\SleepSightPro.csproj]
D:\suo\SleepSightPro\MainForm.cs(933,13): warning CA1416: 可在所有平台上访问此调用站点。"Graphics.FillEllipse(Brush, Rectangle)" 仅在 "windows" 6.1 及更高版本 上受支持。 (https://learn.microsoft.com/dotnet/fundamentals/code-analysis/quality-rules/ca1416) [D:\suo\SleepSightPro\SleepSightPro.csproj]
D:\suo\SleepSightPro\MainForm.cs(973,13): warning CA1416: 可在所有平台上访问此调用站点。"Graphics.DrawString(string?, Font, Brush, float, float)" 仅在 "windows" 6.1 及更高版本 上受支持。 (https://learn.microsoft.com/dotnet/fundamentals/code-analysis/quality-rules/ca1416) [D:\suo\SleepSightPro\SleepSightPro.csproj]
D:\suo\SleepSightPro\MainForm.cs(946,13): warning CA1416: 可在所有平台上访问此调用站点。"Graphics.DrawString(string?, Font, Brush, float, float)" 仅在 "windows" 6.1 及更高版本 上受支持。 (https://learn.microsoft.com/dotnet/fundamentals/code-analysis/quality-rules/ca1416) [D:\suo\SleepSightPro\SleepSightPro.csproj]
D:\suo\SleepSightPro\MainForm.cs(979,29): warning CA1416: 可在所有平台上访问此调用站点。"Pen" 仅在 "windows" 6.1 及更高版本 上受支持。 (https://learn.microsoft.com/dotnet/fundamentals/code-analysis/quality-rules/ca1416) [D:\suo\SleepSightPro\SleepSightPro.csproj]
D:\suo\SleepSightPro\MainForm.cs(934,31): warning CA1416: 可在所有平台上访问此调用站点。"Pen" 仅在 "windows" 6.1 及更高版本 上受支持。 (https://learn.microsoft.com/dotnet/fundamentals/code-analysis/quality-rules/ca1416) [D:\suo\SleepSightPro\SleepSightPro.csproj]
D:\suo\SleepSightPro\MainForm.cs(991,39): warning CA1416: 可在所有平台上访问此调用站点。"SolidBrush" 仅在 "windows" 6.1 及更高版本 上受支持。 (https://learn.microsoft.com/dotnet/fundamentals/code-analysis/quality-rules/ca1416) [D:\suo\SleepSightPro\SleepSightPro.csproj]
D:\suo\SleepSightPro\MainForm.cs(939,13): warning CA1416: 可在所有平台上访问此调用站点。"Graphics.DrawString(string?, Font, Brush, float, float)" 仅在 "windows" 6.1 及更高版本 上受支持。 (https://learn.microsoft.com/dotnet/fundamentals/code-analysis/quality-rules/ca1416) [D:\suo\SleepSightPro\SleepSightPro.csproj]
D:\suo\SleepSightPro\MainForm.cs(915,13): warning CA1416: 可在所有平台上访问此调用站点。"Graphics.FillPath(Brush, GraphicsPath)" 仅在 "windows" 6.1 及更高版本 上受支持。 (https://learn.microsoft.com/dotnet/fundamentals/code-analysis/quality-rules/ca1416) [D:\suo\SleepSightPro\SleepSightPro.csproj]
D:\suo\SleepSightPro\MainForm.cs(724,71): warning CA1416: 可在所有平台上访问此调用站点。"FontStyle.Bold" 仅在 "windows" 6.1 及更高版本 上受支持。 (https://learn.microsoft.com/dotnet/fundamentals/code-analysis/quality-rules/ca1416) [D:\suo\SleepSightPro\SleepSightPro.csproj]
D:\suo\SleepSightPro\MainForm.cs(721,68): warning CA1416: 可在所有平台上访问此调用站点。"FontStyle.Bold" 仅在 "windows" 6.1 及更高版本 上受支持。 (https://learn.microsoft.com/dotnet/fundamentals/code-analysis/quality-rules/ca1416) [D:\suo\SleepSightPro\SleepSightPro.csproj]
D:\suo\SleepSightPro\MainForm.cs(724,38): warning CA1416: 可在所有平台上访问此调用站点。"Font" 仅在 "windows" 6.1 及更高版本 上受支持。 (https://learn.microsoft.com/dotnet/fundamentals/code-analysis/quality-rules/ca1416) [D:\suo\SleepSightPro\SleepSightPro.csproj]
D:\suo\SleepSightPro\MainForm.cs(890,35): warning CA1416: 可在所有平台上访问此调用站点。"Pen" 仅在 "windows" 6.1 及更高版本 上受支持。 (https://learn.microsoft.com/dotnet/fundamentals/code-analysis/quality-rules/ca1416) [D:\suo\SleepSightPro\SleepSightPro.csproj]
D:\suo\SleepSightPro\MainForm.cs(872,17): warning CA1416: 可在所有平台上访问此调用站点。"Graphics.DrawString(string?, Font, Brush, float, float)" 仅在 "windows" 6.1 及更高版本 上受支持。 (https://learn.microsoft.com/dotnet/fundamentals/code-analysis/quality-rules/ca1416) [D:\suo\SleepSightPro\SleepSightPro.csproj]
D:\suo\SleepSightPro\MainForm.cs(718,35): warning CA1416: 可在所有平台上访问此调用站点。"Font" 仅在 "windows" 6.1 及更高版本 上受支持。 (https://learn.microsoft.com/dotnet/fundamentals/code-analysis/quality-rules/ca1416) [D:\suo\SleepSightPro\SleepSightPro.csproj]
D:\suo\SleepSightPro\MainForm.cs(731,9): warning CA1416: 可在所有平台上访问此调用站点。"Graphics.Clear(Color)" 仅在 "windows" 6.1 及更高版本 上受支持。 (https://learn.microsoft.com/dotnet/fundamentals/code-analysis/quality-rules/ca1416) [D:\suo\SleepSightPro\SleepSightPro.csproj]
D:\suo\SleepSightPro\MainForm.cs(842,13): warning CA1416: 可在所有平台上访问此调用站点。"Graphics.DrawString(string?, Font, Brush, float, float)" 仅在 "windows" 6.1 及更高版本 上受支持。 (https://learn.microsoft.com/dotnet/fundamentals/code-analysis/quality-rules/ca1416) [D:\suo\SleepSightPro\SleepSightPro.csproj]
D:\suo\SleepSightPro\MainForm.cs(828,34): warning CA1416: 可在所有平台上访问此调用站点。"LinearGradientBrush" 仅在 "windows" 6.1 及更高版本 上受支持。 (https://learn.microsoft.com/dotnet/fundamentals/code-analysis/quality-rules/ca1416) [D:\suo\SleepSightPro\SleepSightPro.csproj]
D:\suo\SleepSightPro\MainForm.cs(719,28): warning CA1416: 可在所有平台上访问此调用站点。"Font" 仅在 "windows" 6.1 及更高版本 上受支持。 (https://learn.microsoft.com/dotnet/fundamentals/code-analysis/quality-rules/ca1416) [D:\suo\SleepSightPro\SleepSightPro.csproj]
D:\suo\SleepSightPro\MainForm.cs(727,32): warning CA1416: 可在所有平台上访问此调用站点。"Font" 仅在 "windows" 6.1 及更高版本 上受支持。 (https://learn.microsoft.com/dotnet/fundamentals/code-analysis/quality-rules/ca1416) [D:\suo\SleepSightPro\SleepSightPro.csproj]
D:\suo\SleepSightPro\MainForm.cs(719,54): warning CA1416: 可在所有平台上访问此调用站点。"FontStyle.Bold" 仅在 "windows" 6.1 及更高版本 上受支持。 (https://learn.microsoft.com/dotnet/fundamentals/code-analysis/quality-rules/ca1416) [D:\suo\SleepSightPro\SleepSightPro.csproj]
D:\suo\SleepSightPro\MainForm.cs(723,29): warning CA1416: 可在所有平台上访问此调用站点。"Font" 仅在 "windows" 6.1 及更高版本 上受支持。 (https://learn.microsoft.com/dotnet/fundamentals/code-analysis/quality-rules/ca1416) [D:\suo\SleepSightPro\SleepSightPro.csproj]
D:\suo\SleepSightPro\MainForm.cs(725,37): warning CA1416: 可在所有平台上访问此调用站点。"Font" 仅在 "windows" 6.1 及更高版本 上受支持。 (https://learn.microsoft.com/dotnet/fundamentals/code-analysis/quality-rules/ca1416) [D:\suo\SleepSightPro\SleepSightPro.csproj]
D:\suo\SleepSightPro\MainForm.cs(723,55): warning CA1416: 可在所有平台上访问此调用站点。"FontStyle.Bold" 仅在 "windows" 6.1 及更高版本 上受支持。 (https://learn.microsoft.com/dotnet/fundamentals/code-analysis/quality-rules/ca1416) [D:\suo\SleepSightPro\SleepSightPro.csproj]
D:\suo\SleepSightPro\MainForm.cs(870,72): warning CA1416: 可在所有平台上访问此调用站点。"FontStyle.Bold" 仅在 "windows" 6.1 及更高版本 上受支持。 (https://learn.microsoft.com/dotnet/fundamentals/code-analysis/quality-rules/ca1416) [D:\suo\SleepSightPro\SleepSightPro.csproj]
D:\suo\SleepSightPro\MainForm.cs(720,31): warning CA1416: 可在所有平台上访问此调用站点。"Font" 仅在 "windows" 6.1 及更高版本 上受支持。 (https://learn.microsoft.com/dotnet/fundamentals/code-analysis/quality-rules/ca1416) [D:\suo\SleepSightPro\SleepSightPro.csproj]
D:\suo\SleepSightPro\MainForm.cs(871,31): warning CA1416: 可在所有平台上访问此调用站点。"Graphics.MeasureString(string?, Font)" 仅在 "windows" 6.1 及更高版本 上受支持。 (https://learn.microsoft.com/dotnet/fundamentals/code-analysis/quality-rules/ca1416) [D:\suo\SleepSightPro\SleepSightPro.csproj]
D:\suo\SleepSightPro\MainForm.cs(726,71): warning CA1416: 可在所有平台上访问此调用站点。"FontStyle.Bold" 仅在 "windows" 6.1 及更高版本 上受支持。 (https://learn.microsoft.com/dotnet/fundamentals/code-analysis/quality-rules/ca1416) [D:\suo\SleepSightPro\SleepSightPro.csproj]
D:\suo\SleepSightPro\MainForm.cs(840,24): warning CA1416: 可在所有平台上访问此调用站点。"Graphics.MeasureString(string?, Font)" 仅在 "windows" 6.1 及更高版本 上受支持。 (https://learn.microsoft.com/dotnet/fundamentals/code-analysis/quality-rules/ca1416) [D:\suo\SleepSightPro\SleepSightPro.csproj]
D:\suo\SleepSightPro\MainForm.cs(721,36): warning CA1416: 可在所有平台上访问此调用站点。"Font" 仅在 "windows" 6.1 及更高版本 上受支持。 (https://learn.microsoft.com/dotnet/fundamentals/code-analysis/quality-rules/ca1416) [D:\suo\SleepSightPro\SleepSightPro.csproj]
D:\suo\SleepSightPro\MainForm.cs(869,40): warning CA1416: 可在所有平台上访问此调用站点。"SolidBrush" 仅在 "windows" 6.1 及更高版本 上受支持。 (https://learn.microsoft.com/dotnet/fundamentals/code-analysis/quality-rules/ca1416) [D:\suo\SleepSightPro\SleepSightPro.csproj]
D:\suo\SleepSightPro\MainForm.cs(717,32): warning CA1416: 可在所有平台上访问此调用站点。"Font" 仅在 "windows" 6.1 及更高版本 上受支持。 (https://learn.microsoft.com/dotnet/fundamentals/code-analysis/quality-rules/ca1416) [D:\suo\SleepSightPro\SleepSightPro.csproj]
D:\suo\SleepSightPro\MainForm.cs(889,13): warning CA1416: 可在所有平台上访问此调用站点。"Graphics.FillPath(Brush, GraphicsPath)" 仅在 "windows" 6.1 及更高版本 上受支持。 (https://learn.microsoft.com/dotnet/fundamentals/code-analysis/quality-rules/ca1416) [D:\suo\SleepSightPro\SleepSightPro.csproj]
D:\suo\SleepSightPro\MainForm.cs(717,65): warning CA1416: 可在所有平台上访问此调用站点。"FontStyle.Bold" 仅在 "windows" 6.1 及更高版本 上受支持。 (https://learn.microsoft.com/dotnet/fundamentals/code-analysis/quality-rules/ca1416) [D:\suo\SleepSightPro\SleepSightPro.csproj]
D:\suo\SleepSightPro\MainForm.cs(870,39): warning CA1416: 可在所有平台上访问此调用站点。"Font" 仅在 "windows" 6.1 及更高版本 上受支持。 (https://learn.microsoft.com/dotnet/fundamentals/code-analysis/quality-rules/ca1416) [D:\suo\SleepSightPro\SleepSightPro.csproj]
D:\suo\SleepSightPro\MainForm.cs(891,13): warning CA1416: 可在所有平台上访问此调用站点。"Graphics.DrawPath(Pen, GraphicsPath)" 仅在 "windows" 6.1 及更高版本 上受支持。 (https://learn.microsoft.com/dotnet/fundamentals/code-analysis/quality-rules/ca1416) [D:\suo\SleepSightPro\SleepSightPro.csproj]
D:\suo\SleepSightPro\MainForm.cs(834,13): warning CA1416: 可在所有平台上访问此调用站点。"Graphics.DrawPath(Pen, GraphicsPath)" 仅在 "windows" 6.1 及更高版本 上受支持。 (https://learn.microsoft.com/dotnet/fundamentals/code-analysis/quality-rules/ca1416) [D:\suo\SleepSightPro\SleepSightPro.csproj]
D:\suo\SleepSightPro\MainForm.cs(841,38): warning CA1416: 可在所有平台上访问此调用站点。"SolidBrush" 仅在 "windows" 6.1 及更高版本 上受支持。 (https://learn.microsoft.com/dotnet/fundamentals/code-analysis/quality-rules/ca1416) [D:\suo\SleepSightPro\SleepSightPro.csproj]
D:\suo\SleepSightPro\MainForm.cs(886,28): warning CA1416: 可在所有平台上访问此调用站点。"LinearGradientBrush" 仅在 "windows" 6.1 及更高版本 上受支持。 (https://learn.microsoft.com/dotnet/fundamentals/code-analysis/quality-rules/ca1416) [D:\suo\SleepSightPro\SleepSightPro.csproj]
D:\suo\SleepSightPro\MainForm.cs(726,38): warning CA1416: 可在所有平台上访问此调用站点。"Font" 仅在 "windows" 6.1 及更高版本 上受支持。 (https://learn.microsoft.com/dotnet/fundamentals/code-analysis/quality-rules/ca1416) [D:\suo\SleepSightPro\SleepSightPro.csproj]
D:\suo\SleepSightPro\MainForm.cs(833,13): warning CA1416: 可在所有平台上访问此调用站点。"Graphics.FillPath(Brush, GraphicsPath)" 仅在 "windows" 6.1 及更高版本 上受支持。 (https://learn.microsoft.com/dotnet/fundamentals/code-analysis/quality-rules/ca1416) [D:\suo\SleepSightPro\SleepSightPro.csproj]
D:\suo\SleepSightPro\MainForm.cs(722,33): warning CA1416: 可在所有平台上访问此调用站点。"Font" 仅在 "windows" 6.1 及更高版本 上受支持。 (https://learn.microsoft.com/dotnet/fundamentals/code-analysis/quality-rules/ca1416) [D:\suo\SleepSightPro\SleepSightPro.csproj]
D:\suo\SleepSightPro\MainForm.cs(718,68): warning CA1416: 可在所有平台上访问此调用站点。"FontStyle.Bold" 仅在 "windows" 6.1 及更高版本 上受支持。 (https://learn.microsoft.com/dotnet/fundamentals/code-analysis/quality-rules/ca1416) [D:\suo\SleepSightPro\SleepSightPro.csproj]
D:\suo\SleepSightPro\MainForm.cs(831,35): warning CA1416: 可在所有平台上访问此调用站点。"Pen" 仅在 "windows" 6.1 及更高版本 上受支持。 (https://learn.microsoft.com/dotnet/fundamentals/code-analysis/quality-rules/ca1416) [D:\suo\SleepSightPro\SleepSightPro.csproj]
D:\suo\SleepSightPro\MainForm.cs(1054,31): warning CA1416: 可在所有平台上访问此调用站点。"Graphics.MeasureString(string?, Font)" 仅在 "windows" 6.1 及更高版本 上受支持。 (https://learn.microsoft.com/dotnet/fundamentals/code-analysis/quality-rules/ca1416) [D:\suo\SleepSightPro\SleepSightPro.csproj]
D:\suo\SleepSightPro\MainForm.cs(1055,17): warning CA1416: 可在所有平台上访问此调用站点。"Graphics.DrawString(string?, Font, Brush, float, float)" 仅在 "windows" 6.1 及更高版本 上受支持。 (https://learn.microsoft.com/dotnet/fundamentals/code-analysis/quality-rules/ca1416) [D:\suo\SleepSightPro\SleepSightPro.csproj]
D:\suo\SleepSightPro\MainForm.cs(1087,29): warning CA1416: 可在所有平台上访问此调用站点。"Pen" 仅在 "windows" 6.1 及更高版本 上受支持。 (https://learn.microsoft.com/dotnet/fundamentals/code-analysis/quality-rules/ca1416) [D:\suo\SleepSightPro\SleepSightPro.csproj]
D:\suo\SleepSightPro\MainForm.cs(1004,23): warning CA1416: 可在所有平台上访问此调用站点。"Graphics.MeasureString(string?, Font)" 仅在 "windows" 6.1 及更高版本 上受支持。 (https://learn.microsoft.com/dotnet/fundamentals/code-analysis/quality-rules/ca1416) [D:\suo\SleepSightPro\SleepSightPro.csproj]
D:\suo\SleepSightPro\MainForm.cs(1046,35): warning CA1416: 可在所有平台上访问此调用站点。"SolidBrush" 仅在 "windows" 6.1 及更高版本 上受支持。 (https://learn.microsoft.com/dotnet/fundamentals/code-analysis/quality-rules/ca1416) [D:\suo\SleepSightPro\SleepSightPro.csproj]
D:\suo\SleepSightPro\MainForm.cs(1088,13): warning CA1416: 可在所有平台上访问此调用站点。"Graphics.DrawLine(Pen, int, int, int, int)" 仅在 "windows" 6.1 及更高版本 上受支持。 (https://learn.microsoft.com/dotnet/fundamentals/code-analysis/quality-rules/ca1416) [D:\suo\SleepSightPro\SleepSightPro.csproj]
D:\suo\SleepSightPro\MainForm.cs(1077,29): warning CA1416: 可在所有平台上访问此调用站点。"Graphics.MeasureString(string?, Font)" 仅在 "windows" 6.1 及更高版本 上受支持。 (https://learn.microsoft.com/dotnet/fundamentals/code-analysis/quality-rules/ca1416) [D:\suo\SleepSightPro\SleepSightPro.csproj]
D:\suo\SleepSightPro\MainForm.cs(1005,33): warning CA1416: 可在所有平台上访问此调用站点。"SolidBrush" 仅在 "windows" 6.1 及更高版本 上受支持。 (https://learn.microsoft.com/dotnet/fundamentals/code-analysis/quality-rules/ca1416) [D:\suo\SleepSightPro\SleepSightPro.csproj]
D:\suo\SleepSightPro\MainForm.cs(1035,64): warning CA1416: 可在所有平台上访问此调用站点。"FontStyle.Bold" 仅在 "windows" 6.1 及更高版本 上受支持。 (https://learn.microsoft.com/dotnet/fundamentals/code-analysis/quality-rules/ca1416) [D:\suo\SleepSightPro\SleepSightPro.csproj]
D:\suo\SleepSightPro\MainForm.cs(1050,59): warning CA1416: 可在所有平台上访问此调用站点。"FontStyle.Bold" 仅在 "windows" 6.1 及更高版本 上受支持。 (https://learn.microsoft.com/dotnet/fundamentals/code-analysis/quality-rules/ca1416) [D:\suo\SleepSightPro\SleepSightPro.csproj]
D:\suo\SleepSightPro\MainForm.cs(1047,17): warning CA1416: 可在所有平台上访问此调用站点。"Graphics.FillEllipse(Brush, int, int, int, int)" 仅在 "windows" 6.1 及更高版本 上受支持。 (https://learn.microsoft.com/dotnet/fundamentals/code-analysis/quality-rules/ca1416) [D:\suo\SleepSightPro\SleepSightPro.csproj]
D:\suo\SleepSightPro\MainForm.cs(1092,33): warning CA1416: 可在所有平台上访问此调用站点。"SolidBrush" 仅在 "windows" 6.1 及更高版本 上受支持。 (https://learn.microsoft.com/dotnet/fundamentals/code-analysis/quality-rules/ca1416) [D:\suo\SleepSightPro\SleepSightPro.csproj]
D:\suo\SleepSightPro\MainForm.cs(1094,9): warning CA1416: 可在所有平台上访问此调用站点。"Graphics.DrawString(string?, Font, Brush, float, float)" 仅在 "windows" 6.1 及更高版本 上受支持。 (https://learn.microsoft.com/dotnet/fundamentals/code-analysis/quality-rules/ca1416) [D:\suo\SleepSightPro\SleepSightPro.csproj]
D:\suo\SleepSightPro\MainForm.cs(1012,13): warning CA1416: 可在所有平台上访问此调用站点。"Graphics.DrawLine(Pen, int, int, int, int)" 仅在 "windows" 6.1 及更高版本 上受支持。 (https://learn.microsoft.com/dotnet/fundamentals/code-analysis/quality-rules/ca1416) [D:\suo\SleepSightPro\SleepSightPro.csproj]
D:\suo\SleepSightPro\MainForm.cs(1062,37): warning CA1416: 可在所有平台上访问此调用站点。"SolidBrush" 仅在 "windows" 6.1 及更高版本 上受支持。 (https://learn.microsoft.com/dotnet/fundamentals/code-analysis/quality-rules/ca1416) [D:\suo\SleepSightPro\SleepSightPro.csproj]
D:\suo\SleepSightPro\MainForm.cs(1076,38): warning CA1416: 可在所有平台上访问此调用站点。"SolidBrush" 仅在 "windows" 6.1 及更高版本 上受支持。 (https://learn.microsoft.com/dotnet/fundamentals/code-analysis/quality-rules/ca1416) [D:\suo\SleepSightPro\SleepSightPro.csproj]
D:\suo\SleepSightPro\MainForm.cs(1066,36): warning CA1416: 可在所有平台上访问此调用站点。"SolidBrush" 仅在 "windows" 6.1 及更高版本 上受支持。 (https://learn.microsoft.com/dotnet/fundamentals/code-analysis/quality-rules/ca1416) [D:\suo\SleepSightPro\SleepSightPro.csproj]
D:\suo\SleepSightPro\MainForm.cs(1063,17): warning CA1416: 可在所有平台上访问此调用站点。"Graphics.DrawString(string?, Font, Brush, float, float)" 仅在 "windows" 6.1 及更高版本 上受支持。 (https://learn.microsoft.com/dotnet/fundamentals/code-analysis/quality-rules/ca1416) [D:\suo\SleepSightPro\SleepSightPro.csproj]
D:\suo\SleepSightPro\MainForm.cs(1035,31): warning CA1416: 可在所有平台上访问此调用站点。"Font" 仅在 "windows" 6.1 及更高版本 上受支持。 (https://learn.microsoft.com/dotnet/fundamentals/code-analysis/quality-rules/ca1416) [D:\suo\SleepSightPro\SleepSightPro.csproj]
D:\suo\SleepSightPro\MainForm.cs(1011,29): warning CA1416: 可在所有平台上访问此调用站点。"Pen" 仅在 "windows" 6.1 及更高版本 上受支持。 (https://learn.microsoft.com/dotnet/fundamentals/code-analysis/quality-rules/ca1416) [D:\suo\SleepSightPro\SleepSightPro.csproj]
D:\suo\SleepSightPro\MainForm.cs(1036,30): warning CA1416: 可在所有平台上访问此调用站点。"Font" 仅在 "windows" 6.1 及更高版本 上受支持。 (https://learn.microsoft.com/dotnet/fundamentals/code-analysis/quality-rules/ca1416) [D:\suo\SleepSightPro\SleepSightPro.csproj]
D:\suo\SleepSightPro\MainForm.cs(1069,17): warning CA1416: 可在所有平台上访问此调用站点。"Graphics.DrawString(string?, Font, Brush, float, float)" 仅在 "windows" 6.1 及更高版本 上受支持。 (https://learn.microsoft.com/dotnet/fundamentals/code-analysis/quality-rules/ca1416) [D:\suo\SleepSightPro\SleepSightPro.csproj]
D:\suo\SleepSightPro\MainForm.cs(1006,13): warning CA1416: 可在所有平台上访问此调用站点。"Graphics.DrawString(string?, Font, Brush, float, float)" 仅在 "windows" 6.1 及更高版本 上受支持。 (https://learn.microsoft.com/dotnet/fundamentals/code-analysis/quality-rules/ca1416) [D:\suo\SleepSightPro\SleepSightPro.csproj]
D:\suo\SleepSightPro\MainForm.cs(1078,17): warning CA1416: 可在所有平台上访问此调用站点。"Graphics.DrawString(string?, Font, Brush, float, float)" 仅在 "windows" 6.1 及更高版本 上受支持。 (https://learn.microsoft.com/dotnet/fundamentals/code-analysis/quality-rules/ca1416) [D:\suo\SleepSightPro\SleepSightPro.csproj]
D:\suo\SleepSightPro\MainForm.cs(1068,30): warning CA1416: 可在所有平台上访问此调用站点。"Graphics.MeasureString(string?, Font)" 仅在 "windows" 6.1 及更高版本 上受支持。 (https://learn.microsoft.com/dotnet/fundamentals/code-analysis/quality-rules/ca1416) [D:\suo\SleepSightPro\SleepSightPro.csproj]
D:\suo\SleepSightPro\MainForm.cs(1051,35): warning CA1416: 可在所有平台上访问此调用站点。"SolidBrush" 仅在 "windows" 6.1 及更高版本 上受支持。 (https://learn.microsoft.com/dotnet/fundamentals/code-analysis/quality-rules/ca1416) [D:\suo\SleepSightPro\SleepSightPro.csproj]
D:\suo\SleepSightPro\MainForm.cs(1093,24): warning CA1416: 可在所有平台上访问此调用站点。"Graphics.MeasureString(string?, Font)" 仅在 "windows" 6.1 及更高版本 上受支持。 (https://learn.microsoft.com/dotnet/fundamentals/code-analysis/quality-rules/ca1416) [D:\suo\SleepSightPro\SleepSightPro.csproj]
D:\suo\SleepSightPro\MainForm.cs(1050,34): warning CA1416: 可在所有平台上访问此调用站点。"Font" 仅在 "windows" 6.1 及更高版本 上受支持。 (https://learn.microsoft.com/dotnet/fundamentals/code-analysis/quality-rules/ca1416) [D:\suo\SleepSightPro\SleepSightPro.csproj]
D:\suo\SleepSightPro\MainForm.cs(1418,13): warning CA1416: 可在所有平台上访问此调用站点。"MessageBox.Show(string?, string?, MessageBoxButtons, MessageBoxIcon)" 仅在 "windows" 6.1 及更高版本 上受支持。 (https://learn.microsoft.com/dotnet/fundamentals/code-analysis/quality-rules/ca1416) [D:\suo\SleepSightPro\SleepSightPro.csproj]
D:\suo\SleepSightPro\MainForm.cs(1418,82): warning CA1416: 可在所有平台上访问此调用站点。"MessageBoxButtons.YesNo" 仅在 "windows" 6.1 及更高版本 上受支持。 (https://learn.microsoft.com/dotnet/fundamentals/code-analysis/quality-rules/ca1416) [D:\suo\SleepSightPro\SleepSightPro.csproj]
D:\suo\SleepSightPro\MainForm.cs(1418,107): warning CA1416: 可在所有平台上访问此调用站点。"MessageBoxIcon.Warning" 仅在 "windows" 6.1 及更高版本 上受支持。 (https://learn.microsoft.com/dotnet/fundamentals/code-analysis/quality-rules/ca1416) [D:\suo\SleepSightPro\SleepSightPro.csproj]
D:\suo\SleepSightPro\MainForm.cs(1286,52): warning CA1416: 可在所有平台上访问此调用站点。"MessageBoxButtons.OK" 仅在 "windows" 6.1 及更高版本 上受支持。 (https://learn.microsoft.com/dotnet/fundamentals/code-analysis/quality-rules/ca1416) [D:\suo\SleepSightPro\SleepSightPro.csproj]
D:\suo\SleepSightPro\MainForm.cs(1190,58): warning CA1416: 可在所有平台上访问此调用站点。"MessageBoxButtons.OK" 仅在 "windows" 6.1 及更高版本 上受支持。 (https://learn.microsoft.com/dotnet/fundamentals/code-analysis/quality-rules/ca1416) [D:\suo\SleepSightPro\SleepSightPro.csproj]
D:\suo\SleepSightPro\MainForm.cs(1183,13): warning CA1416: 可在所有平台上访问此调用站点。"MessageBox.Show(string?, string?, MessageBoxButtons, MessageBoxIcon)" 仅在 "windows" 6.1 及更高版本 上受支持。 (https://learn.microsoft.com/dotnet/fundamentals/code-analysis/quality-rules/ca1416) [D:\suo\SleepSightPro\SleepSightPro.csproj]
D:\suo\SleepSightPro\MainForm.cs(1228,50): warning CA1416: 可在所有平台上访问此调用站点。"ComboBox.SelectedItem" 仅在 "windows" 6.1 及更高版本 上受支持。 (https://learn.microsoft.com/dotnet/fundamentals/code-analysis/quality-rules/ca1416) [D:\suo\SleepSightPro\SleepSightPro.csproj]
D:\suo\SleepSightPro\MainForm.cs(1286,74): warning CA1416: 可在所有平台上访问此调用站点。"MessageBoxIcon.Information" 仅在 "windows" 6.1 及更高版本 上受支持。 (https://learn.microsoft.com/dotnet/fundamentals/code-analysis/quality-rules/ca1416) [D:\suo\SleepSightPro\SleepSightPro.csproj]
D:\suo\SleepSightPro\MainForm.cs(1183,80): warning CA1416: 可在所有平台上访问此调用站点。"MessageBoxIcon.Information" 仅在 "windows" 6.1 及更高版本 上受支持。 (https://learn.microsoft.com/dotnet/fundamentals/code-analysis/quality-rules/ca1416) [D:\suo\SleepSightPro\SleepSightPro.csproj]
D:\suo\SleepSightPro\MainForm.cs(1183,58): warning CA1416: 可在所有平台上访问此调用站点。"MessageBoxButtons.OK" 仅在 "windows" 6.1 及更高版本 上受支持。 (https://learn.microsoft.com/dotnet/fundamentals/code-analysis/quality-rules/ca1416) [D:\suo\SleepSightPro\SleepSightPro.csproj]
D:\suo\SleepSightPro\MainForm.cs(1181,56): warning CA1416: 可在所有平台上访问此调用站点。"RichTextBox.Text" 仅在 "windows" 6.1 及更高版本 上受支持。 (https://learn.microsoft.com/dotnet/fundamentals/code-analysis/quality-rules/ca1416) [D:\suo\SleepSightPro\SleepSightPro.csproj]
D:\suo\SleepSightPro\MainForm.cs(1187,44): warning CA1416: 可在所有平台上访问此调用站点。"RichTextBox.Text" 仅在 "windows" 6.1 及更高版本 上受支持。 (https://learn.microsoft.com/dotnet/fundamentals/code-analysis/quality-rules/ca1416) [D:\suo\SleepSightPro\SleepSightPro.csproj]
D:\suo\SleepSightPro\MainForm.cs(1190,80): warning CA1416: 可在所有平台上访问此调用站点。"MessageBoxIcon.Warning" 仅在 "windows" 6.1 及更高版本 上受支持。 (https://learn.microsoft.com/dotnet/fundamentals/code-analysis/quality-rules/ca1416) [D:\suo\SleepSightPro\SleepSightPro.csproj]
D:\suo\SleepSightPro\MainForm.cs(1286,9): warning CA1416: 可在所有平台上访问此调用站点。"MessageBox.Show(string?, string?, MessageBoxButtons, MessageBoxIcon)" 仅在 "windows" 6.1 及更高版本 上受支持。 (https://learn.microsoft.com/dotnet/fundamentals/code-analysis/quality-rules/ca1416) [D:\suo\SleepSightPro\SleepSightPro.csproj]
D:\suo\SleepSightPro\MainForm.cs(1190,13): warning CA1416: 可在所有平台上访问此调用站点。"MessageBox.Show(string?, string?, MessageBoxButtons, MessageBoxIcon)" 仅在 "windows" 6.1 及更高版本 上受支持。 (https://learn.microsoft.com/dotnet/fundamentals/code-analysis/quality-rules/ca1416) [D:\suo\SleepSightPro\SleepSightPro.csproj]
D:\suo\SleepSightPro\MainForm.cs(1442,13): warning CA1416: 可在所有平台上访问此调用站点。"MessageBox.Show(string?, string?, MessageBoxButtons, MessageBoxIcon)" 仅在 "windows" 6.1 及更高版本 上受支持。 (https://learn.microsoft.com/dotnet/fundamentals/code-analysis/quality-rules/ca1416) [D:\suo\SleepSightPro\SleepSightPro.csproj]
D:\suo\SleepSightPro\MainForm.cs(1443,13): warning CA1416: 可在所有平台上访问此调用站点。"MessageBoxButtons.YesNo" 仅在 "windows" 6.1 及更高版本 上受支持。 (https://learn.microsoft.com/dotnet/fundamentals/code-analysis/quality-rules/ca1416) [D:\suo\SleepSightPro\SleepSightPro.csproj]
D:\suo\SleepSightPro\MainForm.cs(1443,38): warning CA1416: 可在所有平台上访问此调用站点。"MessageBoxIcon.Question" 仅在 "windows" 6.1 及更高版本 上受支持。 (https://learn.microsoft.com/dotnet/fundamentals/code-analysis/quality-rules/ca1416) [D:\suo\SleepSightPro\SleepSightPro.csproj]
D:\suo\SleepSightPro\MainForm.cs(1455,24): warning CA1416: 可在所有平台上访问此调用站点。"Image.Dispose()" 仅在 "windows" 6.1 及更高版本 上受支持。 (https://learn.microsoft.com/dotnet/fundamentals/code-analysis/quality-rules/ca1416) [D:\suo\SleepSightPro\SleepSightPro.csproj]
D:\suo\SleepSightPro\MainForm.cs(1454,24): warning CA1416: 可在所有平台上访问此调用站点。"Image.Dispose()" 仅在 "windows" 6.1 及更高版本 上受支持。 (https://learn.microsoft.com/dotnet/fundamentals/code-analysis/quality-rules/ca1416) [D:\suo\SleepSightPro\SleepSightPro.csproj]
D:\suo\SleepSightPro\MainForm.cs(1647,9): warning CA1416: 可在所有平台上访问此调用站点。"ComboBox.ObjectCollection.AddRange(params object[])" 仅在 "windows" 6.1 及更高版本 上受支持。 (https://learn.microsoft.com/dotnet/fundamentals/code-analysis/quality-rules/ca1416) [D:\suo\SleepSightPro\SleepSightPro.csproj]
D:\suo\SleepSightPro\MainForm.cs(1648,39): warning CA1416: 可在所有平台上访问此调用站点。"ComboBox.SelectedIndex" 仅在 "windows" 6.1 及更高版本 上受支持。 (https://learn.microsoft.com/dotnet/fundamentals/code-analysis/quality-rules/ca1416) [D:\suo\SleepSightPro\SleepSightPro.csproj]
D:\suo\SleepSightPro\MainForm.cs(1649,9): warning CA1416: 可在所有平台上访问此调用站点。"ComboBox.SelectedIndex" 仅在 "windows" 6.1 及更高版本 上受支持。 (https://learn.microsoft.com/dotnet/fundamentals/code-analysis/quality-rules/ca1416) [D:\suo\SleepSightPro\SleepSightPro.csproj]
D:\suo\SleepSightPro\MainForm.cs(1647,9): warning CA1416: 可在所有平台上访问此调用站点。"ComboBox.Items" 仅在 "windows" 6.1 及更高版本 上受支持。 (https://learn.microsoft.com/dotnet/fundamentals/code-analysis/quality-rules/ca1416) [D:\suo\SleepSightPro\SleepSightPro.csproj]
D:\suo\SleepSightPro\MainForm.cs(1648,13): warning CA1416: 可在所有平台上访问此调用站点。"ComboBox.ObjectCollection.Count" 仅在 "windows" 6.1 及更高版本 上受支持。 (https://learn.microsoft.com/dotnet/fundamentals/code-analysis/quality-rules/ca1416) [D:\suo\SleepSightPro\SleepSightPro.csproj]
D:\suo\SleepSightPro\MainForm.cs(1648,13): warning CA1416: 可在所有平台上访问此调用站点。"ComboBox.Items" 仅在 "windows" 6.1 及更高版本 上受支持。 (https://learn.microsoft.com/dotnet/fundamentals/code-analysis/quality-rules/ca1416) [D:\suo\SleepSightPro\SleepSightPro.csproj]
D:\suo\SleepSightPro\MainForm.cs(1646,9): warning CA1416: 可在所有平台上访问此调用站点。"ComboBox.Items" 仅在 "windows" 6.1 及更高版本 上受支持。 (https://learn.microsoft.com/dotnet/fundamentals/code-analysis/quality-rules/ca1416) [D:\suo\SleepSightPro\SleepSightPro.csproj]
D:\suo\SleepSightPro\MainForm.cs(1646,9): warning CA1416: 可在所有平台上访问此调用站点。"ComboBox.ObjectCollection.Clear()" 仅在 "windows" 6.1 及更高版本 上受支持。 (https://learn.microsoft.com/dotnet/fundamentals/code-analysis/quality-rules/ca1416) [D:\suo\SleepSightPro\SleepSightPro.csproj]
D:\suo\SleepSightPro\MainForm.cs(1633,38): warning CA1416: 可在所有平台上访问此调用站点。"ComboBox.SelectedItem" 仅在 "windows" 6.1 及更高版本 上受支持。 (https://learn.microsoft.com/dotnet/fundamentals/code-analysis/quality-rules/ca1416) [D:\suo\SleepSightPro\SleepSightPro.csproj]
D:\suo\SleepSightPro\MainForm.cs(1639,17): warning CA1416: 可在所有平台上访问此调用站点。"MessageBox.Show(string?, string?, MessageBoxButtons, MessageBoxIcon)" 仅在 "windows" 6.1 及更高版本 上受支持。 (https://learn.microsoft.com/dotnet/fundamentals/code-analysis/quality-rules/ca1416) [D:\suo\SleepSightPro\SleepSightPro.csproj]
D:\suo\SleepSightPro\MainForm.cs(1627,106): warning CA1416: 可在所有平台上访问此调用站点。"MessageBoxIcon.Warning" 仅在 "windows" 6.1 及更高版本 上受支持。 (https://learn.microsoft.com/dotnet/fundamentals/code-analysis/quality-rules/ca1416) [D:\suo\SleepSightPro\SleepSightPro.csproj]
D:\suo\SleepSightPro\MainForm.cs(1639,104): warning CA1416: 可在所有平台上访问此调用站点。"MessageBoxButtons.OK" 仅在 "windows" 6.1 及更高版本 上受支持。 (https://learn.microsoft.com/dotnet/fundamentals/code-analysis/quality-rules/ca1416) [D:\suo\SleepSightPro\SleepSightPro.csproj]
D:\suo\SleepSightPro\MainForm.cs(1627,84): warning CA1416: 可在所有平台上访问此调用站点。"MessageBoxButtons.OK" 仅在 "windows" 6.1 及更高版本 上受支持。 (https://learn.microsoft.com/dotnet/fundamentals/code-analysis/quality-rules/ca1416) [D:\suo\SleepSightPro\SleepSightPro.csproj]
D:\suo\SleepSightPro\MainForm.cs(1632,28): warning CA1416: 可在所有平台上访问此调用站点。"ComboBox.SelectedItem" 仅在 "windows" 6.1 及更高版本 上受支持。 (https://learn.microsoft.com/dotnet/fundamentals/code-analysis/quality-rules/ca1416) [D:\suo\SleepSightPro\SleepSightPro.csproj]
D:\suo\SleepSightPro\MainForm.cs(1625,17): warning CA1416: 可在所有平台上访问此调用站点。"ComboBox.SelectedItem" 仅在 "windows" 6.1 及更高版本 上受支持。 (https://learn.microsoft.com/dotnet/fundamentals/code-analysis/quality-rules/ca1416) [D:\suo\SleepSightPro\SleepSightPro.csproj]
D:\suo\SleepSightPro\MainForm.cs(1627,17): warning CA1416: 可在所有平台上访问此调用站点。"MessageBox.Show(string?, string?, MessageBoxButtons, MessageBoxIcon)" 仅在 "windows" 6.1 及更高版本 上受支持。 (https://learn.microsoft.com/dotnet/fundamentals/code-analysis/quality-rules/ca1416) [D:\suo\SleepSightPro\SleepSightPro.csproj]
D:\suo\SleepSightPro\MainForm.cs(1639,126): warning CA1416: 可在所有平台上访问此调用站点。"MessageBoxIcon.Error" 仅在 "windows" 6.1 及更高版本 上受支持。 (https://learn.microsoft.com/dotnet/fundamentals/code-analysis/quality-rules/ca1416) [D:\suo\SleepSightPro\SleepSightPro.csproj]
D:\suo\SleepSightPro\MainForm.cs(1635,17): warning CA1416: 可在所有平台上访问此调用站点。"ToolStripItem.Text" 仅在 "windows" 6.1 及更高版本 上受支持。 (https://learn.microsoft.com/dotnet/fundamentals/code-analysis/quality-rules/ca1416) [D:\suo\SleepSightPro\SleepSightPro.csproj]
D:\suo\SleepSightPro\MainForm.cs(1663,32): warning CA1416: 可在所有平台上访问此调用站点。"MessageBox.Show(string?, string?, MessageBoxButtons, MessageBoxIcon)" 仅在 "windows" 6.1 及更高版本 上受支持。 (https://learn.microsoft.com/dotnet/fundamentals/code-analysis/quality-rules/ca1416) [D:\suo\SleepSightPro\SleepSightPro.csproj]
D:\suo\SleepSightPro\MainForm.cs(1663,82): warning CA1416: 可在所有平台上访问此调用站点。"MessageBoxButtons.OK" 仅在 "windows" 6.1 及更高版本 上受支持。 (https://learn.microsoft.com/dotnet/fundamentals/code-analysis/quality-rules/ca1416) [D:\suo\SleepSightPro\SleepSightPro.csproj]
D:\suo\SleepSightPro\MainForm.cs(1663,104): warning CA1416: 可在所有平台上访问此调用站点。"MessageBoxIcon.Error" 仅在 "windows" 6.1 及更高版本 上受支持。 (https://learn.microsoft.com/dotnet/fundamentals/code-analysis/quality-rules/ca1416) [D:\suo\SleepSightPro\SleepSightPro.csproj]
D:\suo\SleepSightPro\MainForm.cs(1678,82): warning CA1416: 可在所有平台上访问此调用站点。"MessageBoxButtons.OK" 仅在 "windows" 6.1 及更高版本 上受支持。 (https://learn.microsoft.com/dotnet/fundamentals/code-analysis/quality-rules/ca1416) [D:\suo\SleepSightPro\SleepSightPro.csproj]
D:\suo\SleepSightPro\MainForm.cs(1678,104): warning CA1416: 可在所有平台上访问此调用站点。"MessageBoxIcon.Error" 仅在 "windows" 6.1 及更高版本 上受支持。 (https://learn.microsoft.com/dotnet/fundamentals/code-analysis/quality-rules/ca1416) [D:\suo\SleepSightPro\SleepSightPro.csproj]
D:\suo\SleepSightPro\MainForm.cs(1678,32): warning CA1416: 可在所有平台上访问此调用站点。"MessageBox.Show(string?, string?, MessageBoxButtons, MessageBoxIcon)" 仅在 "windows" 6.1 及更高版本 上受支持。 (https://learn.microsoft.com/dotnet/fundamentals/code-analysis/quality-rules/ca1416) [D:\suo\SleepSightPro\SleepSightPro.csproj]
D:\suo\SleepSightPro\MainForm.cs(1692,104): warning CA1416: 可在所有平台上访问此调用站点。"MessageBoxIcon.Error" 仅在 "windows" 6.1 及更高版本 上受支持。 (https://learn.microsoft.com/dotnet/fundamentals/code-analysis/quality-rules/ca1416) [D:\suo\SleepSightPro\SleepSightPro.csproj]
D:\suo\SleepSightPro\MainForm.cs(1692,32): warning CA1416: 可在所有平台上访问此调用站点。"MessageBox.Show(string?, string?, MessageBoxButtons, MessageBoxIcon)" 仅在 "windows" 6.1 及更高版本 上受支持。 (https://learn.microsoft.com/dotnet/fundamentals/code-analysis/quality-rules/ca1416) [D:\suo\SleepSightPro\SleepSightPro.csproj]
D:\suo\SleepSightPro\MainForm.cs(1692,82): warning CA1416: 可在所有平台上访问此调用站点。"MessageBoxButtons.OK" 仅在 "windows" 6.1 及更高版本 上受支持。 (https://learn.microsoft.com/dotnet/fundamentals/code-analysis/quality-rules/ca1416) [D:\suo\SleepSightPro\SleepSightPro.csproj]
D:\suo\SleepSightPro\MainForm.cs(1583,13): warning CA1416: 可在所有平台上访问此调用站点。"Control.Invoke(Action)" 仅在 "windows" 6.1 及更高版本 上受支持。 (https://learn.microsoft.com/dotnet/fundamentals/code-analysis/quality-rules/ca1416) [D:\suo\SleepSightPro\SleepSightPro.csproj]
D:\suo\SleepSightPro\MainForm.cs(1609,45): warning CA1416: 可在所有平台上访问此调用站点。"RichTextBox.TextLength" 仅在 "windows" 6.1 及更高版本 上受支持。 (https://learn.microsoft.com/dotnet/fundamentals/code-analysis/quality-rules/ca1416) [D:\suo\SleepSightPro\SleepSightPro.csproj]
D:\suo\SleepSightPro\MainForm.cs(1548,25): warning CA1416: 可在所有平台上访问此调用站点。"Control.Invoke<string>(Func<string>)" 仅在 "windows" 6.1 及更高版本 上受支持。 (https://learn.microsoft.com/dotnet/fundamentals/code-analysis/quality-rules/ca1416) [D:\suo\SleepSightPro\SleepSightPro.csproj]
D:\suo\SleepSightPro\MainForm.cs(1481,21): warning CA1416: 可在所有平台上访问此调用站点。"ToolStripItem.Text" 仅在 "windows" 6.1 及更高版本 上受支持。 (https://learn.microsoft.com/dotnet/fundamentals/code-analysis/quality-rules/ca1416) [D:\suo\SleepSightPro\SleepSightPro.csproj]
D:\suo\SleepSightPro\MainForm.cs(1610,17): warning CA1416: 可在所有平台上访问此调用站点。"TextBoxBase.ScrollToCaret()" 仅在 "windows" 6.1 及更高版本 上受支持。 (https://learn.microsoft.com/dotnet/fundamentals/code-analysis/quality-rules/ca1416) [D:\suo\SleepSightPro\SleepSightPro.csproj]
D:\suo\SleepSightPro\MainForm.cs(1596,17): warning CA1416: 可在所有平台上访问此调用站点。"TextBoxBase.AppendText(string?)" 仅在 "windows" 6.1 及更高版本 上受支持。 (https://learn.microsoft.com/dotnet/fundamentals/code-analysis/quality-rules/ca1416) [D:\suo\SleepSightPro\SleepSightPro.csproj]
D:\suo\SleepSightPro\MainForm.cs(1614,46): warning CA1416: 可在所有平台上访问此调用站点。"Control.Invoke(Action)" 仅在 "windows" 6.1 及更高版本 上受支持。 (https://learn.microsoft.com/dotnet/fundamentals/code-analysis/quality-rules/ca1416) [D:\suo\SleepSightPro\SleepSightPro.csproj]
D:\suo\SleepSightPro\MainForm.cs(1573,13): warning CA1416: 可在所有平台上访问此调用站点。"Control.Invoke(Action)" 仅在 "windows" 6.1 及更高版本 上受支持。 (https://learn.microsoft.com/dotnet/fundamentals/code-analysis/quality-rules/ca1416) [D:\suo\SleepSightPro\SleepSightPro.csproj]
D:\suo\SleepSightPro\MainForm.cs(1548,43): warning CA1416: 可在所有平台上访问此调用站点。"ToolStripItem.Text" 仅在 "windows" 6.1 及更高版本 上受支持。 (https://learn.microsoft.com/dotnet/fundamentals/code-analysis/quality-rules/ca1416) [D:\suo\SleepSightPro\SleepSightPro.csproj]
D:\suo\SleepSightPro\MainForm.cs(1475,17): warning CA1416: 可在所有平台上访问此调用站点。"ButtonBase.Text" 仅在 "windows" 6.1 及更高版本 上受支持。 (https://learn.microsoft.com/dotnet/fundamentals/code-analysis/quality-rules/ca1416) [D:\suo\SleepSightPro\SleepSightPro.csproj]
D:\suo\SleepSightPro\MainForm.cs(1609,17): warning CA1416: 可在所有平台上访问此调用站点。"TextBoxBase.SelectionStart" 仅在 "windows" 6.1 及更高版本 上受支持。 (https://learn.microsoft.com/dotnet/fundamentals/code-analysis/quality-rules/ca1416) [D:\suo\SleepSightPro\SleepSightPro.csproj]
D:\suo\SleepSightPro\MainForm.cs(1601,32): warning CA1416: 可在所有平台上访问此调用站点。"RichTextBox.Text" 仅在 "windows" 6.1 及更高版本 上受支持。 (https://learn.microsoft.com/dotnet/fundamentals/code-analysis/quality-rules/ca1416) [D:\suo\SleepSightPro\SleepSightPro.csproj]
D:\suo\SleepSightPro\MainForm.cs(1476,17): warning CA1416: 可在所有平台上访问此调用站点。"ButtonBase.BackColor" 仅在 "windows" 6.1 及更高版本 上受支持。 (https://learn.microsoft.com/dotnet/fundamentals/code-analysis/quality-rules/ca1416) [D:\suo\SleepSightPro\SleepSightPro.csproj]
D:\suo\SleepSightPro\MainForm.cs(1482,21): warning CA1416: 可在所有平台上访问此调用站点。"ToolStripItem.Text" 仅在 "windows" 6.1 及更高版本 上受支持。 (https://learn.microsoft.com/dotnet/fundamentals/code-analysis/quality-rules/ca1416) [D:\suo\SleepSightPro\SleepSightPro.csproj]
D:\suo\SleepSightPro\MainForm.cs(1472,17): warning CA1416: 可在所有平台上访问此调用站点。"ToolStripItem.Text" 仅在 "windows" 6.1 及更高版本 上受支持。 (https://learn.microsoft.com/dotnet/fundamentals/code-analysis/quality-rules/ca1416) [D:\suo\SleepSightPro\SleepSightPro.csproj]
D:\suo\SleepSightPro\MainForm.cs(1522,21): warning CA1416: 可在所有平台上访问此调用站点。"TabControl.SelectedIndex" 仅在 "windows" 6.1 及更高版本 上受支持。 (https://learn.microsoft.com/dotnet/fundamentals/code-analysis/quality-rules/ca1416) [D:\suo\SleepSightPro\SleepSightPro.csproj]
D:\suo\SleepSightPro\MainForm.cs(1560,25): warning CA1416: 可在所有平台上访问此调用站点。"Control.Invoke(Action)" 仅在 "windows" 6.1 及更高版本 上受支持。 (https://learn.microsoft.com/dotnet/fundamentals/code-analysis/quality-rules/ca1416) [D:\suo\SleepSightPro\SleepSightPro.csproj]
D:\suo\SleepSightPro\MainForm.cs(1470,13): warning CA1416: 可在所有平台上访问此调用站点。"Control.Invoke(Action)" 仅在 "windows" 6.1 及更高版本 上受支持。 (https://learn.microsoft.com/dotnet/fundamentals/code-analysis/quality-rules/ca1416) [D:\suo\SleepSightPro\SleepSightPro.csproj]
D:\suo\SleepSightPro\MainForm.cs(1501,13): warning CA1416: 可在所有平台上访问此调用站点。"Control.Invoke(Action)" 仅在 "windows" 6.1 及更高版本 上受支持。 (https://learn.microsoft.com/dotnet/fundamentals/code-analysis/quality-rules/ca1416) [D:\suo\SleepSightPro\SleepSightPro.csproj]
D:\suo\SleepSightPro\MainForm.cs(1474,17): warning CA1416: 可在所有平台上访问此调用站点。"ToolStripItem.ForeColor" 仅在 "windows" 6.1 及更高版本 上受支持。 (https://learn.microsoft.com/dotnet/fundamentals/code-analysis/quality-rules/ca1416) [D:\suo\SleepSightPro\SleepSightPro.csproj]
D:\suo\SleepSightPro\MainForm.cs(1599,21): warning CA1416: 可在所有平台上访问此调用站点。"RichTextBox.TextLength" 仅在 "windows" 6.1 及更高版本 上受支持。 (https://learn.microsoft.com/dotnet/fundamentals/code-analysis/quality-rules/ca1416) [D:\suo\SleepSightPro\SleepSightPro.csproj]
D:\suo\SleepSightPro\MainForm.cs(1587,17): warning CA1416: 可在所有平台上访问此调用站点。"Label.Text" 仅在 "windows" 6.1 及更高版本 上受支持。 (https://learn.microsoft.com/dotnet/fundamentals/code-analysis/quality-rules/ca1416) [D:\suo\SleepSightPro\SleepSightPro.csproj]
D:\suo\SleepSightPro\MainForm.cs(1554,25): warning CA1416: 可在所有平台上访问此调用站点。"Control.Invoke(Action)" 仅在 "windows" 6.1 及更高版本 上受支持。 (https://learn.microsoft.com/dotnet/fundamentals/code-analysis/quality-rules/ca1416) [D:\suo\SleepSightPro\SleepSightPro.csproj]
D:\suo\SleepSightPro\MainForm.cs(1605,21): warning CA1416: 可在所有平台上访问此调用站点。"RichTextBox.Text" 仅在 "windows" 6.1 及更高版本 上受支持。 (https://learn.microsoft.com/dotnet/fundamentals/code-analysis/quality-rules/ca1416) [D:\suo\SleepSightPro\SleepSightPro.csproj]
D:\suo\SleepSightPro\MainForm.cs(1754,13): warning CA1416: 可在所有平台上访问此调用站点。"ListView.ListViewItemCollection.Count" 仅在 "windows" 6.1 及更高版本 上受支持。 (https://learn.microsoft.com/dotnet/fundamentals/code-analysis/quality-rules/ca1416) [D:\suo\SleepSightPro\SleepSightPro.csproj]
D:\suo\SleepSightPro\MainForm.cs(1748,13): warning CA1416: 可在所有平台上访问此调用站点。"ListViewItem.ForeColor" 仅在 "windows" 6.1 及更高版本 上受支持。 (https://learn.microsoft.com/dotnet/fundamentals/code-analysis/quality-rules/ca1416) [D:\suo\SleepSightPro\SleepSightPro.csproj]
D:\suo\SleepSightPro\MainForm.cs(1760,9): warning CA1416: 可在所有平台上访问此调用站点。"ListView.ListViewItemCollection.this[int]" 仅在 "windows" 6.1 及更高版本 上受支持。 (https://learn.microsoft.com/dotnet/fundamentals/code-analysis/quality-rules/ca1416) [D:\suo\SleepSightPro\SleepSightPro.csproj]
D:\suo\SleepSightPro\MainForm.cs(1760,28): warning CA1416: 可在所有平台上访问此调用站点。"ListView.ListViewItemCollection.Count" 仅在 "windows" 6.1 及更高版本 上受支持。 (https://learn.microsoft.com/dotnet/fundamentals/code-analysis/quality-rules/ca1416) [D:\suo\SleepSightPro\SleepSightPro.csproj]
D:\suo\SleepSightPro\MainForm.cs(1760,9): warning CA1416: 可在所有平台上访问此调用站点。"ListView.Items" 仅在 "windows" 6.1 及更高版本 上受支持。 (https://learn.microsoft.com/dotnet/fundamentals/code-analysis/quality-rules/ca1416) [D:\suo\SleepSightPro\SleepSightPro.csproj]
D:\suo\SleepSightPro\MainForm.cs(1746,20): warning CA1416: 可在所有平台上访问此调用站点。"ListViewItem" 仅在 "windows" 6.1 及更高版本 上受支持。 (https://learn.microsoft.com/dotnet/fundamentals/code-analysis/quality-rules/ca1416) [D:\suo\SleepSightPro\SleepSightPro.csproj]
D:\suo\SleepSightPro\MainForm.cs(1760,28): warning CA1416: 可在所有平台上访问此调用站点。"ListView.Items" 仅在 "windows" 6.1 及更高版本 上受支持。 (https://learn.microsoft.com/dotnet/fundamentals/code-analysis/quality-rules/ca1416) [D:\suo\SleepSightPro\SleepSightPro.csproj]
D:\suo\SleepSightPro\MainForm.cs(1757,17): warning CA1416: 可在所有平台上访问此调用站点。"ListView.Items" 仅在 "windows" 6.1 及更高版本 上受支持。 (https://learn.microsoft.com/dotnet/fundamentals/code-analysis/quality-rules/ca1416) [D:\suo\SleepSightPro\SleepSightPro.csproj]
D:\suo\SleepSightPro\MainForm.cs(1752,9): warning CA1416: 可在所有平台上访问此调用站点。"ListView.ListViewItemCollection.Add(ListViewItem)" 仅在 "windows" 6.1 及更高版本 上受支持。 (https://learn.microsoft.com/dotnet/fundamentals/code-analysis/quality-rules/ca1416) [D:\suo\SleepSightPro\SleepSightPro.csproj]
D:\suo\SleepSightPro\MainForm.cs(1754,13): warning CA1416: 可在所有平台上访问此调用站点。"ListView.Items" 仅在 "windows" 6.1 及更高版本 上受支持。 (https://learn.microsoft.com/dotnet/fundamentals/code-analysis/quality-rules/ca1416) [D:\suo\SleepSightPro\SleepSightPro.csproj]
D:\suo\SleepSightPro\MainForm.cs(1760,9): warning CA1416: 可在所有平台上访问此调用站点。"ListViewItem.EnsureVisible()" 仅在 "windows" 6.1 及更高版本 上受支持。 (https://learn.microsoft.com/dotnet/fundamentals/code-analysis/quality-rules/ca1416) [D:\suo\SleepSightPro\SleepSightPro.csproj]
D:\suo\SleepSightPro\MainForm.cs(1759,9): warning CA1416: 可在所有平台上访问此调用站点。"ListView.EndUpdate()" 仅在 "windows" 6.1 及更高版本 上受支持。 (https://learn.microsoft.com/dotnet/fundamentals/code-analysis/quality-rules/ca1416) [D:\suo\SleepSightPro\SleepSightPro.csproj]
D:\suo\SleepSightPro\MainForm.cs(1752,9): warning CA1416: 可在所有平台上访问此调用站点。"ListView.Items" 仅在 "windows" 6.1 及更高版本 上受支持。 (https://learn.microsoft.com/dotnet/fundamentals/code-analysis/quality-rules/ca1416) [D:\suo\SleepSightPro\SleepSightPro.csproj]
D:\suo\SleepSightPro\MainForm.cs(1757,17): warning CA1416: 可在所有平台上访问此调用站点。"ListView.ListViewItemCollection.RemoveAt(int)" 仅在 "windows" 6.1 及更高版本 上受支持。 (https://learn.microsoft.com/dotnet/fundamentals/code-analysis/quality-rules/ca1416) [D:\suo\SleepSightPro\SleepSightPro.csproj]
D:\suo\SleepSightPro\MainForm.cs(1751,9): warning CA1416: 可在所有平台上访问此调用站点。"ListView.BeginUpdate()" 仅在 "windows" 6.1 及更高版本 上受支持。 (https://learn.microsoft.com/dotnet/fundamentals/code-analysis/quality-rules/ca1416) [D:\suo\SleepSightPro\SleepSightPro.csproj]
D:\suo\SleepSightPro\MainForm.cs(1782,9): warning CA1416: 可在所有平台上访问此调用站点。"ListView.EndUpdate()" 仅在 "windows" 6.1 及更高版本 上受支持。 (https://learn.microsoft.com/dotnet/fundamentals/code-analysis/quality-rules/ca1416) [D:\suo\SleepSightPro\SleepSightPro.csproj]
D:\suo\SleepSightPro\MainForm.cs(1780,17): warning CA1416: 可在所有平台上访问此调用站点。"ListView.ListViewItemCollection.RemoveAt(int)" 仅在 "windows" 6.1 及更高版本 上受支持。 (https://learn.microsoft.com/dotnet/fundamentals/code-analysis/quality-rules/ca1416) [D:\suo\SleepSightPro\SleepSightPro.csproj]
D:\suo\SleepSightPro\MainForm.cs(1777,13): warning CA1416: 可在所有平台上访问此调用站点。"ListView.Items" 仅在 "windows" 6.1 及更高版本 上受支持。 (https://learn.microsoft.com/dotnet/fundamentals/code-analysis/quality-rules/ca1416) [D:\suo\SleepSightPro\SleepSightPro.csproj]
D:\suo\SleepSightPro\MainForm.cs(1783,28): warning CA1416: 可在所有平台上访问此调用站点。"ListView.Items" 仅在 "windows" 6.1 及更高版本 上受支持。 (https://learn.microsoft.com/dotnet/fundamentals/code-analysis/quality-rules/ca1416) [D:\suo\SleepSightPro\SleepSightPro.csproj]
D:\suo\SleepSightPro\MainForm.cs(1783,9): warning CA1416: 可在所有平台上访问此调用站点。"ListViewItem.EnsureVisible()" 仅在 "windows" 6.1 及更高版本 上受支持。 (https://learn.microsoft.com/dotnet/fundamentals/code-analysis/quality-rules/ca1416) [D:\suo\SleepSightPro\SleepSightPro.csproj]
D:\suo\SleepSightPro\MainForm.cs(1780,17): warning CA1416: 可在所有平台上访问此调用站点。"ListView.Items" 仅在 "windows" 6.1 及更高版本 上受支持。 (https://learn.microsoft.com/dotnet/fundamentals/code-analysis/quality-rules/ca1416) [D:\suo\SleepSightPro\SleepSightPro.csproj]
D:\suo\SleepSightPro\MainForm.cs(1783,9): warning CA1416: 可在所有平台上访问此调用站点。"ListView.ListViewItemCollection.this[int]" 仅在 "windows" 6.1 及更高版本 上受支持。 (https://learn.microsoft.com/dotnet/fundamentals/code-analysis/quality-rules/ca1416) [D:\suo\SleepSightPro\SleepSightPro.csproj]
D:\suo\SleepSightPro\MainForm.cs(1771,13): warning CA1416: 可在所有平台上访问此调用站点。"ListViewItem.ForeColor" 仅在 "windows" 6.1 及更高版本 上受支持。 (https://learn.microsoft.com/dotnet/fundamentals/code-analysis/quality-rules/ca1416) [D:\suo\SleepSightPro\SleepSightPro.csproj]
D:\suo\SleepSightPro\MainForm.cs(1775,9): warning CA1416: 可在所有平台上访问此调用站点。"ListView.Items" 仅在 "windows" 6.1 及更高版本 上受支持。 (https://learn.microsoft.com/dotnet/fundamentals/code-analysis/quality-rules/ca1416) [D:\suo\SleepSightPro\SleepSightPro.csproj]
D:\suo\SleepSightPro\MainForm.cs(1769,20): warning CA1416: 可在所有平台上访问此调用站点。"ListViewItem" 仅在 "windows" 6.1 及更高版本 上受支持。 (https://learn.microsoft.com/dotnet/fundamentals/code-analysis/quality-rules/ca1416) [D:\suo\SleepSightPro\SleepSightPro.csproj]
D:\suo\SleepSightPro\MainForm.cs(1774,9): warning CA1416: 可在所有平台上访问此调用站点。"ListView.BeginUpdate()" 仅在 "windows" 6.1 及更高版本 上受支持。 (https://learn.microsoft.com/dotnet/fundamentals/code-analysis/quality-rules/ca1416) [D:\suo\SleepSightPro\SleepSightPro.csproj]
D:\suo\SleepSightPro\MainForm.cs(1783,9): warning CA1416: 可在所有平台上访问此调用站点。"ListView.Items" 仅在 "windows" 6.1 及更高版本 上受支持。 (https://learn.microsoft.com/dotnet/fundamentals/code-analysis/quality-rules/ca1416) [D:\suo\SleepSightPro\SleepSightPro.csproj]
D:\suo\SleepSightPro\MainForm.cs(1777,13): warning CA1416: 可在所有平台上访问此调用站点。"ListView.ListViewItemCollection.Count" 仅在 "windows" 6.1 及更高版本 上受支持。 (https://learn.microsoft.com/dotnet/fundamentals/code-analysis/quality-rules/ca1416) [D:\suo\SleepSightPro\SleepSightPro.csproj]
D:\suo\SleepSightPro\MainForm.cs(1775,9): warning CA1416: 可在所有平台上访问此调用站点。"ListView.ListViewItemCollection.Add(ListViewItem)" 仅在 "windows" 6.1 及更高版本 上受支持。 (https://learn.microsoft.com/dotnet/fundamentals/code-analysis/quality-rules/ca1416) [D:\suo\SleepSightPro\SleepSightPro.csproj]
D:\suo\SleepSightPro\MainForm.cs(1783,28): warning CA1416: 可在所有平台上访问此调用站点。"ListView.ListViewItemCollection.Count" 仅在 "windows" 6.1 及更高版本 上受支持。 (https://learn.microsoft.com/dotnet/fundamentals/code-analysis/quality-rules/ca1416) [D:\suo\SleepSightPro\SleepSightPro.csproj]
D:\suo\SleepSightPro\MainForm.cs(485,9): warning CA1416: 可在所有平台上访问此调用站点。"RichTextBox.Text" 仅在 "windows" 6.1 及更高版本 上受支持。 (https://learn.microsoft.com/dotnet/fundamentals/code-analysis/quality-rules/ca1416) [D:\suo\SleepSightPro\SleepSightPro.csproj]
D:\suo\SleepSightPro\MainForm.cs(1797,45): warning CA1416: 可在所有平台上访问此调用站点。"FileDialog.FileName" 仅在 "windows" 6.1 及更高版本 上受支持。 (https://learn.microsoft.com/dotnet/fundamentals/code-analysis/quality-rules/ca1416) [D:\suo\SleepSightPro\SleepSightPro.csproj]
D:\suo\SleepSightPro\MainForm.cs(1801,30): warning CA1416: 可在所有平台上访问此调用站点。"ListViewItem.ListViewSubItem" 仅在 "windows" 6.1 及更高版本 上受支持。 (https://learn.microsoft.com/dotnet/fundamentals/code-analysis/quality-rules/ca1416) [D:\suo\SleepSightPro\SleepSightPro.csproj]
D:\suo\SleepSightPro\MainForm.cs(1799,43): warning CA1416: 可在所有平台上访问此调用站点。"ListView.Items" 仅在 "windows" 6.1 及更高版本 上受支持。 (https://learn.microsoft.com/dotnet/fundamentals/code-analysis/quality-rules/ca1416) [D:\suo\SleepSightPro\SleepSightPro.csproj]
D:\suo\SleepSightPro\MainForm.cs(1805,13): warning CA1416: 可在所有平台上访问此调用站点。"MessageBox.Show(string?, string?, MessageBoxButtons, MessageBoxIcon)" 仅在 "windows" 6.1 及更高版本 上受支持。 (https://learn.microsoft.com/dotnet/fundamentals/code-analysis/quality-rules/ca1416) [D:\suo\SleepSightPro\SleepSightPro.csproj]
D:\suo\SleepSightPro\MainForm.cs(1793,13): warning CA1416: 可在所有平台上访问此调用站点。"FileDialog.FileName" 仅在 "windows" 6.1 及更高版本 上受支持。 (https://learn.microsoft.com/dotnet/fundamentals/code-analysis/quality-rules/ca1416) [D:\suo\SleepSightPro\SleepSightPro.csproj]
D:\suo\SleepSightPro\MainForm.cs(1795,13): warning CA1416: 可在所有平台上访问此调用站点。"CommonDialog.ShowDialog()" 仅在 "windows" 6.1 及更高版本 上受支持。 (https://learn.microsoft.com/dotnet/fundamentals/code-analysis/quality-rules/ca1416) [D:\suo\SleepSightPro\SleepSightPro.csproj]
D:\suo\SleepSightPro\MainForm.cs(1801,30): warning CA1416: 可在所有平台上访问此调用站点。"ListViewItem.ListViewSubItem" 仅在 "windows" 6.1 及更高版本 上受支持。 (https://learn.microsoft.com/dotnet/fundamentals/code-analysis/quality-rules/ca1416) [D:\suo\SleepSightPro\SleepSightPro.csproj]
D:\suo\SleepSightPro\MainForm.cs(1801,30): warning CA1416: 可在所有平台上访问此调用站点。"ListViewItem.SubItems" 仅在 "windows" 6.1 及更高版本 上受支持。 (https://learn.microsoft.com/dotnet/fundamentals/code-analysis/quality-rules/ca1416) [D:\suo\SleepSightPro\SleepSightPro.csproj]
D:\suo\SleepSightPro\MainForm.cs(1788,37): warning CA1416: 可在所有平台上访问此调用站点。"ListView.Items" 仅在 "windows" 6.1 及更高版本 上受支持。 (https://learn.microsoft.com/dotnet/fundamentals/code-analysis/quality-rules/ca1416) [D:\suo\SleepSightPro\SleepSightPro.csproj]
D:\suo\SleepSightPro\MainForm.cs(1792,13): warning CA1416: 可在所有平台上访问此调用站点。"FileDialog.DefaultExt" 仅在 "windows" 6.1 及更高版本 上受支持。 (https://learn.microsoft.com/dotnet/fundamentals/code-analysis/quality-rules/ca1416) [D:\suo\SleepSightPro\SleepSightPro.csproj]
D:\suo\SleepSightPro\MainForm.cs(1805,78): warning CA1416: 可在所有平台上访问此调用站点。"MessageBoxButtons.OK" 仅在 "windows" 6.1 及更高版本 上受支持。 (https://learn.microsoft.com/dotnet/fundamentals/code-analysis/quality-rules/ca1416) [D:\suo\SleepSightPro\SleepSightPro.csproj]
D:\suo\SleepSightPro\MainForm.cs(1805,100): warning CA1416: 可在所有平台上访问此调用站点。"MessageBoxIcon.Information" 仅在 "windows" 6.1 及更高版本 上受支持。 (https://learn.microsoft.com/dotnet/fundamentals/code-analysis/quality-rules/ca1416) [D:\suo\SleepSightPro\SleepSightPro.csproj]
D:\suo\SleepSightPro\MainForm.cs(1802,44): warning CA1416: 可在所有平台上访问此调用站点。"ListViewItem.ListViewSubItem.Text" 仅在 "windows" 6.1 及更高版本 上受支持。 (https://learn.microsoft.com/dotnet/fundamentals/code-analysis/quality-rules/ca1416) [D:\suo\SleepSightPro\SleepSightPro.csproj]
D:\suo\SleepSightPro\MainForm.cs(1789,25): warning CA1416: 可在所有平台上访问此调用站点。"SaveFileDialog" 仅在 "windows" 6.1 及更高版本 上受支持。 (https://learn.microsoft.com/dotnet/fundamentals/code-analysis/quality-rules/ca1416) [D:\suo\SleepSightPro\SleepSightPro.csproj]
D:\suo\SleepSightPro\MainForm.cs(1788,37): warning CA1416: 可在所有平台上访问此调用站点。"ListView.ListViewItemCollection.Count" 仅在 "windows" 6.1 及更高版本 上受支持。 (https://learn.microsoft.com/dotnet/fundamentals/code-analysis/quality-rules/ca1416) [D:\suo\SleepSightPro\SleepSightPro.csproj]
D:\suo\SleepSightPro\MainForm.cs(1791,13): warning CA1416: 可在所有平台上访问此调用站点。"FileDialog.Filter" 仅在 "windows" 6.1 及更高版本 上受支持。 (https://learn.microsoft.com/dotnet/fundamentals/code-analysis/quality-rules/ca1416) [D:\suo\SleepSightPro\SleepSightPro.csproj]
D:\suo\SleepSightPro\MainForm.cs(1922,9): warning CA1416: 可在所有平台上访问此调用站点。"RichTextBox.SelectionColor" 仅在 "windows" 6.1 及更高版本 上受支持。 (https://learn.microsoft.com/dotnet/fundamentals/code-analysis/quality-rules/ca1416) [D:\suo\SleepSightPro\SleepSightPro.csproj]
D:\suo\SleepSightPro\MainForm.cs(1920,45): warning CA1416: 可在所有平台上访问此调用站点。"RichTextBox.TextLength" 仅在 "windows" 6.1 及更高版本 上受支持。 (https://learn.microsoft.com/dotnet/fundamentals/code-analysis/quality-rules/ca1416) [D:\suo\SleepSightPro\SleepSightPro.csproj]
D:\suo\SleepSightPro\MainForm.cs(1920,9): warning CA1416: 可在所有平台上访问此调用站点。"TextBoxBase.SelectionStart" 仅在 "windows" 6.1 及更高版本 上受支持。 (https://learn.microsoft.com/dotnet/fundamentals/code-analysis/quality-rules/ca1416) [D:\suo\SleepSightPro\SleepSightPro.csproj]
D:\suo\SleepSightPro\MainForm.cs(1917,43): warning CA1416: 可在所有平台上访问此调用站点。"Control.IsDisposed" 仅在 "windows" 6.1 及更高版本 上受支持。 (https://learn.microsoft.com/dotnet/fundamentals/code-analysis/quality-rules/ca1416) [D:\suo\SleepSightPro\SleepSightPro.csproj]
D:\suo\SleepSightPro\MainForm.cs(1924,9): warning CA1416: 可在所有平台上访问此调用站点。"TextBoxBase.ScrollToCaret()" 仅在 "windows" 6.1 及更高版本 上受支持。 (https://learn.microsoft.com/dotnet/fundamentals/code-analysis/quality-rules/ca1416) [D:\suo\SleepSightPro\SleepSightPro.csproj]
D:\suo\SleepSightPro\MainForm.cs(1921,9): warning CA1416: 可在所有平台上访问此调用站点。"RichTextBox.SelectionLength" 仅在 "windows" 6.1 及更高版本 上受支持。 (https://learn.microsoft.com/dotnet/fundamentals/code-analysis/quality-rules/ca1416) [D:\suo\SleepSightPro\SleepSightPro.csproj]
D:\suo\SleepSightPro\MainForm.cs(1923,9): warning CA1416: 可在所有平台上访问此调用站点。"TextBoxBase.AppendText(string?)" 仅在 "windows" 6.1 及更高版本 上受支持。 (https://learn.microsoft.com/dotnet/fundamentals/code-analysis/quality-rules/ca1416) [D:\suo\SleepSightPro\SleepSightPro.csproj]
D:\suo\SleepSightPro\MainForm.cs(1959,13): warning CA1416: 可在所有平台上访问此调用站点。"TextBoxBase.Clear()" 仅在 "windows" 6.1 及更高版本 上受支持。 (https://learn.microsoft.com/dotnet/fundamentals/code-analysis/quality-rules/ca1416) [D:\suo\SleepSightPro\SleepSightPro.csproj]
D:\suo\SleepSightPro\MainForm.cs(1956,13): warning CA1416: 可在所有平台上访问此调用站点。"RichTextBox.TextLength" 仅在 "windows" 6.1 及更高版本 上受支持。 (https://learn.microsoft.com/dotnet/fundamentals/code-analysis/quality-rules/ca1416) [D:\suo\SleepSightPro\SleepSightPro.csproj]
D:\suo\SleepSightPro\MainForm.cs(1949,9): warning CA1416: 可在所有平台上访问此调用站点。"TextBoxBase.ScrollToCaret()" 仅在 "windows" 6.1 及更高版本 上受支持。 (https://learn.microsoft.com/dotnet/fundamentals/code-analysis/quality-rules/ca1416) [D:\suo\SleepSightPro\SleepSightPro.csproj]
D:\suo\SleepSightPro\MainForm.cs(1945,9): warning CA1416: 可在所有平台上访问此调用站点。"TextBoxBase.SelectionStart" 仅在 "windows" 6.1 及更高版本 上受支持。 (https://learn.microsoft.com/dotnet/fundamentals/code-analysis/quality-rules/ca1416) [D:\suo\SleepSightPro\SleepSightPro.csproj]
D:\suo\SleepSightPro\MainForm.cs(1947,9): warning CA1416: 可在所有平台上访问此调用站点。"RichTextBox.SelectionColor" 仅在 "windows" 6.1 及更高版本 上受支持。 (https://learn.microsoft.com/dotnet/fundamentals/code-analysis/quality-rules/ca1416) [D:\suo\SleepSightPro\SleepSightPro.csproj]
D:\suo\SleepSightPro\MainForm.cs(1946,9): warning CA1416: 可在所有平台上访问此调用站点。"RichTextBox.SelectionLength" 仅在 "windows" 6.1 及更高版本 上受支持。 (https://learn.microsoft.com/dotnet/fundamentals/code-analysis/quality-rules/ca1416) [D:\suo\SleepSightPro\SleepSightPro.csproj]
D:\suo\SleepSightPro\MainForm.cs(1930,43): warning CA1416: 可在所有平台上访问此调用站点。"Control.IsDisposed" 仅在 "windows" 6.1 及更高版本 上受支持。 (https://learn.microsoft.com/dotnet/fundamentals/code-analysis/quality-rules/ca1416) [D:\suo\SleepSightPro\SleepSightPro.csproj]
D:\suo\SleepSightPro\MainForm.cs(1948,9): warning CA1416: 可在所有平台上访问此调用站点。"TextBoxBase.AppendText(string?)" 仅在 "windows" 6.1 及更高版本 上受支持。 (https://learn.microsoft.com/dotnet/fundamentals/code-analysis/quality-rules/ca1416) [D:\suo\SleepSightPro\SleepSightPro.csproj]
D:\suo\SleepSightPro\MainForm.cs(1945,45): warning CA1416: 可在所有平台上访问此调用站点。"RichTextBox.TextLength" 仅在 "windows" 6.1 及更高版本 上受支持。 (https://learn.microsoft.com/dotnet/fundamentals/code-analysis/quality-rules/ca1416) [D:\suo\SleepSightPro\SleepSightPro.csproj]
D:\suo\SleepSightPro\MainForm.cs(2142,9): warning CA1416: 可在所有平台上访问此调用站点。"Axis.MinorGrid" 仅在 "Windows" 7.0 及更高版本 上受支持。 (https://learn.microsoft.com/dotnet/fundamentals/code-analysis/quality-rules/ca1416) [D:\suo\SleepSightPro\SleepSightPro.csproj]
D:\suo\SleepSightPro\MainForm.cs(2168,9): warning CA1416: 可在所有平台上访问此调用站点。"Series" 仅在 "Windows" 7.0 及更高版本 上受支持。 (https://learn.microsoft.com/dotnet/fundamentals/code-analysis/quality-rules/ca1416) [D:\suo\SleepSightPro\SleepSightPro.csproj]
D:\suo\SleepSightPro\MainForm.cs(2133,9): warning CA1416: 可在所有平台上访问此调用站点。"Axis.Minimum" 仅在 "Windows" 7.0 及更高版本 上受支持。 (https://learn.microsoft.com/dotnet/fundamentals/code-analysis/quality-rules/ca1416) [D:\suo\SleepSightPro\SleepSightPro.csproj]
D:\suo\SleepSightPro\MainForm.cs(2145,9): warning CA1416: 可在所有平台上访问此调用站点。"Axis.Interval" 仅在 "Windows" 7.0 及更高版本 上受支持。 (https://learn.microsoft.com/dotnet/fundamentals/code-analysis/quality-rules/ca1416) [D:\suo\SleepSightPro\SleepSightPro.csproj]
D:\suo\SleepSightPro\MainForm.cs(2136,9): warning CA1416: 可在所有平台上访问此调用站点。"ChartArea" 仅在 "Windows" 7.0 及更高版本 上受支持。 (https://learn.microsoft.com/dotnet/fundamentals/code-analysis/quality-rules/ca1416) [D:\suo\SleepSightPro\SleepSightPro.csproj]
D:\suo\SleepSightPro\MainForm.cs(2157,9): warning CA1416: 可在所有平台上访问此调用站点。"Axis.StripLines" 仅在 "Windows" 7.0 及更高版本 上受支持。 (https://learn.microsoft.com/dotnet/fundamentals/code-analysis/quality-rules/ca1416) [D:\suo\SleepSightPro\SleepSightPro.csproj]
D:\suo\SleepSightPro\MainForm.cs(2167,9): warning CA1416: 可在所有平台上访问此调用站点。"Chart.Series" 仅在 "Windows" 7.0 及更高版本 上受支持。 (https://learn.microsoft.com/dotnet/fundamentals/code-analysis/quality-rules/ca1416) [D:\suo\SleepSightPro\SleepSightPro.csproj]
D:\suo\SleepSightPro\MainForm.cs(2176,9): warning CA1416: 可在所有平台上访问此调用站点。"Chart.Titles" 仅在 "Windows" 7.0 及更高版本 上受支持。 (https://learn.microsoft.com/dotnet/fundamentals/code-analysis/quality-rules/ca1416) [D:\suo\SleepSightPro\SleepSightPro.csproj]
D:\suo\SleepSightPro\MainForm.cs(2147,9): warning CA1416: 可在所有平台上访问此调用站点。"ChartArea.AxisX" 仅在 "Windows" 7.0 及更高版本 上受支持。 (https://learn.microsoft.com/dotnet/fundamentals/code-analysis/quality-rules/ca1416) [D:\suo\SleepSightPro\SleepSightPro.csproj]
D:\suo\SleepSightPro\MainForm.cs(2157,9): warning CA1416: 可在所有平台上访问此调用站点。"StripLine" 仅在 "Windows" 7.0 及更高版本 上受支持。 (https://learn.microsoft.com/dotnet/fundamentals/code-analysis/quality-rules/ca1416) [D:\suo\SleepSightPro\SleepSightPro.csproj]
D:\suo\SleepSightPro\MainForm.cs(2153,13): warning CA1416: 可在所有平台上访问此调用站点。"StripLine.StripWidth" 仅在 "Windows" 7.0 及更高版本 上受支持。 (https://learn.microsoft.com/dotnet/fundamentals/code-analysis/quality-rules/ca1416) [D:\suo\SleepSightPro\SleepSightPro.csproj]
D:\suo\SleepSightPro\MainForm.cs(2146,9): warning CA1416: 可在所有平台上访问此调用站点。"Grid.Enabled" 仅在 "Windows" 7.0 及更高版本 上受支持。 (https://learn.microsoft.com/dotnet/fundamentals/code-analysis/quality-rules/ca1416) [D:\suo\SleepSightPro\SleepSightPro.csproj]
D:\suo\SleepSightPro\MainForm.cs(2162,13): warning CA1416: 可在所有平台上访问此调用站点。"Series.ChartType" 仅在 "Windows" 7.0 及更高版本 上受支持。 (https://learn.microsoft.com/dotnet/fundamentals/code-analysis/quality-rules/ca1416) [D:\suo\SleepSightPro\SleepSightPro.csproj]
D:\suo\SleepSightPro\MainForm.cs(2160,22): warning CA1416: 可在所有平台上访问此调用站点。"Series" 仅在 "Windows" 7.0 及更高版本 上受支持。 (https://learn.microsoft.com/dotnet/fundamentals/code-analysis/quality-rules/ca1416) [D:\suo\SleepSightPro\SleepSightPro.csproj]
D:\suo\SleepSightPro\MainForm.cs(2133,9): warning CA1416: 可在所有平台上访问此调用站点。"ChartArea.AxisY" 仅在 "Windows" 7.0 及更高版本 上受支持。 (https://learn.microsoft.com/dotnet/fundamentals/code-analysis/quality-rules/ca1416) [D:\suo\SleepSightPro\SleepSightPro.csproj]
D:\suo\SleepSightPro\MainForm.cs(2142,9): warning CA1416: 可在所有平台上访问此调用站点。"Grid.Enabled" 仅在 "Windows" 7.0 及更高版本 上受支持。 (https://learn.microsoft.com/dotnet/fundamentals/code-analysis/quality-rules/ca1416) [D:\suo\SleepSightPro\SleepSightPro.csproj]
D:\suo\SleepSightPro\MainForm.cs(2132,9): warning CA1416: 可在所有平台上访问此调用站点。"Axis.MajorTickMark" 仅在 "Windows" 7.0 及更高版本 上受支持。 (https://learn.microsoft.com/dotnet/fundamentals/code-analysis/quality-rules/ca1416) [D:\suo\SleepSightPro\SleepSightPro.csproj]
D:\suo\SleepSightPro\MainForm.cs(2177,9): warning CA1416: 可在所有平台上访问此调用站点。"Title" 仅在 "Windows" 7.0 及更高版本 上受支持。 (https://learn.microsoft.com/dotnet/fundamentals/code-analysis/quality-rules/ca1416) [D:\suo\SleepSightPro\SleepSightPro.csproj]
D:\suo\SleepSightPro\MainForm.cs(2123,13): warning CA1416: 可在所有平台上访问此调用站点。"ChartArea.BorderColor" 仅在 "Windows" 7.0 及更高版本 上受支持。 (https://learn.microsoft.com/dotnet/fundamentals/code-analysis/quality-rules/ca1416) [D:\suo\SleepSightPro\SleepSightPro.csproj]
D:\suo\SleepSightPro\MainForm.cs(2129,9): warning CA1416: 可在所有平台上访问此调用站点。"Axis.MajorGrid" 仅在 "Windows" 7.0 及更高版本 上受支持。 (https://learn.microsoft.com/dotnet/fundamentals/code-analysis/quality-rules/ca1416) [D:\suo\SleepSightPro\SleepSightPro.csproj]
D:\suo\SleepSightPro\MainForm.cs(2146,9): warning CA1416: 可在所有平台上访问此调用站点。"Axis.MajorTickMark" 仅在 "Windows" 7.0 及更高版本 上受支持。 (https://learn.microsoft.com/dotnet/fundamentals/code-analysis/quality-rules/ca1416) [D:\suo\SleepSightPro\SleepSightPro.csproj]
D:\suo\SleepSightPro\MainForm.cs(2130,9): warning CA1416: 可在所有平台上访问此调用站点。"Axis.MinorGrid" 仅在 "Windows" 7.0 及更高版本 上受支持。 (https://learn.microsoft.com/dotnet/fundamentals/code-analysis/quality-rules/ca1416) [D:\suo\SleepSightPro\SleepSightPro.csproj]
D:\suo\SleepSightPro\MainForm.cs(2132,9): warning CA1416: 可在所有平台上访问此调用站点。"ChartArea.AxisX" 仅在 "Windows" 7.0 及更高版本 上受支持。 (https://learn.microsoft.com/dotnet/fundamentals/code-analysis/quality-rules/ca1416) [D:\suo\SleepSightPro\SleepSightPro.csproj]
D:\suo\SleepSightPro\MainForm.cs(2136,9): warning CA1416: 可在所有平台上访问此调用站点。"Chart.ChartAreas" 仅在 "Windows" 7.0 及更高版本 上受支持。 (https://learn.microsoft.com/dotnet/fundamentals/code-analysis/quality-rules/ca1416) [D:\suo\SleepSightPro\SleepSightPro.csproj]
D:\suo\SleepSightPro\MainForm.cs(2172,9): warning CA1416: 可在所有平台上访问此调用站点。"Chart.Palette" 仅在 "Windows" 7.0 及更高版本 上受支持。 (https://learn.microsoft.com/dotnet/fundamentals/code-analysis/quality-rules/ca1416) [D:\suo\SleepSightPro\SleepSightPro.csproj]
D:\suo\SleepSightPro\MainForm.cs(2165,13): warning CA1416: 可在所有平台上访问此调用站点。"Series.ShadowOffset" 仅在 "Windows" 7.0 及更高版本 上受支持。 (https://learn.microsoft.com/dotnet/fundamentals/code-analysis/quality-rules/ca1416) [D:\suo\SleepSightPro\SleepSightPro.csproj]
D:\suo\SleepSightPro\MainForm.cs(2141,9): warning CA1416: 可在所有平台上访问此调用站点。"Axis.MajorGrid" 仅在 "Windows" 7.0 及更高版本 上受支持。 (https://learn.microsoft.com/dotnet/fundamentals/code-analysis/quality-rules/ca1416) [D:\suo\SleepSightPro\SleepSightPro.csproj]
D:\suo\SleepSightPro\MainForm.cs(2155,13): warning CA1416: 可在所有平台上访问此调用站点。"StripLine.IntervalOffset" 仅在 "Windows" 7.0 及更高版本 上受支持。 (https://learn.microsoft.com/dotnet/fundamentals/code-analysis/quality-rules/ca1416) [D:\suo\SleepSightPro\SleepSightPro.csproj]
D:\suo\SleepSightPro\MainForm.cs(2178,34): warning CA1416: 可在所有平台上访问此调用站点。"FontStyle.Bold" 仅在 "windows" 6.1 及更高版本 上受支持。 (https://learn.microsoft.com/dotnet/fundamentals/code-analysis/quality-rules/ca1416) [D:\suo\SleepSightPro\SleepSightPro.csproj]
D:\suo\SleepSightPro\MainForm.cs(2168,9): warning CA1416: 可在所有平台上访问此调用站点。"Chart.Series" 仅在 "Windows" 7.0 及更高版本 上受支持。 (https://learn.microsoft.com/dotnet/fundamentals/code-analysis/quality-rules/ca1416) [D:\suo\SleepSightPro\SleepSightPro.csproj]
D:\suo\SleepSightPro\MainForm.cs(2130,9): warning CA1416: 可在所有平台上访问此调用站点。"Grid.Enabled" 仅在 "Windows" 7.0 及更高版本 上受支持。 (https://learn.microsoft.com/dotnet/fundamentals/code-analysis/quality-rules/ca1416) [D:\suo\SleepSightPro\SleepSightPro.csproj]
D:\suo\SleepSightPro\MainForm.cs(2129,9): warning CA1416: 可在所有平台上访问此调用站点。"Grid.Enabled" 仅在 "Windows" 7.0 及更高版本 上受支持。 (https://learn.microsoft.com/dotnet/fundamentals/code-analysis/quality-rules/ca1416) [D:\suo\SleepSightPro\SleepSightPro.csproj]
D:\suo\SleepSightPro\MainForm.cs(2143,9): warning CA1416: 可在所有平台上访问此调用站点。"Axis.LabelStyle" 仅在 "Windows" 7.0 及更高版本 上受支持。 (https://learn.microsoft.com/dotnet/fundamentals/code-analysis/quality-rules/ca1416) [D:\suo\SleepSightPro\SleepSightPro.csproj]
D:\suo\SleepSightPro\MainForm.cs(2144,9): warning CA1416: 可在所有平台上访问此调用站点。"Axis.LabelStyle" 仅在 "Windows" 7.0 及更高版本 上受支持。 (https://learn.microsoft.com/dotnet/fundamentals/code-analysis/quality-rules/ca1416) [D:\suo\SleepSightPro\SleepSightPro.csproj]
D:\suo\SleepSightPro\MainForm.cs(2128,9): warning CA1416: 可在所有平台上访问此调用站点。"ChartArea.AxisX" 仅在 "Windows" 7.0 及更高版本 上受支持。 (https://learn.microsoft.com/dotnet/fundamentals/code-analysis/quality-rules/ca1416) [D:\suo\SleepSightPro\SleepSightPro.csproj]
D:\suo\SleepSightPro\MainForm.cs(2132,9): warning CA1416: 可在所有平台上访问此调用站点。"Grid.Enabled" 仅在 "Windows" 7.0 及更高版本 上受支持。 (https://learn.microsoft.com/dotnet/fundamentals/code-analysis/quality-rules/ca1416) [D:\suo\SleepSightPro\SleepSightPro.csproj]
D:\suo\SleepSightPro\MainForm.cs(2177,26): warning CA1416: 可在所有平台上访问此调用站点。"Title" 仅在 "Windows" 7.0 及更高版本 上受支持。 (https://learn.microsoft.com/dotnet/fundamentals/code-analysis/quality-rules/ca1416) [D:\suo\SleepSightPro\SleepSightPro.csproj]
D:\suo\SleepSightPro\MainForm.cs(2129,9): warning CA1416: 可在所有平台上访问此调用站点。"ChartArea.AxisX" 仅在 "Windows" 7.0 及更高版本 上受支持。 (https://learn.microsoft.com/dotnet/fundamentals/code-analysis/quality-rules/ca1416) [D:\suo\SleepSightPro\SleepSightPro.csproj]
D:\suo\SleepSightPro\MainForm.cs(2150,23): warning CA1416: 可在所有平台上访问此调用站点。"StripLine" 仅在 "Windows" 7.0 及更高版本 上受支持。 (https://learn.microsoft.com/dotnet/fundamentals/code-analysis/quality-rules/ca1416) [D:\suo\SleepSightPro\SleepSightPro.csproj]
D:\suo\SleepSightPro\MainForm.cs(2131,9): warning CA1416: 可在所有平台上访问此调用站点。"Axis.LabelStyle" 仅在 "Windows" 7.0 及更高版本 上受支持。 (https://learn.microsoft.com/dotnet/fundamentals/code-analysis/quality-rules/ca1416) [D:\suo\SleepSightPro\SleepSightPro.csproj]
D:\suo\SleepSightPro\MainForm.cs(2137,9): warning CA1416: 可在所有平台上访问此调用站点。"ChartArea" 仅在 "Windows" 7.0 及更高版本 上受支持。 (https://learn.microsoft.com/dotnet/fundamentals/code-analysis/quality-rules/ca1416) [D:\suo\SleepSightPro\SleepSightPro.csproj]
D:\suo\SleepSightPro\MainForm.cs(2178,13): warning CA1416: 可在所有平台上访问此调用站点。"Font" 仅在 "windows" 6.1 及更高版本 上受支持。 (https://learn.microsoft.com/dotnet/fundamentals/code-analysis/quality-rules/ca1416) [D:\suo\SleepSightPro\SleepSightPro.csproj]
D:\suo\SleepSightPro\MainForm.cs(2140,9): warning CA1416: 可在所有平台上访问此调用站点。"Axis.LineColor" 仅在 "Windows" 7.0 及更高版本 上受支持。 (https://learn.microsoft.com/dotnet/fundamentals/code-analysis/quality-rules/ca1416) [D:\suo\SleepSightPro\SleepSightPro.csproj]
D:\suo\SleepSightPro\MainForm.cs(2127,9): warning CA1416: 可在所有平台上访问此调用站点。"ChartArea.AxisX" 仅在 "Windows" 7.0 及更高版本 上受支持。 (https://learn.microsoft.com/dotnet/fundamentals/code-analysis/quality-rules/ca1416) [D:\suo\SleepSightPro\SleepSightPro.csproj]
D:\suo\SleepSightPro\MainForm.cs(2120,20): warning CA1416: 可在所有平台上访问此调用站点。"ChartArea" 仅在 "Windows" 7.0 及更高版本 上受支持。 (https://learn.microsoft.com/dotnet/fundamentals/code-analysis/quality-rules/ca1416) [D:\suo\SleepSightPro\SleepSightPro.csproj]
D:\suo\SleepSightPro\MainForm.cs(2141,9): warning CA1416: 可在所有平台上访问此调用站点。"ChartArea.AxisY" 仅在 "Windows" 7.0 及更高版本 上受支持。 (https://learn.microsoft.com/dotnet/fundamentals/code-analysis/quality-rules/ca1416) [D:\suo\SleepSightPro\SleepSightPro.csproj]
D:\suo\SleepSightPro\MainForm.cs(2176,9): warning CA1416: 可在所有平台上访问此调用站点。"Title" 仅在 "Windows" 7.0 及更高版本 上受支持。 (https://learn.microsoft.com/dotnet/fundamentals/code-analysis/quality-rules/ca1416) [D:\suo\SleepSightPro\SleepSightPro.csproj]
D:\suo\SleepSightPro\MainForm.cs(2144,38): warning CA1416: 可在所有平台上访问此调用站点。"Font" 仅在 "windows" 6.1 及更高版本 上受支持。 (https://learn.microsoft.com/dotnet/fundamentals/code-analysis/quality-rules/ca1416) [D:\suo\SleepSightPro\SleepSightPro.csproj]
D:\suo\SleepSightPro\MainForm.cs(2128,9): warning CA1416: 可在所有平台上访问此调用站点。"Axis.Maximum" 仅在 "Windows" 7.0 及更高版本 上受支持。 (https://learn.microsoft.com/dotnet/fundamentals/code-analysis/quality-rules/ca1416) [D:\suo\SleepSightPro\SleepSightPro.csproj]
D:\suo\SleepSightPro\MainForm.cs(2145,9): warning CA1416: 可在所有平台上访问此调用站点。"ChartArea.AxisY" 仅在 "Windows" 7.0 及更高版本 上受支持。 (https://learn.microsoft.com/dotnet/fundamentals/code-analysis/quality-rules/ca1416) [D:\suo\SleepSightPro\SleepSightPro.csproj]
D:\suo\SleepSightPro\MainForm.cs(2140,9): warning CA1416: 可在所有平台上访问此调用站点。"ChartArea.AxisY" 仅在 "Windows" 7.0 及更高版本 上受支持。 (https://learn.microsoft.com/dotnet/fundamentals/code-analysis/quality-rules/ca1416) [D:\suo\SleepSightPro\SleepSightPro.csproj]
D:\suo\SleepSightPro\MainForm.cs(2134,9): warning CA1416: 可在所有平台上访问此调用站点。"ChartArea.AxisY" 仅在 "Windows" 7.0 及更高版本 上受支持。 (https://learn.microsoft.com/dotnet/fundamentals/code-analysis/quality-rules/ca1416) [D:\suo\SleepSightPro\SleepSightPro.csproj]
D:\suo\SleepSightPro\MainForm.cs(2131,9): warning CA1416: 可在所有平台上访问此调用站点。"ChartArea.AxisX" 仅在 "Windows" 7.0 及更高版本 上受支持。 (https://learn.microsoft.com/dotnet/fundamentals/code-analysis/quality-rules/ca1416) [D:\suo\SleepSightPro\SleepSightPro.csproj]
D:\suo\SleepSightPro\MainForm.cs(2152,13): warning CA1416: 可在所有平台上访问此调用站点。"StripLine.BackColor" 仅在 "Windows" 7.0 及更高版本 上受支持。 (https://learn.microsoft.com/dotnet/fundamentals/code-analysis/quality-rules/ca1416) [D:\suo\SleepSightPro\SleepSightPro.csproj]
D:\suo\SleepSightPro\MainForm.cs(2163,13): warning CA1416: 可在所有平台上访问此调用站点。"DataPointCustomProperties.Color" 仅在 "Windows" 7.0 及更高版本 上受支持。 (https://learn.microsoft.com/dotnet/fundamentals/code-analysis/quality-rules/ca1416) [D:\suo\SleepSightPro\SleepSightPro.csproj]
D:\suo\SleepSightPro\MainForm.cs(2154,13): warning CA1416: 可在所有平台上访问此调用站点。"StripLine.Interval" 仅在 "Windows" 7.0 及更高版本 上受支持。 (https://learn.microsoft.com/dotnet/fundamentals/code-analysis/quality-rules/ca1416) [D:\suo\SleepSightPro\SleepSightPro.csproj]
D:\suo\SleepSightPro\MainForm.cs(2130,9): warning CA1416: 可在所有平台上访问此调用站点。"ChartArea.AxisX" 仅在 "Windows" 7.0 及更高版本 上受支持。 (https://learn.microsoft.com/dotnet/fundamentals/code-analysis/quality-rules/ca1416) [D:\suo\SleepSightPro\SleepSightPro.csproj]
D:\suo\SleepSightPro\MainForm.cs(2173,9): warning CA1416: 可在所有平台上访问此调用站点。"Chart.AntiAliasing" 仅在 "Windows" 7.0 及更高版本 上受支持。 (https://learn.microsoft.com/dotnet/fundamentals/code-analysis/quality-rules/ca1416) [D:\suo\SleepSightPro\SleepSightPro.csproj]
D:\suo\SleepSightPro\MainForm.cs(2171,9): warning CA1416: 可在所有平台上访问此调用站点。"Chart.BackColor" 仅在 "Windows" 7.0 及更高版本 上受支持。 (https://learn.microsoft.com/dotnet/fundamentals/code-analysis/quality-rules/ca1416) [D:\suo\SleepSightPro\SleepSightPro.csproj]
D:\suo\SleepSightPro\MainForm.cs(2144,9): warning CA1416: 可在所有平台上访问此调用站点。"ChartArea.AxisY" 仅在 "Windows" 7.0 及更高版本 上受支持。 (https://learn.microsoft.com/dotnet/fundamentals/code-analysis/quality-rules/ca1416) [D:\suo\SleepSightPro\SleepSightPro.csproj]
D:\suo\SleepSightPro\MainForm.cs(2146,9): warning CA1416: 可在所有平台上访问此调用站点。"ChartArea.AxisY" 仅在 "Windows" 7.0 及更高版本 上受支持。 (https://learn.microsoft.com/dotnet/fundamentals/code-analysis/quality-rules/ca1416) [D:\suo\SleepSightPro\SleepSightPro.csproj]
D:\suo\SleepSightPro\MainForm.cs(2127,9): warning CA1416: 可在所有平台上访问此调用站点。"Axis.Minimum" 仅在 "Windows" 7.0 及更高版本 上受支持。 (https://learn.microsoft.com/dotnet/fundamentals/code-analysis/quality-rules/ca1416) [D:\suo\SleepSightPro\SleepSightPro.csproj]
D:\suo\SleepSightPro\MainForm.cs(2143,9): warning CA1416: 可在所有平台上访问此调用站点。"ChartArea.AxisY" 仅在 "Windows" 7.0 及更高版本 上受支持。 (https://learn.microsoft.com/dotnet/fundamentals/code-analysis/quality-rules/ca1416) [D:\suo\SleepSightPro\SleepSightPro.csproj]
D:\suo\SleepSightPro\MainForm.cs(2164,13): warning CA1416: 可在所有平台上访问此调用站点。"DataPointCustomProperties.BorderWidth" 仅在 "Windows" 7.0 及更高版本 上受支持。 (https://learn.microsoft.com/dotnet/fundamentals/code-analysis/quality-rules/ca1416) [D:\suo\SleepSightPro\SleepSightPro.csproj]
D:\suo\SleepSightPro\MainForm.cs(2177,43): warning CA1416: 可在所有平台上访问此调用站点。"Docking.Top" 仅在 "Windows" 7.0 及更高版本 上受支持。 (https://learn.microsoft.com/dotnet/fundamentals/code-analysis/quality-rules/ca1416) [D:\suo\SleepSightPro\SleepSightPro.csproj]
D:\suo\SleepSightPro\MainForm.cs(2141,9): warning CA1416: 可在所有平台上访问此调用站点。"Grid.LineColor" 仅在 "Windows" 7.0 及更高版本 上受支持。 (https://learn.microsoft.com/dotnet/fundamentals/code-analysis/quality-rules/ca1416) [D:\suo\SleepSightPro\SleepSightPro.csproj]
D:\suo\SleepSightPro\MainForm.cs(2143,9): warning CA1416: 可在所有平台上访问此调用站点。"LabelStyle.ForeColor" 仅在 "Windows" 7.0 及更高版本 上受支持。 (https://learn.microsoft.com/dotnet/fundamentals/code-analysis/quality-rules/ca1416) [D:\suo\SleepSightPro\SleepSightPro.csproj]
D:\suo\SleepSightPro\MainForm.cs(2122,13): warning CA1416: 可在所有平台上访问此调用站点。"ChartArea.BackColor" 仅在 "Windows" 7.0 及更高版本 上受支持。 (https://learn.microsoft.com/dotnet/fundamentals/code-analysis/quality-rules/ca1416) [D:\suo\SleepSightPro\SleepSightPro.csproj]
D:\suo\SleepSightPro\MainForm.cs(2157,9): warning CA1416: 可在所有平台上访问此调用站点。"ChartArea.AxisY" 仅在 "Windows" 7.0 及更高版本 上受支持。 (https://learn.microsoft.com/dotnet/fundamentals/code-analysis/quality-rules/ca1416) [D:\suo\SleepSightPro\SleepSightPro.csproj]
D:\suo\SleepSightPro\MainForm.cs(2144,9): warning CA1416: 可在所有平台上访问此调用站点。"LabelStyle.Font" 仅在 "Windows" 7.0 及更高版本 上受支持。 (https://learn.microsoft.com/dotnet/fundamentals/code-analysis/quality-rules/ca1416) [D:\suo\SleepSightPro\SleepSightPro.csproj]
D:\suo\SleepSightPro\MainForm.cs(2147,9): warning CA1416: 可在所有平台上访问此调用站点。"Axis.LineColor" 仅在 "Windows" 7.0 及更高版本 上受支持。 (https://learn.microsoft.com/dotnet/fundamentals/code-analysis/quality-rules/ca1416) [D:\suo\SleepSightPro\SleepSightPro.csproj]
D:\suo\SleepSightPro\MainForm.cs(2137,9): warning CA1416: 可在所有平台上访问此调用站点。"Chart.ChartAreas" 仅在 "Windows" 7.0 及更高版本 上受支持。 (https://learn.microsoft.com/dotnet/fundamentals/code-analysis/quality-rules/ca1416) [D:\suo\SleepSightPro\SleepSightPro.csproj]
D:\suo\SleepSightPro\MainForm.cs(2134,9): warning CA1416: 可在所有平台上访问此调用站点。"Axis.Maximum" 仅在 "Windows" 7.0 及更高版本 上受支持。 (https://learn.microsoft.com/dotnet/fundamentals/code-analysis/quality-rules/ca1416) [D:\suo\SleepSightPro\SleepSightPro.csproj]
D:\suo\SleepSightPro\MainForm.cs(2142,9): warning CA1416: 可在所有平台上访问此调用站点。"ChartArea.AxisY" 仅在 "Windows" 7.0 及更高版本 上受支持。 (https://learn.microsoft.com/dotnet/fundamentals/code-analysis/quality-rules/ca1416) [D:\suo\SleepSightPro\SleepSightPro.csproj]
D:\suo\SleepSightPro\MainForm.cs(2167,9): warning CA1416: 可在所有平台上访问此调用站点。"Series" 仅在 "Windows" 7.0 及更高版本 上受支持。 (https://learn.microsoft.com/dotnet/fundamentals/code-analysis/quality-rules/ca1416) [D:\suo\SleepSightPro\SleepSightPro.csproj]
D:\suo\SleepSightPro\MainForm.cs(2177,9): warning CA1416: 可在所有平台上访问此调用站点。"Chart.Titles" 仅在 "Windows" 7.0 及更高版本 上受支持。 (https://learn.microsoft.com/dotnet/fundamentals/code-analysis/quality-rules/ca1416) [D:\suo\SleepSightPro\SleepSightPro.csproj]
D:\suo\SleepSightPro\MainForm.cs(2131,9): warning CA1416: 可在所有平台上访问此调用站点。"LabelStyle.Enabled" 仅在 "Windows" 7.0 及更高版本 上受支持。 (https://learn.microsoft.com/dotnet/fundamentals/code-analysis/quality-rules/ca1416) [D:\suo\SleepSightPro\SleepSightPro.csproj]
D:\suo\SleepSightPro\MainForm.cs(2227,21): warning CA1416: 可在所有平台上访问此调用站点。"Series.Points" 仅在 "Windows" 7.0 及更高版本 上受支持。 (https://learn.microsoft.com/dotnet/fundamentals/code-analysis/quality-rules/ca1416) [D:\suo\SleepSightPro\SleepSightPro.csproj]
D:\suo\SleepSightPro\MainForm.cs(2215,9): warning CA1416: 可在所有平台上访问此调用站点。"Series.Points" 仅在 "Windows" 7.0 及更高版本 上受支持。 (https://learn.microsoft.com/dotnet/fundamentals/code-analysis/quality-rules/ca1416) [D:\suo\SleepSightPro\SleepSightPro.csproj]
D:\suo\SleepSightPro\MainForm.cs(2236,9): warning CA1416: 可在所有平台上访问此调用站点。"Chart.Invalidate()" 仅在 "Windows" 7.0 及更高版本 上受支持。 (https://learn.microsoft.com/dotnet/fundamentals/code-analysis/quality-rules/ca1416) [D:\suo\SleepSightPro\SleepSightPro.csproj]
D:\suo\SleepSightPro\MainForm.cs(2232,13): warning CA1416: 可在所有平台上访问此调用站点。"Series.Points" 仅在 "Windows" 7.0 及更高版本 上受支持。 (https://learn.microsoft.com/dotnet/fundamentals/code-analysis/quality-rules/ca1416) [D:\suo\SleepSightPro\SleepSightPro.csproj]
D:\suo\SleepSightPro\MainForm.cs(2222,21): warning CA1416: 可在所有平台上访问此调用站点。"Series.Points" 仅在 "Windows" 7.0 及更高版本 上受支持。 (https://learn.microsoft.com/dotnet/fundamentals/code-analysis/quality-rules/ca1416) [D:\suo\SleepSightPro\SleepSightPro.csproj]
D:\suo\SleepSightPro\MainForm.cs(2232,13): warning CA1416: 可在所有平台上访问此调用站点。"DataPoint" 仅在 "Windows" 7.0 及更高版本 上受支持。 (https://learn.microsoft.com/dotnet/fundamentals/code-analysis/quality-rules/ca1416) [D:\suo\SleepSightPro\SleepSightPro.csproj]
D:\suo\SleepSightPro\MainForm.cs(2232,13): warning CA1416: 可在所有平台上访问此调用站点。"ChartElementCollection<DataPoint>.ResumeUpdates()" 仅在 "Windows" 7.0 及更高版本 上受支持。 (https://learn.microsoft.com/dotnet/fundamentals/code-analysis/quality-rules/ca1416) [D:\suo\SleepSightPro\SleepSightPro.csproj]
D:\suo\SleepSightPro\MainForm.cs(2215,9): warning CA1416: 可在所有平台上访问此调用站点。"DataPoint" 仅在 "Windows" 7.0 及更高版本 上受支持。 (https://learn.microsoft.com/dotnet/fundamentals/code-analysis/quality-rules/ca1416) [D:\suo\SleepSightPro\SleepSightPro.csproj]
D:\suo\SleepSightPro\MainForm.cs(2215,9): warning CA1416: 可在所有平台上访问此调用站点。"ChartElementCollection<DataPoint>.SuspendUpdates()" 仅在 "Windows" 7.0 及更高版本 上受支持。 (https://learn.microsoft.com/dotnet/fundamentals/code-analysis/quality-rules/ca1416) [D:\suo\SleepSightPro\SleepSightPro.csproj]
D:\suo\SleepSightPro\MainForm.cs(2227,21): warning CA1416: 可在所有平台上访问此调用站点。"DataPoint" 仅在 "Windows" 7.0 及更高版本 上受支持。 (https://learn.microsoft.com/dotnet/fundamentals/code-analysis/quality-rules/ca1416) [D:\suo\SleepSightPro\SleepSightPro.csproj]
D:\suo\SleepSightPro\MainForm.cs(2219,17): warning CA1416: 可在所有平台上访问此调用站点。"Series.Points" 仅在 "Windows" 7.0 及更高版本 上受支持。 (https://learn.microsoft.com/dotnet/fundamentals/code-analysis/quality-rules/ca1416) [D:\suo\SleepSightPro\SleepSightPro.csproj]
D:\suo\SleepSightPro\MainForm.cs(2222,21): warning CA1416: 可在所有平台上访问此调用站点。"DataPointCollection.AddXY(double, double)" 仅在 "Windows" 7.0 及更高版本 上受支持。 (https://learn.microsoft.com/dotnet/fundamentals/code-analysis/quality-rules/ca1416) [D:\suo\SleepSightPro\SleepSightPro.csproj]
D:\suo\SleepSightPro\MainForm.cs(2227,21): warning CA1416: 可在所有平台上访问此调用站点。"DataPoint.SetValueXY(double, double)" 仅在 "Windows" 7.0 及更高版本 上受支持。 (https://learn.microsoft.com/dotnet/fundamentals/code-analysis/quality-rules/ca1416) [D:\suo\SleepSightPro\SleepSightPro.csproj]
D:\suo\SleepSightPro\MainForm.cs(2219,17): warning CA1416: 可在所有平台上访问此调用站点。"DataPoint" 仅在 "Windows" 7.0 及更高版本 上受支持。 (https://learn.microsoft.com/dotnet/fundamentals/code-analysis/quality-rules/ca1416) [D:\suo\SleepSightPro\SleepSightPro.csproj]
D:\suo\SleepSightPro\MainForm.cs(2213,22): warning CA1416: 可在所有平台上访问此调用站点。"Series" 仅在 "Windows" 7.0 及更高版本 上受支持。 (https://learn.microsoft.com/dotnet/fundamentals/code-analysis/quality-rules/ca1416) [D:\suo\SleepSightPro\SleepSightPro.csproj]
D:\suo\SleepSightPro\MainForm.cs(2213,22): warning CA1416: 可在所有平台上访问此调用站点。"ChartNamedElementCollection<Series>.this[string]" 仅在 "Windows" 7.0 及更高版本 上受支持。 (https://learn.microsoft.com/dotnet/fundamentals/code-analysis/quality-rules/ca1416) [D:\suo\SleepSightPro\SleepSightPro.csproj]
D:\suo\SleepSightPro\MainForm.cs(2212,30): warning CA1416: 可在所有平台上访问此调用站点。"Control.IsDisposed" 仅在 "windows" 6.1 及更高版本 上受支持。 (https://learn.microsoft.com/dotnet/fundamentals/code-analysis/quality-rules/ca1416) [D:\suo\SleepSightPro\SleepSightPro.csproj]
D:\suo\SleepSightPro\MainForm.cs(2213,22): warning CA1416: 可在所有平台上访问此调用站点。"Chart.Series" 仅在 "Windows" 7.0 及更高版本 上受支持。 (https://learn.microsoft.com/dotnet/fundamentals/code-analysis/quality-rules/ca1416) [D:\suo\SleepSightPro\SleepSightPro.csproj]
D:\suo\SleepSightPro\MainForm.cs(2271,9): warning CA1416: 可在所有平台上访问此调用站点。"Label" 仅在 "windows" 6.1 及更高版本 上受支持。 (https://learn.microsoft.com/dotnet/fundamentals/code-analysis/quality-rules/ca1416) [D:\suo\SleepSightPro\SleepSightPro.csproj]
D:\suo\SleepSightPro\MainForm.cs(2273,9): warning CA1416: 可在所有平台上访问此调用站点。"Label" 仅在 "windows" 6.1 及更高版本 上受支持。 (https://learn.microsoft.com/dotnet/fundamentals/code-analysis/quality-rules/ca1416) [D:\suo\SleepSightPro\SleepSightPro.csproj]
D:\suo\SleepSightPro\MainForm.cs(2272,9): warning CA1416: 可在所有平台上访问此调用站点。"Label" 仅在 "windows" 6.1 及更高版本 上受支持。 (https://learn.microsoft.com/dotnet/fundamentals/code-analysis/quality-rules/ca1416) [D:\suo\SleepSightPro\SleepSightPro.csproj]
D:\suo\SleepSightPro\MainForm.cs(2270,9): warning CA1416: 可在所有平台上访问此调用站点。"Label" 仅在 "windows" 6.1 及更高版本 上受支持。 (https://learn.microsoft.com/dotnet/fundamentals/code-analysis/quality-rules/ca1416) [D:\suo\SleepSightPro\SleepSightPro.csproj]
D:\suo\SleepSightPro\MainForm.cs(2274,9): warning CA1416: 可在所有平台上访问此调用站点。"Label" 仅在 "windows" 6.1 及更高版本 上受支持。 (https://learn.microsoft.com/dotnet/fundamentals/code-analysis/quality-rules/ca1416) [D:\suo\SleepSightPro\SleepSightPro.csproj]
D:\suo\SleepSightPro\MainForm.cs(2246,36): warning CA1416: 可在所有平台上访问此调用站点。"DrawItemEventArgs.Index" 仅在 "windows" 6.1 及更高版本 上受支持。 (https://learn.microsoft.com/dotnet/fundamentals/code-analysis/quality-rules/ca1416) [D:\suo\SleepSightPro\SleepSightPro.csproj]
D:\suo\SleepSightPro\MainForm.cs(2245,17): warning CA1416: 可在所有平台上访问此调用站点。"DrawItemEventArgs.Graphics" 仅在 "windows" 6.1 及更高版本 上受支持。 (https://learn.microsoft.com/dotnet/fundamentals/code-analysis/quality-rules/ca1416) [D:\suo\SleepSightPro\SleepSightPro.csproj]
D:\suo\SleepSightPro\MainForm.cs(2247,38): warning CA1416: 可在所有平台上访问此调用站点。"DrawItemEventArgs.Index" 仅在 "windows" 6.1 及更高版本 上受支持。 (https://learn.microsoft.com/dotnet/fundamentals/code-analysis/quality-rules/ca1416) [D:\suo\SleepSightPro\SleepSightPro.csproj]
D:\suo\SleepSightPro\MainForm.cs(2248,38): warning CA1416: 可在所有平台上访问此调用站点。"TabControl.SelectedIndex" 仅在 "windows" 6.1 及更高版本 上受支持。 (https://learn.microsoft.com/dotnet/fundamentals/code-analysis/quality-rules/ca1416) [D:\suo\SleepSightPro\SleepSightPro.csproj]
D:\suo\SleepSightPro\MainForm.cs(2246,23): warning CA1416: 可在所有平台上访问此调用站点。"TabControl.TabPageCollection.this[int]" 仅在 "windows" 6.1 及更高版本 上受支持。 (https://learn.microsoft.com/dotnet/fundamentals/code-analysis/quality-rules/ca1416) [D:\suo\SleepSightPro\SleepSightPro.csproj]
D:\suo\SleepSightPro\MainForm.cs(2251,9): warning CA1416: 可在所有平台上访问此调用站点。"Graphics.FillRectangle(Brush, Rectangle)" 仅在 "windows" 6.1 及更高版本 上受支持。 (https://learn.microsoft.com/dotnet/fundamentals/code-analysis/quality-rules/ca1416) [D:\suo\SleepSightPro\SleepSightPro.csproj]
D:\suo\SleepSightPro\MainForm.cs(2255,35): warning CA1416: 可在所有平台上访问此调用站点。"Pen" 仅在 "windows" 6.1 及更高版本 上受支持。 (https://learn.microsoft.com/dotnet/fundamentals/code-analysis/quality-rules/ca1416) [D:\suo\SleepSightPro\SleepSightPro.csproj]
D:\suo\SleepSightPro\MainForm.cs(2261,48): warning CA1416: 可在所有平台上访问此调用站点。"TextFormatFlags.VerticalCenter" 仅在 "windows" 6.1 及更高版本 上受支持。 (https://learn.microsoft.com/dotnet/fundamentals/code-analysis/quality-rules/ca1416) [D:\suo\SleepSightPro\SleepSightPro.csproj]
D:\suo\SleepSightPro\MainForm.cs(2256,13): warning CA1416: 可在所有平台上访问此调用站点。"Graphics.DrawLine(Pen, int, int, int, int)" 仅在 "windows" 6.1 及更高版本 上受支持。 (https://learn.microsoft.com/dotnet/fundamentals/code-analysis/quality-rules/ca1416) [D:\suo\SleepSightPro\SleepSightPro.csproj]
D:\suo\SleepSightPro\MainForm.cs(2247,23): warning CA1416: 可在所有平台上访问此调用站点。"TabControl.GetTabRect(int)" 仅在 "windows" 6.1 及更高版本 上受支持。 (https://learn.microsoft.com/dotnet/fundamentals/code-analysis/quality-rules/ca1416) [D:\suo\SleepSightPro\SleepSightPro.csproj]
D:\suo\SleepSightPro\MainForm.cs(2248,27): warning CA1416: 可在所有平台上访问此调用站点。"DrawItemEventArgs.Index" 仅在 "windows" 6.1 及更高版本 上受支持。 (https://learn.microsoft.com/dotnet/fundamentals/code-analysis/quality-rules/ca1416) [D:\suo\SleepSightPro\SleepSightPro.csproj]
D:\suo\SleepSightPro\MainForm.cs(2261,13): warning CA1416: 可在所有平台上访问此调用站点。"TextFormatFlags.HorizontalCenter" 仅在 "windows" 6.1 及更高版本 上受支持。 (https://learn.microsoft.com/dotnet/fundamentals/code-analysis/quality-rules/ca1416) [D:\suo\SleepSightPro\SleepSightPro.csproj]
D:\suo\SleepSightPro\MainForm.cs(2246,23): warning CA1416: 可在所有平台上访问此调用站点。"TabControl.TabPages" 仅在 "windows" 6.1 及更高版本 上受支持。 (https://learn.microsoft.com/dotnet/fundamentals/code-analysis/quality-rules/ca1416) [D:\suo\SleepSightPro\SleepSightPro.csproj]
D:\suo\SleepSightPro\MainForm.cs(2246,23): warning CA1416: 可在所有平台上访问此调用站点。"TabPage.Text" 仅在 "windows" 6.1 及更高版本 上受支持。 (https://learn.microsoft.com/dotnet/fundamentals/code-analysis/quality-rules/ca1416) [D:\suo\SleepSightPro\SleepSightPro.csproj]
D:\suo\SleepSightPro\MainForm.cs(2259,9): warning CA1416: 可在所有平台上访问此调用站点。"TextRenderer.DrawText(IDeviceContext, string?, Font?, Rectangle, Color, TextFormatFlags)" 仅在 "windows" 6.1 及更高版本 上受支持。 (https://learn.microsoft.com/dotnet/fundamentals/code-analysis/quality-rules/ca1416) [D:\suo\SleepSightPro\SleepSightPro.csproj]
D:\suo\SleepSightPro\MainForm.cs(2259,43): warning CA1416: 可在所有平台上访问此调用站点。"Control.Font" 仅在 "windows" 6.1 及更高版本 上受支持。 (https://learn.microsoft.com/dotnet/fundamentals/code-analysis/quality-rules/ca1416) [D:\suo\SleepSightPro\SleepSightPro.csproj]
D:\suo\SleepSightPro\MainForm.cs(2250,29): warning CA1416: 可在所有平台上访问此调用站点。"SolidBrush" 仅在 "windows" 6.1 及更高版本 上受支持。 (https://learn.microsoft.com/dotnet/fundamentals/code-analysis/quality-rules/ca1416) [D:\suo\SleepSightPro\SleepSightPro.csproj]
D:\suo\SleepSightPro\MainForm.cs(2303,9): warning CA1416: 可在所有平台上访问此调用站点。"Button" 仅在 "windows" 6.1 及更高版本 上受支持。 (https://learn.microsoft.com/dotnet/fundamentals/code-analysis/quality-rules/ca1416) [D:\suo\SleepSightPro\SleepSightPro.csproj]
D:\suo\SleepSightPro\MainForm.cs(2318,9): warning CA1416: 可在所有平台上访问此调用站点。"Button" 仅在 "windows" 6.1 及更高版本 上受支持。 (https://learn.microsoft.com/dotnet/fundamentals/code-analysis/quality-rules/ca1416) [D:\suo\SleepSightPro\SleepSightPro.csproj]
D:\suo\SleepSightPro\MainForm.cs(2351,9): warning CA1416: 可在所有平台上访问此调用站点。"Button" 仅在 "windows" 6.1 及更高版本 上受支持。 (https://learn.microsoft.com/dotnet/fundamentals/code-analysis/quality-rules/ca1416) [D:\suo\SleepSightPro\SleepSightPro.csproj]
D:\suo\SleepSightPro\MainForm.cs(2331,9): warning CA1416: 可在所有平台上访问此调用站点。"Button" 仅在 "windows" 6.1 及更高版本 上受支持。 (https://learn.microsoft.com/dotnet/fundamentals/code-analysis/quality-rules/ca1416) [D:\suo\SleepSightPro\SleepSightPro.csproj]
D:\suo\SleepSightPro\MainForm.cs(2332,9): warning CA1416: 可在所有平台上访问此调用站点。"Button" 仅在 "windows" 6.1 及更高版本 上受支持。 (https://learn.microsoft.com/dotnet/fundamentals/code-analysis/quality-rules/ca1416) [D:\suo\SleepSightPro\SleepSightPro.csproj]
D:\suo\SleepSightPro\MainForm.cs(2325,9): warning CA1416: 可在所有平台上访问此调用站点。"Button" 仅在 "windows" 6.1 及更高版本 上受支持。 (https://learn.microsoft.com/dotnet/fundamentals/code-analysis/quality-rules/ca1416) [D:\suo\SleepSightPro\SleepSightPro.csproj]
D:\suo\SleepSightPro\MainForm.cs(2341,9): warning CA1416: 可在所有平台上访问此调用站点。"Button" 仅在 "windows" 6.1 及更高版本 上受支持。 (https://learn.microsoft.com/dotnet/fundamentals/code-analysis/quality-rules/ca1416) [D:\suo\SleepSightPro\SleepSightPro.csproj]
D:\suo\SleepSightPro\MainForm.cs(2310,9): warning CA1416: 可在所有平台上访问此调用站点。"Button" 仅在 "windows" 6.1 及更高版本 上受支持。 (https://learn.microsoft.com/dotnet/fundamentals/code-analysis/quality-rules/ca1416) [D:\suo\SleepSightPro\SleepSightPro.csproj]
D:\suo\SleepSightPro\MainForm.cs(2349,9): warning CA1416: 可在所有平台上访问此调用站点。"Button" 仅在 "windows" 6.1 及更高版本 上受支持。 (https://learn.microsoft.com/dotnet/fundamentals/code-analysis/quality-rules/ca1416) [D:\suo\SleepSightPro\SleepSightPro.csproj]
D:\suo\SleepSightPro\MainForm.cs(2304,9): warning CA1416: 可在所有平台上访问此调用站点。"Button" 仅在 "windows" 6.1 及更高版本 上受支持。 (https://learn.microsoft.com/dotnet/fundamentals/code-analysis/quality-rules/ca1416) [D:\suo\SleepSightPro\SleepSightPro.csproj]
D:\suo\SleepSightPro\MainForm.cs(2342,9): warning CA1416: 可在所有平台上访问此调用站点。"Button" 仅在 "windows" 6.1 及更高版本 上受支持。 (https://learn.microsoft.com/dotnet/fundamentals/code-analysis/quality-rules/ca1416) [D:\suo\SleepSightPro\SleepSightPro.csproj]
D:\suo\SleepSightPro\MainForm.cs(2308,9): warning CA1416: 可在所有平台上访问此调用站点。"Button" 仅在 "windows" 6.1 及更高版本 上受支持。 (https://learn.microsoft.com/dotnet/fundamentals/code-analysis/quality-rules/ca1416) [D:\suo\SleepSightPro\SleepSightPro.csproj]
D:\suo\SleepSightPro\MainForm.cs(2329,9): warning CA1416: 可在所有平台上访问此调用站点。"Button" 仅在 "windows" 6.1 及更高版本 上受支持。 (https://learn.microsoft.com/dotnet/fundamentals/code-analysis/quality-rules/ca1416) [D:\suo\SleepSightPro\SleepSightPro.csproj]
D:\suo\SleepSightPro\MainForm.cs(2314,9): warning CA1416: 可在所有平台上访问此调用站点。"Button" 仅在 "windows" 6.1 及更高版本 上受支持。 (https://learn.microsoft.com/dotnet/fundamentals/code-analysis/quality-rules/ca1416) [D:\suo\SleepSightPro\SleepSightPro.csproj]
D:\suo\SleepSightPro\MainForm.cs(2334,9): warning CA1416: 可在所有平台上访问此调用站点。"Button" 仅在 "windows" 6.1 及更高版本 上受支持。 (https://learn.microsoft.com/dotnet/fundamentals/code-analysis/quality-rules/ca1416) [D:\suo\SleepSightPro\SleepSightPro.csproj]
D:\suo\SleepSightPro\MainForm.cs(2293,9): warning CA1416: 可在所有平台上访问此调用站点。"Button" 仅在 "windows" 6.1 及更高版本 上受支持。 (https://learn.microsoft.com/dotnet/fundamentals/code-analysis/quality-rules/ca1416) [D:\suo\SleepSightPro\SleepSightPro.csproj]
D:\suo\SleepSightPro\MainForm.cs(2305,9): warning CA1416: 可在所有平台上访问此调用站点。"Button" 仅在 "windows" 6.1 及更高版本 上受支持。 (https://learn.microsoft.com/dotnet/fundamentals/code-analysis/quality-rules/ca1416) [D:\suo\SleepSightPro\SleepSightPro.csproj]
D:\suo\SleepSightPro\MainForm.cs(2328,9): warning CA1416: 可在所有平台上访问此调用站点。"Button" 仅在 "windows" 6.1 及更高版本 上受支持。 (https://learn.microsoft.com/dotnet/fundamentals/code-analysis/quality-rules/ca1416) [D:\suo\SleepSightPro\SleepSightPro.csproj]
D:\suo\SleepSightPro\MainForm.cs(2343,9): warning CA1416: 可在所有平台上访问此调用站点。"Button" 仅在 "windows" 6.1 及更高版本 上受支持。 (https://learn.microsoft.com/dotnet/fundamentals/code-analysis/quality-rules/ca1416) [D:\suo\SleepSightPro\SleepSightPro.csproj]
D:\suo\SleepSightPro\MainForm.cs(2288,9): warning CA1416: 可在所有平台上访问此调用站点。"Button" 仅在 "windows" 6.1 及更高版本 上受支持。 (https://learn.microsoft.com/dotnet/fundamentals/code-analysis/quality-rules/ca1416) [D:\suo\SleepSightPro\SleepSightPro.csproj]
D:\suo\SleepSightPro\MainForm.cs(2289,9): warning CA1416: 可在所有平台上访问此调用站点。"Button" 仅在 "windows" 6.1 及更高版本 上受支持。 (https://learn.microsoft.com/dotnet/fundamentals/code-analysis/quality-rules/ca1416) [D:\suo\SleepSightPro\SleepSightPro.csproj]
D:\suo\SleepSightPro\MainForm.cs(2300,9): warning CA1416: 可在所有平台上访问此调用站点。"Button" 仅在 "windows" 6.1 及更高版本 上受支持。 (https://learn.microsoft.com/dotnet/fundamentals/code-analysis/quality-rules/ca1416) [D:\suo\SleepSightPro\SleepSightPro.csproj]
D:\suo\SleepSightPro\MainForm.cs(2301,9): warning CA1416: 可在所有平台上访问此调用站点。"Button" 仅在 "windows" 6.1 及更高版本 上受支持。 (https://learn.microsoft.com/dotnet/fundamentals/code-analysis/quality-rules/ca1416) [D:\suo\SleepSightPro\SleepSightPro.csproj]
D:\suo\SleepSightPro\MainForm.cs(2345,9): warning CA1416: 可在所有平台上访问此调用站点。"Button" 仅在 "windows" 6.1 及更高版本 上受支持。 (https://learn.microsoft.com/dotnet/fundamentals/code-analysis/quality-rules/ca1416) [D:\suo\SleepSightPro\SleepSightPro.csproj]
D:\suo\SleepSightPro\MainForm.cs(2283,9): warning CA1416: 可在所有平台上访问此调用站点。"Button" 仅在 "windows" 6.1 及更高版本 上受支持。 (https://learn.microsoft.com/dotnet/fundamentals/code-analysis/quality-rules/ca1416) [D:\suo\SleepSightPro\SleepSightPro.csproj]
D:\suo\SleepSightPro\MainForm.cs(2321,9): warning CA1416: 可在所有平台上访问此调用站点。"Button" 仅在 "windows" 6.1 及更高版本 上受支持。 (https://learn.microsoft.com/dotnet/fundamentals/code-analysis/quality-rules/ca1416) [D:\suo\SleepSightPro\SleepSightPro.csproj]
D:\suo\SleepSightPro\MainForm.cs(2344,9): warning CA1416: 可在所有平台上访问此调用站点。"Button" 仅在 "windows" 6.1 及更高版本 上受支持。 (https://learn.microsoft.com/dotnet/fundamentals/code-analysis/quality-rules/ca1416) [D:\suo\SleepSightPro\SleepSightPro.csproj]
D:\suo\SleepSightPro\MainForm.cs(2312,9): warning CA1416: 可在所有平台上访问此调用站点。"Button" 仅在 "windows" 6.1 及更高版本 上受支持。 (https://learn.microsoft.com/dotnet/fundamentals/code-analysis/quality-rules/ca1416) [D:\suo\SleepSightPro\SleepSightPro.csproj]
D:\suo\SleepSightPro\MainForm.cs(2296,9): warning CA1416: 可在所有平台上访问此调用站点。"Button" 仅在 "windows" 6.1 及更高版本 上受支持。 (https://learn.microsoft.com/dotnet/fundamentals/code-analysis/quality-rules/ca1416) [D:\suo\SleepSightPro\SleepSightPro.csproj]
D:\suo\SleepSightPro\MainForm.cs(2313,9): warning CA1416: 可在所有平台上访问此调用站点。"Button" 仅在 "windows" 6.1 及更高版本 上受支持。 (https://learn.microsoft.com/dotnet/fundamentals/code-analysis/quality-rules/ca1416) [D:\suo\SleepSightPro\SleepSightPro.csproj]
D:\suo\SleepSightPro\MainForm.cs(2340,9): warning CA1416: 可在所有平台上访问此调用站点。"Button" 仅在 "windows" 6.1 及更高版本 上受支持。 (https://learn.microsoft.com/dotnet/fundamentals/code-analysis/quality-rules/ca1416) [D:\suo\SleepSightPro\SleepSightPro.csproj]
D:\suo\SleepSightPro\MainForm.cs(2338,9): warning CA1416: 可在所有平台上访问此调用站点。"Button" 仅在 "windows" 6.1 及更高版本 上受支持。 (https://learn.microsoft.com/dotnet/fundamentals/code-analysis/quality-rules/ca1416) [D:\suo\SleepSightPro\SleepSightPro.csproj]
D:\suo\SleepSightPro\MainForm.cs(2309,9): warning CA1416: 可在所有平台上访问此调用站点。"Button" 仅在 "windows" 6.1 及更高版本 上受支持。 (https://learn.microsoft.com/dotnet/fundamentals/code-analysis/quality-rules/ca1416) [D:\suo\SleepSightPro\SleepSightPro.csproj]
D:\suo\SleepSightPro\MainForm.cs(2333,9): warning CA1416: 可在所有平台上访问此调用站点。"Button" 仅在 "windows" 6.1 及更高版本 上受支持。 (https://learn.microsoft.com/dotnet/fundamentals/code-analysis/quality-rules/ca1416) [D:\suo\SleepSightPro\SleepSightPro.csproj]
D:\suo\SleepSightPro\MainForm.cs(2315,9): warning CA1416: 可在所有平台上访问此调用站点。"Button" 仅在 "windows" 6.1 及更高版本 上受支持。 (https://learn.microsoft.com/dotnet/fundamentals/code-analysis/quality-rules/ca1416) [D:\suo\SleepSightPro\SleepSightPro.csproj]
D:\suo\SleepSightPro\MainForm.cs(2291,9): warning CA1416: 可在所有平台上访问此调用站点。"Button" 仅在 "windows" 6.1 及更高版本 上受支持。 (https://learn.microsoft.com/dotnet/fundamentals/code-analysis/quality-rules/ca1416) [D:\suo\SleepSightPro\SleepSightPro.csproj]
D:\suo\SleepSightPro\MainForm.cs(2302,9): warning CA1416: 可在所有平台上访问此调用站点。"Button" 仅在 "windows" 6.1 及更高版本 上受支持。 (https://learn.microsoft.com/dotnet/fundamentals/code-analysis/quality-rules/ca1416) [D:\suo\SleepSightPro\SleepSightPro.csproj]
D:\suo\SleepSightPro\MainForm.cs(2285,9): warning CA1416: 可在所有平台上访问此调用站点。"Button" 仅在 "windows" 6.1 及更高版本 上受支持。 (https://learn.microsoft.com/dotnet/fundamentals/code-analysis/quality-rules/ca1416) [D:\suo\SleepSightPro\SleepSightPro.csproj]
D:\suo\SleepSightPro\MainForm.cs(2311,9): warning CA1416: 可在所有平台上访问此调用站点。"Button" 仅在 "windows" 6.1 及更高版本 上受支持。 (https://learn.microsoft.com/dotnet/fundamentals/code-analysis/quality-rules/ca1416) [D:\suo\SleepSightPro\SleepSightPro.csproj]
D:\suo\SleepSightPro\MainForm.cs(2346,9): warning CA1416: 可在所有平台上访问此调用站点。"Button" 仅在 "windows" 6.1 及更高版本 上受支持。 (https://learn.microsoft.com/dotnet/fundamentals/code-analysis/quality-rules/ca1416) [D:\suo\SleepSightPro\SleepSightPro.csproj]
D:\suo\SleepSightPro\MainForm.cs(2339,9): warning CA1416: 可在所有平台上访问此调用站点。"Button" 仅在 "windows" 6.1 及更高版本 上受支持。 (https://learn.microsoft.com/dotnet/fundamentals/code-analysis/quality-rules/ca1416) [D:\suo\SleepSightPro\SleepSightPro.csproj]
D:\suo\SleepSightPro\MainForm.cs(2290,9): warning CA1416: 可在所有平台上访问此调用站点。"Button" 仅在 "windows" 6.1 及更高版本 上受支持。 (https://learn.microsoft.com/dotnet/fundamentals/code-analysis/quality-rules/ca1416) [D:\suo\SleepSightPro\SleepSightPro.csproj]
D:\suo\SleepSightPro\MainForm.cs(2326,9): warning CA1416: 可在所有平台上访问此调用站点。"Button" 仅在 "windows" 6.1 及更高版本 上受支持。 (https://learn.microsoft.com/dotnet/fundamentals/code-analysis/quality-rules/ca1416) [D:\suo\SleepSightPro\SleepSightPro.csproj]
D:\suo\SleepSightPro\MainForm.cs(2319,9): warning CA1416: 可在所有平台上访问此调用站点。"Button" 仅在 "windows" 6.1 及更高版本 上受支持。 (https://learn.microsoft.com/dotnet/fundamentals/code-analysis/quality-rules/ca1416) [D:\suo\SleepSightPro\SleepSightPro.csproj]
D:\suo\SleepSightPro\MainForm.cs(2298,9): warning CA1416: 可在所有平台上访问此调用站点。"Button" 仅在 "windows" 6.1 及更高版本 上受支持。 (https://learn.microsoft.com/dotnet/fundamentals/code-analysis/quality-rules/ca1416) [D:\suo\SleepSightPro\SleepSightPro.csproj]
D:\suo\SleepSightPro\MainForm.cs(2350,9): warning CA1416: 可在所有平台上访问此调用站点。"Button" 仅在 "windows" 6.1 及更高版本 上受支持。 (https://learn.microsoft.com/dotnet/fundamentals/code-analysis/quality-rules/ca1416) [D:\suo\SleepSightPro\SleepSightPro.csproj]
D:\suo\SleepSightPro\MainForm.cs(2284,9): warning CA1416: 可在所有平台上访问此调用站点。"Button" 仅在 "windows" 6.1 及更高版本 上受支持。 (https://learn.microsoft.com/dotnet/fundamentals/code-analysis/quality-rules/ca1416) [D:\suo\SleepSightPro\SleepSightPro.csproj]
D:\suo\SleepSightPro\MainForm.cs(2322,9): warning CA1416: 可在所有平台上访问此调用站点。"Button" 仅在 "windows" 6.1 及更高版本 上受支持。 (https://learn.microsoft.com/dotnet/fundamentals/code-analysis/quality-rules/ca1416) [D:\suo\SleepSightPro\SleepSightPro.csproj]
D:\suo\SleepSightPro\MainForm.cs(2327,9): warning CA1416: 可在所有平台上访问此调用站点。"Button" 仅在 "windows" 6.1 及更高版本 上受支持。 (https://learn.microsoft.com/dotnet/fundamentals/code-analysis/quality-rules/ca1416) [D:\suo\SleepSightPro\SleepSightPro.csproj]
D:\suo\SleepSightPro\MainForm.cs(2337,9): warning CA1416: 可在所有平台上访问此调用站点。"Button" 仅在 "windows" 6.1 及更高版本 上受支持。 (https://learn.microsoft.com/dotnet/fundamentals/code-analysis/quality-rules/ca1416) [D:\suo\SleepSightPro\SleepSightPro.csproj]
D:\suo\SleepSightPro\MainForm.cs(2353,9): warning CA1416: 可在所有平台上访问此调用站点。"Button" 仅在 "windows" 6.1 及更高版本 上受支持。 (https://learn.microsoft.com/dotnet/fundamentals/code-analysis/quality-rules/ca1416) [D:\suo\SleepSightPro\SleepSightPro.csproj]
D:\suo\SleepSightPro\MainForm.cs(2352,9): warning CA1416: 可在所有平台上访问此调用站点。"Button" 仅在 "windows" 6.1 及更高版本 上受支持。 (https://learn.microsoft.com/dotnet/fundamentals/code-analysis/quality-rules/ca1416) [D:\suo\SleepSightPro\SleepSightPro.csproj]
D:\suo\SleepSightPro\MainForm.cs(2297,9): warning CA1416: 可在所有平台上访问此调用站点。"Button" 仅在 "windows" 6.1 及更高版本 上受支持。 (https://learn.microsoft.com/dotnet/fundamentals/code-analysis/quality-rules/ca1416) [D:\suo\SleepSightPro\SleepSightPro.csproj]
D:\suo\SleepSightPro\MainForm.cs(2330,9): warning CA1416: 可在所有平台上访问此调用站点。"Button" 仅在 "windows" 6.1 及更高版本 上受支持。 (https://learn.microsoft.com/dotnet/fundamentals/code-analysis/quality-rules/ca1416) [D:\suo\SleepSightPro\SleepSightPro.csproj]
D:\suo\SleepSightPro\MainForm.cs(2292,9): warning CA1416: 可在所有平台上访问此调用站点。"Button" 仅在 "windows" 6.1 及更高版本 上受支持。 (https://learn.microsoft.com/dotnet/fundamentals/code-analysis/quality-rules/ca1416) [D:\suo\SleepSightPro\SleepSightPro.csproj]
D:\suo\SleepSightPro\MainForm.cs(2320,9): warning CA1416: 可在所有平台上访问此调用站点。"Button" 仅在 "windows" 6.1 及更高版本 上受支持。 (https://learn.microsoft.com/dotnet/fundamentals/code-analysis/quality-rules/ca1416) [D:\suo\SleepSightPro\SleepSightPro.csproj]
D:\suo\SleepSightPro\MainForm.cs(2299,9): warning CA1416: 可在所有平台上访问此调用站点。"Button" 仅在 "windows" 6.1 及更高版本 上受支持。 (https://learn.microsoft.com/dotnet/fundamentals/code-analysis/quality-rules/ca1416) [D:\suo\SleepSightPro\SleepSightPro.csproj]
D:\suo\SleepSightPro\MainForm.cs(2455,13): warning CA1416: 可在所有平台上访问此调用站点。"GroupBox" 仅在 "windows" 6.1 及更高版本 上受支持。 (https://learn.microsoft.com/dotnet/fundamentals/code-analysis/quality-rules/ca1416) [D:\suo\SleepSightPro\SleepSightPro.csproj]
D:\suo\SleepSightPro\MainForm.cs(2456,13): warning CA1416: 可在所有平台上访问此调用站点。"GroupBox.Text" 仅在 "windows" 6.1 及更高版本 上受支持。 (https://learn.microsoft.com/dotnet/fundamentals/code-analysis/quality-rules/ca1416) [D:\suo\SleepSightPro\SleepSightPro.csproj]
D:\suo\SleepSightPro\MainForm.cs(2461,13): warning CA1416: 可在所有平台上访问此调用站点。"Label" 仅在 "windows" 6.1 及更高版本 上受支持。 (https://learn.microsoft.com/dotnet/fundamentals/code-analysis/quality-rules/ca1416) [D:\suo\SleepSightPro\SleepSightPro.csproj]
D:\suo\SleepSightPro\MainForm.cs(2462,13): warning CA1416: 可在所有平台上访问此调用站点。"Label.Text" 仅在 "windows" 6.1 及更高版本 上受支持。 (https://learn.microsoft.com/dotnet/fundamentals/code-analysis/quality-rules/ca1416) [D:\suo\SleepSightPro\SleepSightPro.csproj]
D:\suo\SleepSightPro\MainForm.cs(2468,13): warning CA1416: 可在所有平台上访问此调用站点。"ButtonBase.Text" 仅在 "windows" 6.1 及更高版本 上受支持。 (https://learn.microsoft.com/dotnet/fundamentals/code-analysis/quality-rules/ca1416) [D:\suo\SleepSightPro\SleepSightPro.csproj]
D:\suo\SleepSightPro\MainForm.cs(2467,13): warning CA1416: 可在所有平台上访问此调用站点。"Button" 仅在 "windows" 6.1 及更高版本 上受支持。 (https://learn.microsoft.com/dotnet/fundamentals/code-analysis/quality-rules/ca1416) [D:\suo\SleepSightPro\SleepSightPro.csproj]
D:\suo\SleepSightPro\MainForm.cs(2478,32): warning CA1416: 可在所有平台上访问此调用站点。"Bitmap" 仅在 "windows" 6.1 及更高版本 上受支持。 (https://learn.microsoft.com/dotnet/fundamentals/code-analysis/quality-rules/ca1416) [D:\suo\SleepSightPro\SleepSightPro.csproj]
D:\suo\SleepSightPro\MainForm.cs(2484,13): warning CA1416: 可在所有平台上访问此调用站点。"MessageBox.Show(string?, string?, MessageBoxButtons, MessageBoxIcon)" 仅在 "windows" 6.1 及更高版本 上受支持。 (https://learn.microsoft.com/dotnet/fundamentals/code-analysis/quality-rules/ca1416) [D:\suo\SleepSightPro\SleepSightPro.csproj]
D:\suo\SleepSightPro\MainForm.cs(2478,43): warning CA1416: 可在所有平台上访问此调用站点。"Control.Width" 仅在 "windows" 6.1 及更高版本 上受支持。 (https://learn.microsoft.com/dotnet/fundamentals/code-analysis/quality-rules/ca1416) [D:\suo\SleepSightPro\SleepSightPro.csproj]
D:\suo\SleepSightPro\MainForm.cs(2485,41): warning CA1416: 可在所有平台上访问此调用站点。"MessageBoxButtons.OK" 仅在 "windows" 6.1 及更高版本 上受支持。 (https://learn.microsoft.com/dotnet/fundamentals/code-analysis/quality-rules/ca1416) [D:\suo\SleepSightPro\SleepSightPro.csproj]
D:\suo\SleepSightPro\MainForm.cs(2485,63): warning CA1416: 可在所有平台上访问此调用站点。"MessageBoxIcon.Error" 仅在 "windows" 6.1 及更高版本 上受支持。 (https://learn.microsoft.com/dotnet/fundamentals/code-analysis/quality-rules/ca1416) [D:\suo\SleepSightPro\SleepSightPro.csproj]
D:\suo\SleepSightPro\MainForm.cs(2480,13): warning CA1416: 可在所有平台上访问此调用站点。"Clipboard.SetImage(Image)" 仅在 "windows" 6.1 及更高版本 上受支持。 (https://learn.microsoft.com/dotnet/fundamentals/code-analysis/quality-rules/ca1416) [D:\suo\SleepSightPro\SleepSightPro.csproj]
D:\suo\SleepSightPro\MainForm.cs(2478,55): warning CA1416: 可在所有平台上访问此调用站点。"Control.Height" 仅在 "windows" 6.1 及更高版本 上受支持。 (https://learn.microsoft.com/dotnet/fundamentals/code-analysis/quality-rules/ca1416) [D:\suo\SleepSightPro\SleepSightPro.csproj]
D:\suo\SleepSightPro\MainForm.cs(2479,59): warning CA1416: 可在所有平台上访问此调用站点。"Control.Width" 仅在 "windows" 6.1 及更高版本 上受支持。 (https://learn.microsoft.com/dotnet/fundamentals/code-analysis/quality-rules/ca1416) [D:\suo\SleepSightPro\SleepSightPro.csproj]
D:\suo\SleepSightPro\MainForm.cs(2479,13): warning CA1416: 可在所有平台上访问此调用站点。"Control.DrawToBitmap(Bitmap, Rectangle)" 仅在 "windows" 6.1 及更高版本 上受支持。 (https://learn.microsoft.com/dotnet/fundamentals/code-analysis/quality-rules/ca1416) [D:\suo\SleepSightPro\SleepSightPro.csproj]
D:\suo\SleepSightPro\MainForm.cs(2479,71): warning CA1416: 可在所有平台上访问此调用站点。"Control.Height" 仅在 "windows" 6.1 及更高版本 上受支持。 (https://learn.microsoft.com/dotnet/fundamentals/code-analysis/quality-rules/ca1416) [D:\suo\SleepSightPro\SleepSightPro.csproj]
D:\suo\SleepSightPro\MainForm.cs(2442,35): warning CA1416: 可在所有平台上访问此调用站点。"ButtonBase.Text" 仅在 "windows" 6.1 及更高版本 上受支持。 (https://learn.microsoft.com/dotnet/fundamentals/code-analysis/quality-rules/ca1416) [D:\suo\SleepSightPro\SleepSightPro.csproj]
D:\suo\SleepSightPro\MainForm.cs(2432,13): warning CA1416: 可在所有平台上访问此调用站点。"ListView.Columns" 仅在 "windows" 6.1 及更高版本 上受支持。 (https://learn.microsoft.com/dotnet/fundamentals/code-analysis/quality-rules/ca1416) [D:\suo\SleepSightPro\SleepSightPro.csproj]
D:\suo\SleepSightPro\MainForm.cs(2436,32): warning CA1416: 可在所有平台上访问此调用站点。"TabControl.TabPageCollection.Count" 仅在 "windows" 6.1 及更高版本 上受支持。 (https://learn.microsoft.com/dotnet/fundamentals/code-analysis/quality-rules/ca1416) [D:\suo\SleepSightPro\SleepSightPro.csproj]
D:\suo\SleepSightPro\MainForm.cs(2433,13): warning CA1416: 可在所有平台上访问此调用站点。"ColumnHeader.Text" 仅在 "windows" 6.1 及更高版本 上受支持。 (https://learn.microsoft.com/dotnet/fundamentals/code-analysis/quality-rules/ca1416) [D:\suo\SleepSightPro\SleepSightPro.csproj]
D:\suo\SleepSightPro\MainForm.cs(2428,13): warning CA1416: 可在所有平台上访问此调用站点。"ListView.Columns" 仅在 "windows" 6.1 及更高版本 上受支持。 (https://learn.microsoft.com/dotnet/fundamentals/code-analysis/quality-rules/ca1416) [D:\suo\SleepSightPro\SleepSightPro.csproj]
D:\suo\SleepSightPro\MainForm.cs(2420,9): warning CA1416: 可在所有平台上访问此调用站点。"ToolStripItem.Text" 仅在 "windows" 6.1 及更高版本 上受支持。 (https://learn.microsoft.com/dotnet/fundamentals/code-analysis/quality-rules/ca1416) [D:\suo\SleepSightPro\SleepSightPro.csproj]
D:\suo\SleepSightPro\MainForm.cs(2359,9): warning CA1416: 可在所有平台上访问此调用站点。"TabControl.TabPages" 仅在 "windows" 6.1 及更高版本 上受支持。 (https://learn.microsoft.com/dotnet/fundamentals/code-analysis/quality-rules/ca1416) [D:\suo\SleepSightPro\SleepSightPro.csproj]
D:\suo\SleepSightPro\MainForm.cs(2430,13): warning CA1416: 可在所有平台上访问此调用站点。"ListView.ColumnHeaderCollection.this[int]" 仅在 "windows" 6.1 及更高版本 上受支持。 (https://learn.microsoft.com/dotnet/fundamentals/code-analysis/quality-rules/ca1416) [D:\suo\SleepSightPro\SleepSightPro.csproj]
D:\suo\SleepSightPro\MainForm.cs(2436,32): warning CA1416: 可在所有平台上访问此调用站点。"TabControl.TabPages" 仅在 "windows" 6.1 及更高版本 上受支持。 (https://learn.microsoft.com/dotnet/fundamentals/code-analysis/quality-rules/ca1416) [D:\suo\SleepSightPro\SleepSightPro.csproj]
D:\suo\SleepSightPro\MainForm.cs(2359,9): warning CA1416: 可在所有平台上访问此调用站点。"TabControl.TabPageCollection.this[int]" 仅在 "windows" 6.1 及更高版本 上受支持。 (https://learn.microsoft.com/dotnet/fundamentals/code-analysis/quality-rules/ca1416) [D:\suo\SleepSightPro\SleepSightPro.csproj]
D:\suo\SleepSightPro\MainForm.cs(2361,9): warning CA1416: 可在所有平台上访问此调用站点。"TabControl.TabPageCollection.this[int]" 仅在 "windows" 6.1 及更高版本 上受支持。 (https://learn.microsoft.com/dotnet/fundamentals/code-analysis/quality-rules/ca1416) [D:\suo\SleepSightPro\SleepSightPro.csproj]
D:\suo\SleepSightPro\MainForm.cs(2358,9): warning CA1416: 可在所有平台上访问此调用站点。"TabControl.TabPages" 仅在 "windows" 6.1 及更高版本 上受支持。 (https://learn.microsoft.com/dotnet/fundamentals/code-analysis/quality-rules/ca1416) [D:\suo\SleepSightPro\SleepSightPro.csproj]
D:\suo\SleepSightPro\MainForm.cs(2439,13): warning CA1416: 可在所有平台上访问此调用站点。"TabControl.TabPageCollection.this[int]" 仅在 "windows" 6.1 及更高版本 上受支持。 (https://learn.microsoft.com/dotnet/fundamentals/code-analysis/quality-rules/ca1416) [D:\suo\SleepSightPro\SleepSightPro.csproj]
D:\suo\SleepSightPro\MainForm.cs(2361,9): warning CA1416: 可在所有平台上访问此调用站点。"TabPage.Text" 仅在 "windows" 6.1 及更高版本 上受支持。 (https://learn.microsoft.com/dotnet/fundamentals/code-analysis/quality-rules/ca1416) [D:\suo\SleepSightPro\SleepSightPro.csproj]
D:\suo\SleepSightPro\MainForm.cs(2422,9): warning CA1416: 可在所有平台上访问此调用站点。"ToolStripItem.Text" 仅在 "windows" 6.1 及更高版本 上受支持。 (https://learn.microsoft.com/dotnet/fundamentals/code-analysis/quality-rules/ca1416) [D:\suo\SleepSightPro\SleepSightPro.csproj]
D:\suo\SleepSightPro\MainForm.cs(2428,13): warning CA1416: 可在所有平台上访问此调用站点。"ListView.ColumnHeaderCollection.this[int]" 仅在 "windows" 6.1 及更高版本 上受支持。 (https://learn.microsoft.com/dotnet/fundamentals/code-analysis/quality-rules/ca1416) [D:\suo\SleepSightPro\SleepSightPro.csproj]
D:\suo\SleepSightPro\MainForm.cs(2391,9): warning CA1416: 可在所有平台上访问此调用站点。"Label.Text" 仅在 "windows" 6.1 及更高版本 上受支持。 (https://learn.microsoft.com/dotnet/fundamentals/code-analysis/quality-rules/ca1416) [D:\suo\SleepSightPro\SleepSightPro.csproj]
D:\suo\SleepSightPro\MainForm.cs(2438,13): warning CA1416: 可在所有平台上访问此调用站点。"TabControl.TabPageCollection.this[int]" 仅在 "windows" 6.1 及更高版本 上受支持。 (https://learn.microsoft.com/dotnet/fundamentals/code-analysis/quality-rules/ca1416) [D:\suo\SleepSightPro\SleepSightPro.csproj]
D:\suo\SleepSightPro\MainForm.cs(2359,9): warning CA1416: 可在所有平台上访问此调用站点。"TabPage.Text" 仅在 "windows" 6.1 及更高版本 上受支持。 (https://learn.microsoft.com/dotnet/fundamentals/code-analysis/quality-rules/ca1416) [D:\suo\SleepSightPro\SleepSightPro.csproj]
D:\suo\SleepSightPro\MainForm.cs(2430,13): warning CA1416: 可在所有平台上访问此调用站点。"ListView.Columns" 仅在 "windows" 6.1 及更高版本 上受支持。 (https://learn.microsoft.com/dotnet/fundamentals/code-analysis/quality-rules/ca1416) [D:\suo\SleepSightPro\SleepSightPro.csproj]
D:\suo\SleepSightPro\MainForm.cs(2429,13): warning CA1416: 可在所有平台上访问此调用站点。"ListView.Columns" 仅在 "windows" 6.1 及更高版本 上受支持。 (https://learn.microsoft.com/dotnet/fundamentals/code-analysis/quality-rules/ca1416) [D:\suo\SleepSightPro\SleepSightPro.csproj]
D:\suo\SleepSightPro\MainForm.cs(2426,37): warning CA1416: 可在所有平台上访问此调用站点。"ListView.ColumnHeaderCollection.Count" 仅在 "windows" 6.1 及更高版本 上受支持。 (https://learn.microsoft.com/dotnet/fundamentals/code-analysis/quality-rules/ca1416) [D:\suo\SleepSightPro\SleepSightPro.csproj]
D:\suo\SleepSightPro\MainForm.cs(2416,9): warning CA1416: 可在所有平台上访问此调用站点。"ButtonBase.Text" 仅在 "windows" 6.1 及更高版本 上受支持。 (https://learn.microsoft.com/dotnet/fundamentals/code-analysis/quality-rules/ca1416) [D:\suo\SleepSightPro\SleepSightPro.csproj]
D:\suo\SleepSightPro\MainForm.cs(2438,13): warning CA1416: 可在所有平台上访问此调用站点。"TabPage.Text" 仅在 "windows" 6.1 及更高版本 上受支持。 (https://learn.microsoft.com/dotnet/fundamentals/code-analysis/quality-rules/ca1416) [D:\suo\SleepSightPro\SleepSightPro.csproj]
D:\suo\SleepSightPro\MainForm.cs(2433,13): warning CA1416: 可在所有平台上访问此调用站点。"ListView.Columns" 仅在 "windows" 6.1 及更高版本 上受支持。 (https://learn.microsoft.com/dotnet/fundamentals/code-analysis/quality-rules/ca1416) [D:\suo\SleepSightPro\SleepSightPro.csproj]
D:\suo\SleepSightPro\MainForm.cs(2361,9): warning CA1416: 可在所有平台上访问此调用站点。"TabControl.TabPages" 仅在 "windows" 6.1 及更高版本 上受支持。 (https://learn.microsoft.com/dotnet/fundamentals/code-analysis/quality-rules/ca1416) [D:\suo\SleepSightPro\SleepSightPro.csproj]
D:\suo\SleepSightPro\MainForm.cs(2429,13): warning CA1416: 可在所有平台上访问此调用站点。"ListView.ColumnHeaderCollection.this[int]" 仅在 "windows" 6.1 及更高版本 上受支持。 (https://learn.microsoft.com/dotnet/fundamentals/code-analysis/quality-rules/ca1416) [D:\suo\SleepSightPro\SleepSightPro.csproj]
D:\suo\SleepSightPro\MainForm.cs(2426,37): warning CA1416: 可在所有平台上访问此调用站点。"ListView.Columns" 仅在 "windows" 6.1 及更高版本 上受支持。 (https://learn.microsoft.com/dotnet/fundamentals/code-analysis/quality-rules/ca1416) [D:\suo\SleepSightPro\SleepSightPro.csproj]
D:\suo\SleepSightPro\MainForm.cs(2429,13): warning CA1416: 可在所有平台上访问此调用站点。"ColumnHeader.Text" 仅在 "windows" 6.1 及更高版本 上受支持。 (https://learn.microsoft.com/dotnet/fundamentals/code-analysis/quality-rules/ca1416) [D:\suo\SleepSightPro\SleepSightPro.csproj]
D:\suo\SleepSightPro\MainForm.cs(2358,9): warning CA1416: 可在所有平台上访问此调用站点。"TabPage.Text" 仅在 "windows" 6.1 及更高版本 上受支持。 (https://learn.microsoft.com/dotnet/fundamentals/code-analysis/quality-rules/ca1416) [D:\suo\SleepSightPro\SleepSightPro.csproj]
D:\suo\SleepSightPro\MainForm.cs(2431,13): warning CA1416: 可在所有平台上访问此调用站点。"ListView.Columns" 仅在 "windows" 6.1 及更高版本 上受支持。 (https://learn.microsoft.com/dotnet/fundamentals/code-analysis/quality-rules/ca1416) [D:\suo\SleepSightPro\SleepSightPro.csproj]
D:\suo\SleepSightPro\MainForm.cs(2432,13): warning CA1416: 可在所有平台上访问此调用站点。"ColumnHeader.Text" 仅在 "windows" 6.1 及更高版本 上受支持。 (https://learn.microsoft.com/dotnet/fundamentals/code-analysis/quality-rules/ca1416) [D:\suo\SleepSightPro\SleepSightPro.csproj]
D:\suo\SleepSightPro\MainForm.cs(2430,13): warning CA1416: 可在所有平台上访问此调用站点。"ColumnHeader.Text" 仅在 "windows" 6.1 及更高版本 上受支持。 (https://learn.microsoft.com/dotnet/fundamentals/code-analysis/quality-rules/ca1416) [D:\suo\SleepSightPro\SleepSightPro.csproj]
D:\suo\SleepSightPro\MainForm.cs(2439,13): warning CA1416: 可在所有平台上访问此调用站点。"TabControl.TabPages" 仅在 "windows" 6.1 及更高版本 上受支持。 (https://learn.microsoft.com/dotnet/fundamentals/code-analysis/quality-rules/ca1416) [D:\suo\SleepSightPro\SleepSightPro.csproj]
D:\suo\SleepSightPro\MainForm.cs(2418,13): warning CA1416: 可在所有平台上访问此调用站点。"ToolStripItem.Text" 仅在 "windows" 6.1 及更高版本 上受支持。 (https://learn.microsoft.com/dotnet/fundamentals/code-analysis/quality-rules/ca1416) [D:\suo\SleepSightPro\SleepSightPro.csproj]
D:\suo\SleepSightPro\MainForm.cs(2358,9): warning CA1416: 可在所有平台上访问此调用站点。"TabControl.TabPageCollection.this[int]" 仅在 "windows" 6.1 及更高版本 上受支持。 (https://learn.microsoft.com/dotnet/fundamentals/code-analysis/quality-rules/ca1416) [D:\suo\SleepSightPro\SleepSightPro.csproj]
D:\suo\SleepSightPro\MainForm.cs(2390,9): warning CA1416: 可在所有平台上访问此调用站点。"Label.Text" 仅在 "windows" 6.1 及更高版本 上受支持。 (https://learn.microsoft.com/dotnet/fundamentals/code-analysis/quality-rules/ca1416) [D:\suo\SleepSightPro\SleepSightPro.csproj]
D:\suo\SleepSightPro\MainForm.cs(2439,13): warning CA1416: 可在所有平台上访问此调用站点。"TabPage.Text" 仅在 "windows" 6.1 及更高版本 上受支持。 (https://learn.microsoft.com/dotnet/fundamentals/code-analysis/quality-rules/ca1416) [D:\suo\SleepSightPro\SleepSightPro.csproj]
D:\suo\SleepSightPro\MainForm.cs(2432,13): warning CA1416: 可在所有平台上访问此调用站点。"ListView.ColumnHeaderCollection.this[int]" 仅在 "windows" 6.1 及更高版本 上受支持。 (https://learn.microsoft.com/dotnet/fundamentals/code-analysis/quality-rules/ca1416) [D:\suo\SleepSightPro\SleepSightPro.csproj]
D:\suo\SleepSightPro\MainForm.cs(2360,9): warning CA1416: 可在所有平台上访问此调用站点。"TabControl.TabPages" 仅在 "windows" 6.1 及更高版本 上受支持。 (https://learn.microsoft.com/dotnet/fundamentals/code-analysis/quality-rules/ca1416) [D:\suo\SleepSightPro\SleepSightPro.csproj]
D:\suo\SleepSightPro\MainForm.cs(2438,13): warning CA1416: 可在所有平台上访问此调用站点。"TabControl.TabPages" 仅在 "windows" 6.1 及更高版本 上受支持。 (https://learn.microsoft.com/dotnet/fundamentals/code-analysis/quality-rules/ca1416) [D:\suo\SleepSightPro\SleepSightPro.csproj]
D:\suo\SleepSightPro\MainForm.cs(2431,13): warning CA1416: 可在所有平台上访问此调用站点。"ColumnHeader.Text" 仅在 "windows" 6.1 及更高版本 上受支持。 (https://learn.microsoft.com/dotnet/fundamentals/code-analysis/quality-rules/ca1416) [D:\suo\SleepSightPro\SleepSightPro.csproj]
D:\suo\SleepSightPro\MainForm.cs(2360,9): warning CA1416: 可在所有平台上访问此调用站点。"TabControl.TabPageCollection.this[int]" 仅在 "windows" 6.1 及更高版本 上受支持。 (https://learn.microsoft.com/dotnet/fundamentals/code-analysis/quality-rules/ca1416) [D:\suo\SleepSightPro\SleepSightPro.csproj]
D:\suo\SleepSightPro\MainForm.cs(2360,9): warning CA1416: 可在所有平台上访问此调用站点。"TabPage.Text" 仅在 "windows" 6.1 及更高版本 上受支持。 (https://learn.microsoft.com/dotnet/fundamentals/code-analysis/quality-rules/ca1416) [D:\suo\SleepSightPro\SleepSightPro.csproj]
D:\suo\SleepSightPro\MainForm.cs(2431,13): warning CA1416: 可在所有平台上访问此调用站点。"ListView.ColumnHeaderCollection.this[int]" 仅在 "windows" 6.1 及更高版本 上受支持。 (https://learn.microsoft.com/dotnet/fundamentals/code-analysis/quality-rules/ca1416) [D:\suo\SleepSightPro\SleepSightPro.csproj]
D:\suo\SleepSightPro\MainForm.cs(2389,9): warning CA1416: 可在所有平台上访问此调用站点。"Form.Text" 仅在 "windows" 6.1 及更高版本 上受支持。 (https://learn.microsoft.com/dotnet/fundamentals/code-analysis/quality-rules/ca1416) [D:\suo\SleepSightPro\SleepSightPro.csproj]
D:\suo\SleepSightPro\MainForm.cs(2433,13): warning CA1416: 可在所有平台上访问此调用站点。"ListView.ColumnHeaderCollection.this[int]" 仅在 "windows" 6.1 及更高版本 上受支持。 (https://learn.microsoft.com/dotnet/fundamentals/code-analysis/quality-rules/ca1416) [D:\suo\SleepSightPro\SleepSightPro.csproj]
D:\suo\SleepSightPro\MainForm.cs(2428,13): warning CA1416: 可在所有平台上访问此调用站点。"ColumnHeader.Text" 仅在 "windows" 6.1 及更高版本 上受支持。 (https://learn.microsoft.com/dotnet/fundamentals/code-analysis/quality-rules/ca1416) [D:\suo\SleepSightPro\SleepSightPro.csproj]
    574 个警告
    0 个错误

已用时间 00:00:02.22
